{
  "meta": {
    "jobname": "ax6",
    "ccx_version": "2.21-multisolver",
    "solver": "SPOOLES",
    "num_threads": 1,
    "success": true,
    "exit_code": 0,
    "timings": {
      "total_wall_time_s": 0.135765
    },
    "mesh_statistics": {
      "nodes": 340,
      "elements": 32,
      "equations": 167
    }
  },
  "steps": [
    {
      "step_number": 1,
      "type": "STATIC",
      "converged": true,
      "increments": [
        {
          "increment_number": 1,
          "step_time": 1.0,
          "total_time": 0.0,
          "node_sets": {
            "NALLN_U": {
              "set": "NALLN",
              "field": "U",
              "nodes": [
                1,
                2,
                3,
                4,
                5,
                6,
                7,
                8,
                9,
                10,
                11,
                12,
                13,
                14,
                15,
                16,
                17,
                18,
                19,
                20,
                21,
                22,
                23,
                24,
                25,
                26,
                27,
                28,
                29,
                30,
                31,
                32,
                33,
                34,
                35,
                36,
                37,
                38,
                39,
                40,
                41,
                42,
                43,
                44,
                45,
                46,
                47,
                48,
                49,
                50,
                51,
                52,
                53,
                54,
                55,
                56,
                57,
                58,
                59,
                60,
                61,
                62,
                63,
                64,
                65,
                66,
                67,
                68,
                69,
                70,
                71,
                72,
                73,
                74,
                75,
                76,
                77,
                78,
                79,
                80,
                81,
                82,
                83,
                84,
                85
              ],
              "components": [
                "u1",
                "u2",
                "u3"
              ],
              "values": [
                [
                  0.0,
                  8.9601853054e-06,
                  0.0
                ],
                [
                  -1.5998509767e-07,
                  5.5365036732e-06,
                  -9.888928106e-28
                ],
                [
                  -6.0487839791e-06,
                  1.8780987747e-05,
                  3.9383298651e-25
                ],
                [
                  2.4235844535e-07,
                  7.1409219143e-06,
                  0.0
                ],
                [
                  -1.9583477604e-06,
                  1.1808644572e-05,
                  0.0
                ],
                [
                  -3.8350969625e-06,
                  1.2982156302e-05,
                  0.0
                ],
                [
                  -1.3171859063e-07,
                  1.7813747916e-05,
                  -3.1213209174e-27
                ],
                [
                  -5.536622909e-07,
                  1.1290212946e-05,
                  0.0
                ],
                [
                  -2.9810122622e-06,
                  1.8025130807e-05,
                  0.0
                ],
                [
                  -9.0014130048e-06,
                  3.507789905e-05,
                  3.2307994089e-25
                ],
                [
                  -3.778682039e-06,
                  2.5631738364e-05,
                  0.0
                ],
                [
                  -7.6702459341e-06,
                  2.6257700973e-05,
                  0.0
                ],
                [
                  -6.7377675427e-08,
                  3.4312501746e-05,
                  1.0022709472e-27
                ],
                [
                  -8.5774690807e-08,
                  2.5432360907e-05,
                  0.0
                ],
                [
                  -4.4500367671e-06,
                  3.4512036855e-05,
                  0.0
                ],
                [
                  -1.0914544168e-05,
                  5.5659365547e-05,
                  8.5407606473e-25
                ],
                [
                  -4.9922061571e-06,
                  4.4411692946e-05,
                  0.0
                ],
                [
                  -1.0045555428e-05,
                  4.488291719e-05,
                  0.0
                ],
                [
                  -4.79095349e-08,
                  5.5086330937e-05,
                  -4.6635141762e-28
                ],
                [
                  -5.8872395585e-08,
                  4.425764849e-05,
                  0.0
                ],
                [
                  -5.4268176779e-06,
                  5.523407627e-05,
                  0.0
                ],
                [
                  -1.2142258509e-05,
                  7.9193683287e-05,
                  -7.5899465804e-26
                ],
                [
                  -5.7739110313e-06,
                  6.6748767216e-05,
                  0.0
                ],
                [
                  -1.1590437408e-05,
                  6.7108889772e-05,
                  0.0
                ],
                [
                  -3.6234127667e-08,
                  7.8752688724e-05,
                  1.0408893864e-27
                ],
                [
                  -4.284385651e-08,
                  6.6631299576e-05,
                  0.0
                ],
                [
                  -6.0480003524e-06,
                  7.8866333758e-05,
                  0.0
                ],
                [
                  -1.2851889214e-05,
                  0.00010455804071,
                  1.8191028639e-25
                ],
                [
                  -6.2556626321e-06,
                  9.1410085016e-05,
                  0.0
                ],
                [
                  -1.2544312112e-05,
                  9.1687507293e-05,
                  0.0
                ],
                [
                  -2.9435397344e-08,
                  0.00010421883341,
                  -7.6806296401e-28
                ],
                [
                  -3.3435091163e-08,
                  9.1319639011e-05,
                  0.0
                ],
                [
                  -6.4073968839e-06,
                  0.0001043063714,
                  0.0
                ],
                [
                  -1.3147897522e-05,
                  0.0001308598179,
                  3.4424926902e-25
                ],
                [
                  -6.5055038529e-06,
                  0.00011741331478,
                  0.0
                ],
                [
                  -1.3037766844e-05,
                  0.00011762462899,
                  0.0
                ],
                [
                  -2.4647577244e-08,
                  0.00013060290632,
                  2.5355280261e-28
                ],
                [
                  -2.7517179212e-08,
                  0.00011734460701,
                  0.0
                ],
                [
                  -6.558387575e-06,
                  0.00013066960084,
                  0.0
                ],
                [
                  -1.3095629307e-05,
                  0.00015736266203,
                  6.1896793342e-25
                ],
                [
                  -6.5663397542e-06,
                  0.00014395757175,
                  0.0
                ],
                [
                  -1.3154460398e-05,
                  0.0001441135426,
                  0.0
                ],
                [
                  -2.5079722438e-08,
                  0.00015717552083,
                  3.8656638544e-28
                ],
                [
                  -2.4190635217e-08,
                  0.00014390652541,
                  0.0
                ],
                [
                  -6.5357306856e-06,
                  0.00015722534543,
                  0.0
                ],
                [
                  -1.2725957704e-05,
                  0.00018336864036,
                  -1.5915681891e-24
                ],
                [
                  -6.4647889986e-06,
                  0.00017035731062,
                  0.0
                ],
                [
                  -1.2936074666e-05,
                  0.00017046411197,
                  0.0
                ],
                [
                  -2.3604105697e-08,
                  0.00018327749756,
                  2.0013311448e-27
                ],
                [
                  -3.0996565904e-08,
                  0.00017032413408,
                  0.0
                ],
                [
                  -6.3587919754e-06,
                  0.00018328139634,
                  0.0
                ],
                [
                  0.0,
                  0.0,
                  0.0
                ],
                [
                  -2.5294787229e-07,
                  2.9737888043e-06,
                  0.0
                ],
                [
                  9.2299842397e-07,
                  1.0791376242e-05,
                  0.0
                ],
                [
                  5.7805874216e-06,
                  1.8845671032e-05,
                  3.0591861978e-25
                ],
                [
                  4.0942235448e-06,
                  1.1757980448e-05,
                  0.0
                ],
                [
                  2.6133802242e-06,
                  1.8110866147e-05,
                  0.0
                ],
                [
                  3.5751596487e-06,
                  2.5668327928e-05,
                  0.0
                ],
                [
                  8.8458492732e-06,
                  3.5013048683e-05,
                  -3.8798585117e-25
                ],
                [
                  7.469708751e-06,
                  2.6327142539e-05,
                  0.0
                ],
                [
                  4.3077718193e-06,
                  3.4481847208e-05,
                  0.0
                ],
                [
                  4.8700331351e-06,
                  4.4422402752e-05,
                  0.0
                ],
                [
                  1.0816380916e-05,
                  5.561687749e-05,
                  1.901802392e-25
                ],
                [
                  9.9261535323e-06,
                  4.4907022933e-05,
                  0.0
                ],
                [
                  5.3297776363e-06,
                  5.5214007816e-05,
                  0.0
                ],
                [
                  5.6871159821e-06,
                  6.6757159041e-05,
                  0.0
                ],
                [
                  1.2067813591e-05,
                  7.916248257e-05,
                  8.4319875447e-25
                ],
                [
                  1.1506165789e-05,
                  6.7127073e-05,
                  0.0
                ],
                [
                  5.9745502345e-06,
                  7.8851501356e-05,
                  0.0
                ],
                [
                  6.1880830826e-06,
                  9.1416678442e-05,
                  0.0
                ],
                [
                  1.2791844899e-05,
                  0.0001045334072,
                  1.2838339473e-25
                ],
                [
                  1.2478146204e-05,
                  9.1701672874e-05,
                  0.0
                ],
                [
                  6.3479517762e-06,
                  0.00010429456409,
                  0.0
                ],
                [
                  6.4498075404e-06,
                  0.00011741884894,
                  0.0
                ],
                [
                  1.3096417513e-05,
                  0.00013083931751,
                  8.6680606235e-25
                ],
                [
                  1.2982776166e-05,
                  0.000117636295,
                  0.0
                ],
                [
                  6.5081467052e-06,
                  0.00013065961348,
                  0.0
                ],
                [
                  6.5183182164e-06,
                  0.00014396077923,
                  0.0
                ],
                [
                  1.305870147e-05,
                  0.00015733942912,
                  -5.9726107378e-25
                ],
                [
                  1.3108411227e-05,
                  0.0001441213558,
                  0.0
                ],
                [
                  6.4887153293e-06,
                  0.00015721252937,
                  0.0
                ],
                [
                  6.4127976916e-06,
                  0.00017036613164,
                  0.0
                ],
                [
                  1.2808572073e-05,
                  0.00018358919517,
                  -3.0568110515e-24
                ],
                [
                  1.2913209718e-05,
                  0.00017048304186,
                  0.0
                ],
                [
                  6.3462023348e-06,
                  0.00018338317453,
                  0.0
                ]
              ]
            }
          },
          "element_sets": {
            "EALLE_S": {
              "set": "EALLE",
              "field": "S",
              "components": [
                "sxx",
                "syy",
                "szz",
                "sxy",
                "syz",
                "szx"
              ],
              "values": [
                {
                  "element": 1,
                  "s": [
                    -2.0362660728,
                    0.17380044277,
                    -1.975921922,
                    0.34754542988,
                    0.0014051330457,
                    -0.0046983556519
                  ]
                },
                {
                  "element": 2,
                  "s": [
                    -0.92066278442,
                    0.01739630941,
                    -1.1702924961,
                    0.18461562947,
                    -0.0040468726118,
                    -0.002495871215
                  ]
                },
                {
                  "element": 3,
                  "s": [
                    -0.96955733807,
                    0.00061745961681,
                    -1.2777076457,
                    0.086987029731,
                    -0.0042333988957,
                    -0.0011756938328
                  ]
                },
                {
                  "element": 4,
                  "s": [
                    -0.64066157957,
                    -0.02177688385,
                    -0.84535594732,
                    0.081422350388,
                    -0.0029994293547,
                    -0.0011005589823
                  ]
                },
                {
                  "element": 5,
                  "s": [
                    -0.65925643237,
                    0.018561272808,
                    -0.94603988603,
                    0.029250733772,
                    -0.0039048003897,
                    -0.00039506822769
                  ]
                },
                {
                  "element": 6,
                  "s": [
                    -0.44623043813,
                    -0.011634470366,
                    -0.65988690371,
                    0.052591171385,
                    -0.0029835602381,
                    -0.00071068794649
                  ]
                },
                {
                  "element": 7,
                  "s": [
                    -0.46944399103,
                    0.011296302367,
                    -0.75258939039,
                    0.02173616366,
                    -0.0038395983227,
                    -0.00029344242093
                  ]
                },
                {
                  "element": 8,
                  "s": [
                    -0.31689374764,
                    -0.008815284568,
                    -0.53311613368,
                    0.038552092038,
                    -0.0029694661274,
                    -0.00052082851629
                  ]
                },
                {
                  "element": 9,
                  "s": [
                    -0.32975119799,
                    0.0085471303341,
                    -0.61168297683,
                    0.016513912665,
                    -0.0038168830073,
                    -0.00022281917588
                  ]
                },
                {
                  "element": 10,
                  "s": [
                    -0.21836537886,
                    -0.0070210987786,
                    -0.43606606646,
                    0.030353190779,
                    -0.0029658786204,
                    -0.00040994668212
                  ]
                },
                {
                  "element": 11,
                  "s": [
                    -0.21993381989,
                    0.0068298956985,
                    -0.5011415166,
                    0.013318603572,
                    -0.0038038574742,
                    -0.00017961139664
                  ]
                },
                {
                  "element": 12,
                  "s": [
                    -0.13892313761,
                    -0.0058002947424,
                    -0.35750045856,
                    0.024980950052,
                    -0.0029647527232,
                    -0.00033729620594
                  ]
                },
                {
                  "element": 13,
                  "s": [
                    -0.12942635789,
                    0.0056837761971,
                    -0.41016195552,
                    0.011215169749,
                    -0.0037954797161,
                    -0.00015117607208
                  ]
                },
                {
                  "element": 14,
                  "s": [
                    -0.071914024676,
                    -0.0055139403594,
                    -0.29150875136,
                    0.022198523199,
                    -0.0029706310037,
                    -0.00029967169084
                  ]
                },
                {
                  "element": 15,
                  "s": [
                    -0.046934614175,
                    0.0058327227311,
                    -0.33069947344,
                    0.010907023558,
                    -0.0038354096783,
                    -0.00014702292834
                  ]
                },
                {
                  "element": 16,
                  "s": [
                    -0.011729433431,
                    -0.0035698969336,
                    -0.23311692257,
                    0.014955116095,
                    -0.002988935084,
                    -0.00020175040081
                  ]
                },
                {
                  "element": 17,
                  "s": [
                    0.67043807516,
                    1.8396831611,
                    0.40419894501,
                    0.89939907563,
                    -0.0026284625073,
                    -0.012159407162
                  ]
                },
                {
                  "element": 18,
                  "s": [
                    0.7100377792,
                    0.0040103584699,
                    0.55580025315,
                    0.15890332547,
                    -0.0027141048935,
                    -0.0021481610648
                  ]
                },
                {
                  "element": 19,
                  "s": [
                    0.19143095815,
                    -0.055203654617,
                    0.19508138965,
                    0.23047086257,
                    5.651476761e-05,
                    -0.0031156703712
                  ]
                },
                {
                  "element": 20,
                  "s": [
                    0.30972589496,
                    -0.01675451695,
                    0.39644976444,
                    0.1097760272,
                    0.00099352559333,
                    -0.0014839215564
                  ]
                },
                {
                  "element": 21,
                  "s": [
                    0.13729481359,
                    0.0055714381392,
                    0.18215803741,
                    0.11783934924,
                    0.00059864186925,
                    -0.0015928195586
                  ]
                },
                {
                  "element": 22,
                  "s": [
                    0.21092137505,
                    -0.010812157861,
                    0.31508914541,
                    0.072391514885,
                    0.0013330002307,
                    -0.0009784029652
                  ]
                },
                {
                  "element": 23,
                  "s": [
                    0.097724146215,
                    0.0057544265101,
                    0.1486493894,
                    0.079527927533,
                    0.00068558308454,
                    -0.0010748096632
                  ]
                },
                {
                  "element": 24,
                  "s": [
                    0.14801718084,
                    -0.00784665321,
                    0.25631020387,
                    0.053796570182,
                    0.0014298088328,
                    -0.00072694507696
                  ]
                },
                {
                  "element": 25,
                  "s": [
                    0.068509652155,
                    0.0043504536157,
                    0.12178105337,
                    0.060438351857,
                    0.00072020293682,
                    -0.0008166946933
                  ]
                },
                {
                  "element": 26,
                  "s": [
                    0.10016904226,
                    -0.0061823734116,
                    0.21022823173,
                    0.042848677993,
                    0.0014732801318,
                    -0.00057889488423
                  ]
                },
                {
                  "element": 27,
                  "s": [
                    0.045956853115,
                    0.0035711998995,
                    0.10024403503,
                    0.048712881364,
                    0.00073561481264,
                    -0.0006581558267
                  ]
                },
                {
                  "element": 28,
                  "s": [
                    0.061670916741,
                    -0.0050998535897,
                    0.17248758153,
                    0.035599197681,
                    0.0014943572229,
                    -0.00048086263709
                  ]
                },
                {
                  "element": 29,
                  "s": [
                    0.027427230808,
                    0.00328636463,
                    0.082371067988,
                    0.040795971867,
                    0.00074536704502,
                    -0.00055111991344
                  ]
                },
                {
                  "element": 30,
                  "s": [
                    0.027470412791,
                    -0.002673226989,
                    0.14037786468,
                    0.030715955261,
                    0.0015293198536,
                    -0.00041483608194
                  ]
                },
                {
                  "element": 31,
                  "s": [
                    0.0068669351504,
                    0.0017193997681,
                    0.064952192208,
                    0.035245467166,
                    0.00078951575864,
                    -0.00047608951845
                  ]
                },
                {
                  "element": 32,
                  "s": [
                    -0.0060349356646,
                    -0.050725186812,
                    0.096267790164,
                    0.029541058677,
                    0.0013929208754,
                    -0.00039896236132
                  ]
                }
              ]
            }
          }
        }
      ]
    }
  ]
}