{
  "meta": {
    "jobname": "axial",
    "ccx_version": "2.21-multisolver",
    "solver": "SPOOLES",
    "num_threads": 1,
    "success": true,
    "exit_code": 0,
    "timings": {
      "total_wall_time_s": 0.016613
    },
    "mesh_statistics": {
      "nodes": 52,
      "elements": 2,
      "equations": 25
    }
  },
  "steps": [
    {
      "step_number": 1,
      "type": "STATIC",
      "converged": true,
      "increments": [
        {
          "increment_number": 1,
          "step_time": 1.0,
          "total_time": 0.0,
          "node_sets": {
            "NALLN_U": {
              "set": "NALLN",
              "field": "U",
              "nodes": [
                1,
                2,
                3,
                4,
                5,
                6,
                7,
                8,
                9,
                10,
                11,
                12,
                13
              ],
              "components": [
                "u1",
                "u2",
                "u3"
              ],
              "values": [
                [
                  2.9945651702e-05,
                  0.0,
                  -2.2427602062e-24
                ],
                [
                  2.9945651703e-05,
                  9.5399467977e-06,
                  2.1688697331e-24
                ],
                [
                  5.5951606408e-05,
                  8.3114374915e-06,
                  2.679788052e-24
                ],
                [
                  5.5951606407e-05,
                  1.2285093066e-06,
                  -1.731841909e-24
                ],
                [
                  2.9990640654e-05,
                  4.7699733766e-06,
                  0.0
                ],
                [
                  3.9856124139e-05,
                  9.0167116093e-06,
                  0.0
                ],
                [
                  5.6034397564e-05,
                  4.769973382e-06,
                  0.0
                ],
                [
                  3.9856124139e-05,
                  5.2323518711e-07,
                  0.0
                ],
                [
                  6.7854596e-05,
                  5.7145247943e-06,
                  7.1576400541e-24
                ],
                [
                  6.7854596e-05,
                  3.825422005e-06,
                  7.1576400519e-24
                ],
                [
                  6.6778302449e-05,
                  7.2640548535e-06,
                  0.0
                ],
                [
                  6.8047762734e-05,
                  4.7699733944e-06,
                  0.0
                ],
                [
                  6.6778302449e-05,
                  2.2758919447e-06,
                  0.0
                ]
              ]
            }
          },
          "element_sets": {
            "EALLE_S": {
              "set": "EALLE",
              "field": "S",
              "components": [
                "sxx",
                "syy",
                "szz",
                "sxy",
                "syz",
                "szx"
              ],
              "values": [
                {
                  "element": 1,
                  "s": [
                    21.555632651,
                    -2.5331217125e-06,
                    42.438897311,
                    -1.1995381431e-05,
                    0.21889253388,
                    2.018713035e-07
                  ]
                },
                {
                  "element": 2,
                  "s": [
                    18.556870823,
                    3.2023570265e-09,
                    25.683889744,
                    2.5491203385e-06,
                    0.067621456023,
                    1.3472840928e-07
                  ]
                }
              ]
            }
          }
        }
      ]
    }
  ]
}