{
  "meta": {
    "jobname": "beamuamp",
    "ccx_version": "2.21-multisolver",
    "solver": "SPOOLES",
    "num_threads": 1,
    "success": true,
    "exit_code": 0,
    "timings": {
      "total_wall_time_s": 0.333902
    },
    "mesh_statistics": {
      "nodes": 261,
      "elements": 32,
      "equations": 720
    }
  },
  "steps": [
    {
      "step_number": 1,
      "type": "STATIC",
      "converged": true,
      "increments": [
        {
          "increment_number": 1,
          "step_time": 0.5,
          "total_time": 0.0,
          "node_sets": {
            "NALLN_U": {
              "set": "NALLN",
              "field": "U",
              "nodes": [
                1,
                261
              ],
              "components": [
                "u1",
                "u2",
                "u3"
              ],
              "values": [
                [
                  0.0,
                  0.0,
                  0.0
                ],
                [
                  1.602886834e-16,
                  0.01984472489,
                  -3.1847867668e-05
                ]
              ]
            }
          },
          "element_sets": {
            "EALLE_S": {
              "set": "EALLE",
              "field": "S",
              "components": [
                "sxx",
                "syy",
                "szz",
                "sxy",
                "syz",
                "szx"
              ],
              "values": [
                {
                  "element": 1,
                  "s": [
                    15.264608205,
                    15.358056776,
                    84.986447038,
                    -1.9152668218,
                    7.8337588538,
                    2.6935926788
                  ]
                },
                {
                  "element": 2,
                  "s": [
                    14.463010669,
                    14.495684915,
                    82.877850105,
                    -0.559536696,
                    -1.6111914803,
                    6.4748162626
                  ]
                },
                {
                  "element": 3,
                  "s": [
                    -0.3653088039,
                    4.3730062619,
                    -18.890818602,
                    -1.9207828007,
                    -2.1013701259,
                    -1.9773331656
                  ]
                },
                {
                  "element": 4,
                  "s": [
                    -0.18438715931,
                    4.5076587342,
                    -18.342622087,
                    -0.55699312958,
                    0.42655026678,
                    1.841903823
                  ]
                },
                {
                  "element": 5,
                  "s": [
                    1.2971464873,
                    0.0065656569284,
                    72.591859145,
                    1.0015062537,
                    1.1712609225,
                    2.730059374
                  ]
                },
                {
                  "element": 6,
                  "s": [
                    0.94977044947,
                    -0.74246803814,
                    71.051490678,
                    0.61136892073,
                    -0.56653490907,
                    2.2012244223
                  ]
                },
                {
                  "element": 7,
                  "s": [
                    -2.2334142039,
                    -4.553092158,
                    -21.330260197,
                    0.91517713618,
                    -0.28681956236,
                    2.1949278764
                  ]
                },
                {
                  "element": 8,
                  "s": [
                    -2.2614895061,
                    -4.5911310767,
                    -21.094460524,
                    0.69780218863,
                    0.13109454161,
                    1.9941482069
                  ]
                },
                {
                  "element": 9,
                  "s": [
                    0.69860137508,
                    1.4833240405,
                    61.837127589,
                    -0.088232644582,
                    0.1737962231,
                    1.9600322417
                  ]
                },
                {
                  "element": 10,
                  "s": [
                    0.53369305652,
                    1.2690057197,
                    61.493974826,
                    -0.2074808421,
                    0.031604080896,
                    1.6136487746
                  ]
                },
                {
                  "element": 11,
                  "s": [
                    -0.15956581667,
                    -0.2804980503,
                    -16.57139223,
                    -0.10414229684,
                    -0.097939740954,
                    3.0168849706
                  ]
                },
                {
                  "element": 12,
                  "s": [
                    -0.050424579266,
                    -0.082152086777,
                    -16.40854779,
                    -0.19161302959,
                    0.04058199989,
                    2.5841097139
                  ]
                },
                {
                  "element": 13,
                  "s": [
                    0.088234058628,
                    0.18278119481,
                    50.990299209,
                    0.081985626262,
                    -0.058830296769,
                    1.7200047942
                  ]
                },
                {
                  "element": 14,
                  "s": [
                    0.05015100055,
                    0.0701524306,
                    50.9147034,
                    0.020756754647,
                    0.086108240334,
                    1.4488083716
                  ]
                },
                {
                  "element": 15,
                  "s": [
                    -0.22938499382,
                    -0.5365913252,
                    -13.873646243,
                    0.052339804932,
                    -0.02353402031,
                    3.2189349166
                  ]
                },
                {
                  "element": 16,
                  "s": [
                    -0.20044158062,
                    -0.46456415015,
                    -13.836805448,
                    0.05063909634,
                    0.015927872163,
                    2.8079163447
                  ]
                },
                {
                  "element": 17,
                  "s": [
                    0.080296006378,
                    0.21542092698,
                    40.35036306,
                    0.0071426632712,
                    -0.10329986789,
                    1.5384585188
                  ]
                },
                {
                  "element": 18,
                  "s": [
                    0.0504404525,
                    0.14356852724,
                    40.324513757,
                    -0.026454595062,
                    0.1169241663,
                    1.3345420041
                  ]
                },
                {
                  "element": 19,
                  "s": [
                    -0.066227799854,
                    -0.13233267914,
                    -10.879868004,
                    -0.011344984185,
                    -0.010933831105,
                    3.3749303631
                  ]
                },
                {
                  "element": 20,
                  "s": [
                    -0.032132921577,
                    -0.057598924549,
                    -10.843818395,
                    -0.0078121549106,
                    0.0090463383158,
                    2.9394911908
                  ]
                },
                {
                  "element": 21,
                  "s": [
                    0.077399603875,
                    0.1862597697,
                    29.697668049,
                    0.03240516964,
                    -0.14500969409,
                    1.4336050126
                  ]
                },
                {
                  "element": 22,
                  "s": [
                    0.041392668272,
                    0.085778251694,
                    29.677112517,
                    -0.020313610226,
                    0.12350906004,
                    1.2673904801
                  ]
                },
                {
                  "element": 23,
                  "s": [
                    -0.08255869156,
                    -0.19336420821,
                    -8.018694658,
                    -0.0013164604339,
                    -0.015585200089,
                    3.4651107655
                  ]
                },
                {
                  "element": 24,
                  "s": [
                    -0.04421360863,
                    -0.096129396634,
                    -7.9891981844,
                    0.013508050927,
                    0.012109256908,
                    2.9900753505
                  ]
                },
                {
                  "element": 25,
                  "s": [
                    0.12591656907,
                    0.30980501471,
                    19.051355232,
                    0.074468094657,
                    -0.16708256646,
                    1.1954812508
                  ]
                },
                {
                  "element": 26,
                  "s": [
                    0.046788974671,
                    0.11519189457,
                    18.957900663,
                    -0.06653297491,
                    0.14057160619,
                    1.2358305578
                  ]
                },
                {
                  "element": 27,
                  "s": [
                    -0.18813082093,
                    -0.33751473836,
                    -5.3495570573,
                    0.024239749149,
                    0.053546433153,
                    3.5639495329
                  ]
                },
                {
                  "element": 28,
                  "s": [
                    -0.083843698416,
                    -0.13061728248,
                    -5.2025467047,
                    -0.016152892742,
                    -0.011270465252,
                    3.1118002178
                  ]
                },
                {
                  "element": 29,
                  "s": [
                    0.27026473941,
                    1.0128613566,
                    8.341546559,
                    0.24677976265,
                    -0.30294459937,
                    0.80875967484
                  ]
                },
                {
                  "element": 30,
                  "s": [
                    0.2653195138,
                    0.57597316316,
                    8.47909384,
                    -0.2654986392,
                    0.12778130549,
                    0.96125706461
                  ]
                },
                {
                  "element": 31,
                  "s": [
                    -0.26503166261,
                    -1.0615109276,
                    -2.1510366096,
                    0.017476649955,
                    -0.18159900788,
                    3.9573161019
                  ]
                },
                {
                  "element": 32,
                  "s": [
                    -0.19307450419,
                    -0.58493245132,
                    -2.3157963094,
                    -0.036621912996,
                    0.083675960856,
                    3.3206623353
                  ]
                }
              ]
            }
          }
        },
        {
          "increment_number": 2,
          "step_time": 1.0,
          "total_time": 0.0,
          "node_sets": {
            "NALLN_U": {
              "set": "NALLN",
              "field": "U",
              "nodes": [
                1,
                261
              ],
              "components": [
                "u1",
                "u2",
                "u3"
              ],
              "values": [
                [
                  0.0,
                  0.0,
                  0.0
                ],
                [
                  7.772836275e-17,
                  0.079370179547,
                  -0.00050947767609
                ]
              ]
            }
          },
          "element_sets": {
            "EALLE_S": {
              "set": "EALLE",
              "field": "S",
              "components": [
                "sxx",
                "syy",
                "szz",
                "sxy",
                "syz",
                "szx"
              ],
              "values": [
                {
                  "element": 1,
                  "s": [
                    61.04254675,
                    61.325783051,
                    340.36637583,
                    -7.6330125917,
                    31.396302709,
                    11.008473791
                  ]
                },
                {
                  "element": 2,
                  "s": [
                    57.821485774,
                    57.899530242,
                    331.86497078,
                    -2.2377650359,
                    -6.4610646969,
                    26.172524756
                  ]
                },
                {
                  "element": 3,
                  "s": [
                    -1.5187892207,
                    17.323643658,
                    -75.796870199,
                    -7.6895223284,
                    -8.4469087771,
                    -7.9613825729
                  ]
                },
                {
                  "element": 4,
                  "s": [
                    -0.80877614277,
                    17.862289177,
                    -73.655046479,
                    -2.2282411858,
                    1.7164259883,
                    7.3087339575
                  ]
                },
                {
                  "element": 5,
                  "s": [
                    5.1764196354,
                    0.03272270784,
                    290.72280008,
                    4.0066561938,
                    4.6738296751,
                    11.908563188
                  ]
                },
                {
                  "element": 6,
                  "s": [
                    3.8417370838,
                    -2.9797911749,
                    284.54346158,
                    2.4529422215,
                    -2.2651848002,
                    9.7872566273
                  ]
                },
                {
                  "element": 7,
                  "s": [
                    -8.9692653323,
                    -18.3920757,
                    -85.538198479,
                    3.6730209509,
                    -1.1605322268,
                    8.5185479425
                  ]
                },
                {
                  "element": 8,
                  "s": [
                    -9.0908805062,
                    -18.609939881,
                    -84.644142401,
                    2.788096326,
                    0.52811143472,
                    7.715025029
                  ]
                },
                {
                  "element": 9,
                  "s": [
                    2.7983938087,
                    5.9571452464,
                    247.58069291,
                    -0.35999784092,
                    0.68909408581,
                    9.267501071
                  ]
                },
                {
                  "element": 10,
                  "s": [
                    2.1519732551,
                    5.0741887106,
                    246.19549923,
                    -0.81677514927,
                    0.1285664742,
                    7.8829195039
                  ]
                },
                {
                  "element": 11,
                  "s": [
                    -0.65230595453,
                    -1.136652106,
                    -66.494324659,
                    -0.40794193721,
                    -0.39691565697,
                    11.689395322
                  ]
                },
                {
                  "element": 12,
                  "s": [
                    -0.23060623506,
                    -0.40190045657,
                    -65.868172275,
                    -0.76943967286,
                    0.16191236562,
                    9.9580382581
                  ]
                },
                {
                  "element": 13,
                  "s": [
                    0.35430594324,
                    0.80375624135,
                    204.09714918,
                    0.31936969924,
                    -0.24155520729,
                    8.4844815307
                  ]
                },
                {
                  "element": 14,
                  "s": [
                    0.21499753317,
                    0.32879801357,
                    203.79159284,
                    0.093608163828,
                    0.3455849553,
                    7.4007283541
                  ]
                },
                {
                  "element": 15,
                  "s": [
                    -0.92517210483,
                    -2.0541615856,
                    -55.700285555,
                    0.21613083738,
                    -0.096058936423,
                    12.445540289
                  ]
                },
                {
                  "element": 16,
                  "s": [
                    -0.82014086973,
                    -1.8227102242,
                    -55.561392979,
                    0.20065311205,
                    0.063148216117,
                    10.800337615
                  ]
                },
                {
                  "element": 17,
                  "s": [
                    0.32267555206,
                    0.96358153553,
                    161.46703972,
                    0.020691861539,
                    -0.41788144346,
                    7.6907666069
                  ]
                },
                {
                  "element": 18,
                  "s": [
                    0.20963448283,
                    0.65457789197,
                    161.36620364,
                    -0.096819047164,
                    0.46875746506,
                    6.8771451688
                  ]
                },
                {
                  "element": 19,
                  "s": [
                    -0.27050084405,
                    -0.34235240911,
                    -43.734462597,
                    -0.041291753828,
                    -0.045082353817,
                    13.085181256
                  ]
                },
                {
                  "element": 20,
                  "s": [
                    -0.14056025657,
                    -0.09574965144,
                    -43.57714531,
                    -0.032333802834,
                    0.035102663263,
                    11.342578144
                  ]
                },
                {
                  "element": 21,
                  "s": [
                    0.31333433121,
                    0.86864313666,
                    118.80821219,
                    0.12234803773,
                    -0.58552556856,
                    7.0111561811
                  ]
                },
                {
                  "element": 22,
                  "s": [
                    0.1714754941,
                    0.44680997868,
                    118.73079055,
                    -0.074143039594,
                    0.4958661436,
                    6.3509499148
                  ]
                },
                {
                  "element": 23,
                  "s": [
                    -0.3325287474,
                    -0.51217967856,
                    -32.297618225,
                    -0.0042519316122,
                    -0.062925641271,
                    13.51638598
                  ]
                },
                {
                  "element": 24,
                  "s": [
                    -0.18299071908,
                    -0.17623242975,
                    -32.149750617,
                    0.054087929562,
                    0.047485041424,
                    11.613821803
                  ]
                },
                {
                  "element": 25,
                  "s": [
                    0.50737070219,
                    1.3567959134,
                    76.212821606,
                    0.29178843268,
                    -0.67903660673,
                    5.6543514003
                  ]
                },
                {
                  "element": 26,
                  "s": [
                    0.18889231013,
                    0.5764494628,
                    75.825675904,
                    -0.2600724989,
                    0.56724881956,
                    5.8265429611
                  ]
                },
                {
                  "element": 27,
                  "s": [
                    -0.7556198346,
                    -1.0348628926,
                    -21.633711995,
                    0.098893857861,
                    0.21337044845,
                    14.01772967
                  ]
                },
                {
                  "element": 28,
                  "s": [
                    -0.34159890724,
                    -0.25716412364,
                    -21.006641552,
                    -0.064675644517,
                    -0.045228450321,
                    12.205197917
                  ]
                },
                {
                  "element": 29,
                  "s": [
                    1.1252052045,
                    4.1754260714,
                    33.405778555,
                    0.98445692406,
                    -1.2489087187,
                    3.5676556251
                  ]
                },
                {
                  "element": 30,
                  "s": [
                    1.1119404726,
                    2.4316896223,
                    33.932364312,
                    -1.0638614574,
                    0.52818296699,
                    4.2153996467
                  ]
                },
                {
                  "element": 31,
                  "s": [
                    -1.0283733383,
                    -3.8117531723,
                    -8.8770076021,
                    0.052375134731,
                    -0.74113130786,
                    15.772989499
                  ]
                },
                {
                  "element": 32,
                  "s": [
                    -0.74292781549,
                    -1.989372034,
                    -9.4948782073,
                    -0.13840339003,
                    0.34171549016,
                    13.198629891
                  ]
                }
              ]
            }
          }
        }
      ]
    }
  ]
}