{
  "meta": {
    "jobname": "beampd",
    "ccx_version": "2.21-multisolver",
    "solver": "SPOOLES",
    "num_threads": 1,
    "success": true,
    "exit_code": 0,
    "timings": {
      "total_wall_time_s": 0.863315
    },
    "mesh_statistics": {
      "nodes": 261,
      "elements": 32,
      "equations": 738
    }
  },
  "steps": [
    {
      "step_number": 1,
      "type": "STATIC",
      "converged": true,
      "increments": [
        {
          "increment_number": 1,
          "step_time": 1.0,
          "total_time": 0.0,
          "node_sets": {
            "NALLN_U": {
              "set": "NALLN",
              "field": "U",
              "nodes": [
                1,
                261
              ],
              "components": [
                "u1",
                "u2",
                "u3"
              ],
              "values": [
                [
                  0.0,
                  0.0,
                  0.0
                ],
                [
                  -0.0065996655734,
                  -0.0065996655734,
                  0.2165625
                ]
              ]
            }
          },
          "element_sets": {
            "EALLE_S": {
              "set": "EALLE",
              "field": "S",
              "components": [
                "sxx",
                "syy",
                "szz",
                "sxy",
                "syz",
                "szx"
              ],
              "values": [
                {
                  "element": 1,
                  "s": [
                    0.012025876712,
                    0.012025876714,
                    993.03465021,
                    3.9704930122e-13,
                    -3.468318339e-13,
                    7.3558812337e-13
                  ]
                },
                {
                  "element": 32,
                  "s": [
                    0.012025876712,
                    0.012025876715,
                    993.03465021,
                    -1.6550107429e-13,
                    -1.7073229751e-12,
                    -3.6106221097e-12
                  ]
                }
              ]
            }
          }
        }
      ]
    },
    {
      "step_number": 2,
      "type": "STATIC",
      "converged": true,
      "increments": [
        {
          "increment_number": 1,
          "step_time": 1.0,
          "total_time": 1.0,
          "node_sets": {
            "NALLN_U": {
              "set": "NALLN",
              "field": "U",
              "nodes": [
                1,
                261
              ],
              "components": [
                "u1",
                "u2",
                "u3"
              ],
              "values": [
                [
                  0.0,
                  0.0,
                  0.0
                ],
                [
                  0.005203760155,
                  0.005203760155,
                  -0.166875
                ]
              ]
            }
          },
          "element_sets": {
            "EALLE_S": {
              "set": "EALLE",
              "field": "S",
              "components": [
                "sxx",
                "syy",
                "szz",
                "sxy",
                "syz",
                "szx"
              ],
              "values": [
                {
                  "element": 1,
                  "s": [
                    -0.035618810435,
                    -0.035618810446,
                    -941.67189758,
                    -2.7615928596e-12,
                    4.9778833674e-13,
                    -7.0157386941e-12
                  ]
                },
                {
                  "element": 32,
                  "s": [
                    -0.035618810396,
                    -0.035618810397,
                    -941.67189758,
                    4.0458428826e-13,
                    1.0456629054e-12,
                    3.0745255326e-12
                  ]
                }
              ]
            }
          }
        }
      ]
    }
  ]
}