{
  "meta": {
    "jobname": "beampdepmpc",
    "ccx_version": "2.21-multisolver",
    "solver": "SPOOLES",
    "num_threads": 1,
    "success": true,
    "exit_code": 0,
    "timings": {
      "total_wall_time_s": 0.101321
    },
    "mesh_statistics": {
      "nodes": 261,
      "elements": 32,
      "equations": 719
    }
  },
  "steps": [
    {
      "step_number": 1,
      "type": "STATIC",
      "converged": true,
      "increments": [
        {
          "increment_number": 1,
          "step_time": 1.0,
          "total_time": 0.0,
          "node_sets": {
            "NALLN_U": {
              "set": "NALLN",
              "field": "U",
              "nodes": [
                1,
                261
              ],
              "components": [
                "u1",
                "u2",
                "u3"
              ],
              "values": [
                [
                  0.0,
                  0.0,
                  0.0
                ],
                [
                  1.0474673356e-14,
                  0.0088232874828,
                  -3.6697764689e-17
                ]
              ]
            }
          },
          "element_sets": {
            "EALLE_S": {
              "set": "EALLE",
              "field": "S",
              "components": [
                "sxx",
                "syy",
                "szz",
                "sxy",
                "syz",
                "szx"
              ],
              "values": [
                {
                  "element": 1,
                  "s": [
                    6.783199033,
                    6.826476194,
                    37.754637207,
                    -0.85357358104,
                    3.47888832,
                    1.1886508144
                  ]
                },
                {
                  "element": 2,
                  "s": [
                    6.4300326457,
                    6.4492641304,
                    36.821585882,
                    -0.24745077726,
                    -0.71491739629,
                    2.8672971861
                  ]
                },
                {
                  "element": 3,
                  "s": [
                    -0.15877271101,
                    1.9530014088,
                    -8.3858457961,
                    -0.85261115045,
                    -0.93227673949,
                    -0.87735073015
                  ]
                },
                {
                  "element": 4,
                  "s": [
                    -0.080941431676,
                    2.0053940142,
                    -8.1431522813,
                    -0.24848059103,
                    0.18905055731,
                    0.82140272959
                  ]
                },
                {
                  "element": 5,
                  "s": [
                    0.57555539436,
                    -0.0014112757349,
                    32.249448952,
                    0.44301770305,
                    0.5211280931,
                    1.1793213468
                  ]
                },
                {
                  "element": 6,
                  "s": [
                    0.42177635934,
                    -0.32385335237,
                    31.564619377,
                    0.27344060276,
                    -0.25155596335,
                    0.93867315709
                  ]
                },
                {
                  "element": 7,
                  "s": [
                    -0.98928038295,
                    -2.0118696215,
                    -9.4703174718,
                    0.40788172995,
                    -0.12692043555,
                    0.9828892837
                  ]
                },
                {
                  "element": 8,
                  "s": [
                    -1.0060043349,
                    -2.0382033601,
                    -9.3671825085,
                    0.30859463113,
                    0.057985373128,
                    0.89911621237
                  ]
                },
                {
                  "element": 9,
                  "s": [
                    0.30719209576,
                    0.65000874435,
                    27.474223746,
                    -0.04332686448,
                    0.077851702904,
                    0.8250060939
                  ]
                },
                {
                  "element": 10,
                  "s": [
                    0.23917511575,
                    0.57638907629,
                    27.320290566,
                    -0.088509811961,
                    0.01448406263,
                    0.65537197206
                  ]
                },
                {
                  "element": 11,
                  "s": [
                    -0.066130696532,
                    -0.11385326038,
                    -7.3535946769,
                    -0.043344756018,
                    -0.043532697089,
                    1.3489343971
                  ]
                },
                {
                  "element": 12,
                  "s": [
                    -0.02723067932,
                    -0.048626232155,
                    -7.2889326956,
                    -0.088496758317,
                    0.017883554773,
                    1.1706875369
                  ]
                },
                {
                  "element": 13,
                  "s": [
                    0.031848914143,
                    0.059111424266,
                    22.657521394,
                    0.025670145807,
                    -0.024853710774,
                    0.72056646732
                  ]
                },
                {
                  "element": 14,
                  "s": [
                    0.029146098015,
                    0.06028576463,
                    22.620465024,
                    0.019480641678,
                    0.039657764434,
                    0.56223251398
                  ]
                },
                {
                  "element": 15,
                  "s": [
                    -0.092606927962,
                    -0.21888835163,
                    -6.1519995812,
                    0.030530663445,
                    -0.0097157367816,
                    1.4326305154
                  ]
                },
                {
                  "element": 16,
                  "s": [
                    -0.10176023182,
                    -0.24391149988,
                    -6.1502869428,
                    0.014621420349,
                    0.0062651373535,
                    1.2845705033
                  ]
                },
                {
                  "element": 17,
                  "s": [
                    0.016213720231,
                    0.048324366216,
                    17.929591144,
                    -0.02160072229,
                    -0.040997754713,
                    0.664924565
                  ]
                },
                {
                  "element": 18,
                  "s": [
                    0.035150307959,
                    0.12845666373,
                    17.914173554,
                    0.011415279793,
                    0.053044828743,
                    0.48014765227
                  ]
                },
                {
                  "element": 19,
                  "s": [
                    -0.0066810334643,
                    -0.014738019056,
                    -4.8066112745,
                    0.00995195048,
                    -0.007987282442,
                    1.48638583
                  ]
                },
                {
                  "element": 20,
                  "s": [
                    -0.049036289851,
                    -0.11469667757,
                    -4.8482635797,
                    -0.02013774032,
                    0.0039912651843,
                    1.3685419527
                  ]
                },
                {
                  "element": 21,
                  "s": [
                    -0.016934247424,
                    -0.02899374775,
                    13.187860624,
                    -0.063022271279,
                    -0.04714376879,
                    0.6785000317
                  ]
                },
                {
                  "element": 22,
                  "s": [
                    0.068857990835,
                    0.22810383389,
                    13.193971387,
                    0.063994560634,
                    0.059071105631,
                    0.37287284769
                  ]
                },
                {
                  "element": 23,
                  "s": [
                    0.0066936850046,
                    0.016964431564,
                    -3.533191356,
                    0.028888937999,
                    -0.00049517576882,
                    1.4933861115
                  ]
                },
                {
                  "element": 24,
                  "s": [
                    -0.093948233838,
                    -0.2679093519,
                    -3.5776905621,
                    -0.027916555574,
                    -1.0009909499e-05,
                    1.4552410091
                  ]
                },
                {
                  "element": 25,
                  "s": [
                    -0.1103055286,
                    -0.085904254707,
                    8.4006096189,
                    -0.15095817222,
                    0.021265719426,
                    0.74146692796
                  ]
                },
                {
                  "element": 26,
                  "s": [
                    0.033817182899,
                    0.41279542686,
                    8.4456651702,
                    0.1340142505,
                    0.031660709821,
                    0.13168805145
                  ]
                },
                {
                  "element": 27,
                  "s": [
                    0.042969006132,
                    0.066749307912,
                    -2.223919824,
                    0.026818387366,
                    -0.028456584151,
                    1.5115354278
                  ]
                },
                {
                  "element": 28,
                  "s": [
                    -0.25490579113,
                    -0.54932040285,
                    -2.6177396658,
                    -0.043762334026,
                    0.0079442136372,
                    1.6153095928
                  ]
                },
                {
                  "element": 29,
                  "s": [
                    -0.092981197704,
                    -0.046944587537,
                    3.6721598528,
                    -0.65528670711,
                    0.023251115803,
                    0.9862896355
                  ]
                },
                {
                  "element": 30,
                  "s": [
                    0.34770075365,
                    1.5448581746,
                    3.8079274003,
                    0.64224044578,
                    0.11334334641,
                    -0.66720388602
                  ]
                },
                {
                  "element": 31,
                  "s": [
                    0.010395824262,
                    0.028014913433,
                    -1.0229594944,
                    -0.066279893117,
                    0.01803257082,
                    1.7171621057
                  ]
                },
                {
                  "element": 32,
                  "s": [
                    -0.44024241949,
                    -1.648990594,
                    -0.91738129225,
                    0.053233638473,
                    -0.031197727608,
                    1.9637521449
                  ]
                }
              ]
            }
          }
        }
      ]
    }
  ]
}