{
  "meta": {
    "jobname": "beamcom",
    "ccx_version": "2.21-multisolver",
    "solver": "SPOOLES",
    "num_threads": 1,
    "success": true,
    "exit_code": 0,
    "timings": {
      "total_wall_time_s": 0.083563
    },
    "mesh_statistics": {
      "nodes": 175,
      "elements": 4,
      "equations": 34
    }
  },
  "steps": [
    {
      "step_number": 1,
      "type": "STATIC",
      "converged": true,
      "increments": [
        {
          "increment_number": 1,
          "step_time": 1.0,
          "total_time": 0.0,
          "node_sets": {
            "NALLN_U": {
              "set": "NALLN",
              "field": "U",
              "nodes": [
                1,
                2,
                3,
                4,
                5
              ],
              "components": [
                "u1",
                "u2",
                "u3"
              ],
              "values": [
                [
                  0.0,
                  0.0,
                  0.0
                ],
                [
                  8.2445263145e-05,
                  -1.9051167779e-15,
                  0.00017385296561
                ],
                [
                  4.122784057e-05,
                  -4.7846804129e-16,
                  4.3432010847e-05
                ],
                [
                  0.00016489481912,
                  -6.2541554289e-15,
                  0.00070053436792
                ],
                [
                  0.00012368667807,
                  -3.9440430453e-15,
                  0.00039241770036
                ]
              ]
            }
          },
          "element_sets": {
            "EALLE_S": {
              "set": "EALLE",
              "field": "S",
              "components": [
                "sxx",
                "syy",
                "szz",
                "sxy",
                "syz",
                "szx"
              ],
              "values": [
                {
                  "element": 1,
                  "s": [
                    10.662748121,
                    -2.4616283395,
                    -2.4616717082,
                    -2.3849126446e-05,
                    -0.0041001156474,
                    -9.3088569909e-10
                  ]
                },
                {
                  "element": 2,
                  "s": [
                    10.51286771,
                    -2.5258488863,
                    -2.5259186065,
                    -2.8325314361e-05,
                    -0.01348041251,
                    -1.0980579344e-08
                  ]
                },
                {
                  "element": 3,
                  "s": [
                    9.7017105319,
                    0.47435809726,
                    0.47433538036,
                    -1.2493614932e-05,
                    -0.0020976762031,
                    -4.8761172798e-10
                  ]
                },
                {
                  "element": 4,
                  "s": [
                    9.7307516499,
                    0.48680208485,
                    0.48676590851,
                    -1.4838550604e-05,
                    -0.0061493013977,
                    -5.7524302243e-09
                  ]
                }
              ]
            }
          }
        }
      ]
    }
  ]
}