{
  "meta": {
    "jobname": "beammrlinx_diff",
    "ccx_version": "2.21-multisolver",
    "solver": "SPOOLES",
    "num_threads": 1,
    "success": true,
    "exit_code": 0,
    "timings": {
      "total_wall_time_s": 0.176772
    },
    "mesh_statistics": {
      "nodes": 275,
      "elements": 34,
      "equations": 411
    }
  },
  "steps": [
    {
      "step_number": 1,
      "type": "STATIC",
      "converged": true,
      "increments": [
        {
          "increment_number": 1,
          "step_time": 1.0,
          "total_time": 0.0,
          "node_sets": {
            "NOUTN_U": {
              "set": "NOUTN",
              "field": "U",
              "nodes": [
                262,
                263,
                264,
                265,
                266,
                267,
                268,
                269
              ],
              "components": [
                "u1",
                "u2",
                "u3"
              ],
              "values": [
                [
                  1.0,
                  0.0,
                  0.0
                ],
                [
                  0.0,
                  0.0,
                  0.0
                ],
                [
                  0.0,
                  0.0,
                  0.0
                ],
                [
                  0.0,
                  0.0,
                  0.0
                ],
                [
                  0.0,
                  0.0,
                  0.0
                ],
                [
                  0.0,
                  0.0,
                  0.0
                ],
                [
                  0.0,
                  0.0,
                  0.0
                ],
                [
                  0.0,
                  0.0,
                  0.0
                ]
              ]
            },
            "NOUTN_RF": {
              "set": "NOUTN",
              "field": "RF",
              "nodes": [
                262,
                263,
                264,
                265,
                266,
                267,
                268,
                269
              ],
              "components": [
                "fx",
                "fy",
                "fz"
              ],
              "values": [
                [
                  5713.9194047,
                  0.0,
                  0.0
                ],
                [
                  2.5011104299e-11,
                  0.0,
                  0.0
                ],
                [
                  -1.8523849121e-11,
                  0.0,
                  0.0
                ],
                [
                  968.65148843,
                  0.0,
                  0.0
                ],
                [
                  -2.1316282073e-11,
                  0.0,
                  0.0
                ],
                [
                  -3.4088287748e-11,
                  0.0,
                  0.0
                ],
                [
                  -7.9738882164e-11,
                  1670.6427233,
                  -4.143885235e-11
                ],
                [
                  -5.6573190577e-11,
                  -1670.6427233,
                  3.9221959014e-12
                ]
              ],
              "total": [
                6682.5708931,
                3.5993252823e-10,
                -3.7516656448e-11
              ]
            }
          }
        }
      ]
    }
  ]
}