{
  "meta": {
    "jobname": "beampis",
    "ccx_version": "2.21-multisolver",
    "solver": "SPOOLES",
    "num_threads": 1,
    "success": true,
    "exit_code": 0,
    "timings": {
      "total_wall_time_s": 0.676449
    },
    "mesh_statistics": {
      "nodes": 261,
      "elements": 32,
      "equations": 720
    }
  },
  "steps": [
    {
      "step_number": 1,
      "type": "STATIC",
      "converged": true,
      "increments": [
        {
          "increment_number": 1,
          "step_time": 1.0,
          "total_time": 0.0,
          "node_sets": {
            "NALLN_U": {
              "set": "NALLN",
              "field": "U",
              "nodes": [
                1,
                261
              ],
              "components": [
                "u1",
                "u2",
                "u3"
              ],
              "values": [
                [
                  0.0,
                  0.0,
                  0.0
                ],
                [
                  -3.1093623907e-09,
                  39.68973984,
                  6.0095456828e-09
                ]
              ]
            }
          },
          "element_sets": {
            "EALLE_S": {
              "set": "EALLE",
              "field": "S",
              "components": [
                "sxx",
                "syy",
                "szz",
                "sxy",
                "syz",
                "szx"
              ],
              "values": [
                {
                  "element": 1,
                  "s": [
                    30531.3588,
                    30733.489817,
                    169899.73604,
                    -3835.1268509,
                    15657.006621,
                    5348.2266238
                  ]
                },
                {
                  "element": 32,
                  "s": [
                    -391.054899,
                    -1228.566039,
                    -4592.7302984,
                    -74.595252953,
                    166.15927943,
                    6654.3183239
                  ]
                }
              ]
            }
          }
        }
      ]
    }
  ]
}