{
  "meta": {
    "jobname": "beamprot",
    "ccx_version": "2.21-multisolver",
    "solver": "SPOOLES",
    "num_threads": 1,
    "success": true,
    "exit_code": 0,
    "timings": {
      "total_wall_time_s": 0.053439
    },
    "mesh_statistics": {
      "nodes": 265,
      "elements": 32,
      "equations": 777
    }
  },
  "steps": [
    {
      "step_number": 1,
      "type": "STATIC",
      "converged": true,
      "increments": [
        {
          "increment_number": 1,
          "step_time": 1.0,
          "total_time": 0.0,
          "node_sets": {
            "N1N_U": {
              "set": "N1N",
              "field": "U",
              "nodes": [
                95,
                246,
                258,
                179,
                100
              ],
              "components": [
                "u1",
                "u2",
                "u3"
              ],
              "values": [
                [
                  2.7626046037e-18,
                  -1.2024748314e-15,
                  1.2024748314e-15
                ],
                [
                  0.0,
                  3.1579790741e-05,
                  3.1579790741e-05
                ],
                [
                  0.0,
                  3.7715265201e-05,
                  3.7715265201e-05
                ],
                [
                  0.0,
                  3.1317635844e-05,
                  3.2115161931e-05
                ],
                [
                  -8.8722991685e-19,
                  5.6678740284e-05,
                  5.6678740284e-05
                ]
              ]
            },
            "N1N_RF": {
              "set": "N1N",
              "field": "RF",
              "nodes": [
                95,
                246,
                258,
                179,
                100
              ],
              "components": [
                "fx",
                "fy",
                "fz"
              ],
              "values": [
                [
                  6.7491585237e-17,
                  -0.70710678119,
                  -0.70710678119
                ],
                [
                  -3.2128169754e-14,
                  1.0083620137e-12,
                  -1.0197422334e-12
                ],
                [
                  9.0072263884e-15,
                  -7.5903541265e-13,
                  7.6283944439e-13
                ],
                [
                  1.8058227439e-14,
                  -3.0912772342e-15,
                  -4.727121472e-16
                ],
                [
                  7.8756445809e-16,
                  0.70710678119,
                  0.70710678119
                ]
              ],
              "total": [
                -4.2076598824e-15,
                2.5757174171e-14,
                1.8096635301e-14
              ]
            }
          }
        }
      ]
    }
  ]
}