{
  "meta": {
    "jobname": "boxprofile2",
    "ccx_version": "2.21-multisolver",
    "solver": "SPOOLES",
    "num_threads": 1,
    "success": true,
    "exit_code": 0,
    "timings": {
      "total_wall_time_s": 0.0145
    },
    "mesh_statistics": {
      "nodes": 102,
      "elements": 5,
      "equations": 186
    }
  },
  "steps": [
    {
      "step_number": 1,
      "type": "STATIC",
      "converged": true
    }
  ]
}