{
  "meta": {
    "jobname": "branchsplit2",
    "ccx_version": "2.21-multisolver",
    "solver": "SPOOLES",
    "num_threads": 1,
    "success": true,
    "exit_code": 0,
    "timings": {
      "total_wall_time_s": 0.007139
    },
    "mesh_statistics": {
      "nodes": 14,
      "elements": 8,
      "equations": 0
    }
  },
  "steps": [
    {
      "step_number": 1,
      "type": "STATIC",
      "converged": true,
      "increments": [
        {
          "increment_number": 1,
          "step_time": 1.0,
          "total_time": 0.0,
          "node_sets": {
            "NALLN_U": {
              "set": "NALLN",
              "field": "U",
              "nodes": [
                1,
                2,
                3,
                4,
                5,
                6,
                7,
                8,
                9,
                10,
                11,
                12,
                13,
                14
              ],
              "components": [
                "u1",
                "u2",
                "u3"
              ],
              "values": [
                [
                  0.18645510932,
                  0.3,
                  550.0
                ],
                [
                  0.18645510932,
                  0.3,
                  550.0
                ],
                [
                  0.18645510932,
                  0.29487070057,
                  550.0
                ],
                [
                  0.18645510932,
                  0.28974140113,
                  550.0
                ],
                [
                  0.056897691889,
                  0.28950914488,
                  550.0
                ],
                [
                  0.056897691889,
                  0.28927688863,
                  550.0
                ],
                [
                  0.056897691889,
                  0.28463844432,
                  550.0
                ],
                [
                  0.056897691889,
                  0.28,
                  550.0
                ],
                [
                  0.056897691889,
                  0.28,
                  550.0
                ],
                [
                  0.12955741743,
                  0.27928416382,
                  550.0
                ],
                [
                  0.12955741743,
                  0.26882692651,
                  550.0
                ],
                [
                  0.12955741743,
                  0.23441346325,
                  550.0
                ],
                [
                  0.12955741743,
                  0.2,
                  550.0
                ],
                [
                  0.12955741743,
                  0.2,
                  550.0
                ]
              ]
            },
            "NALLN_NT": {
              "set": "NALLN",
              "field": "NT",
              "nodes": [
                1,
                2,
                3,
                4,
                5,
                6,
                7,
                8,
                9,
                10,
                11,
                12,
                13,
                14
              ],
              "components": [
                "NT"
              ],
              "values": [
                [
                  550.0
                ],
                [
                  550.0
                ],
                [
                  550.0
                ],
                [
                  550.0
                ],
                [
                  550.0
                ],
                [
                  550.0
                ],
                [
                  550.0
                ],
                [
                  550.0
                ],
                [
                  550.0
                ],
                [
                  550.0
                ],
                [
                  550.0
                ],
                [
                  550.0
                ],
                [
                  550.0
                ],
                [
                  550.0
                ]
              ]
            }
          }
        }
      ]
    }
  ]
}