{
  "meta": {
    "jobname": "channel14",
    "ccx_version": "2.21-multisolver",
    "solver": "SPOOLES",
    "num_threads": 1,
    "success": true,
    "exit_code": 0,
    "timings": {
      "total_wall_time_s": 0.006489
    },
    "mesh_statistics": {
      "nodes": 23,
      "elements": 14,
      "equations": 0
    }
  },
  "steps": [
    {
      "step_number": 1,
      "type": "STATIC",
      "converged": true,
      "increments": [
        {
          "increment_number": 1,
          "step_time": 1.0,
          "total_time": 0.0,
          "node_sets": {
            "NALLN_U": {
              "set": "NALLN",
              "field": "U",
              "nodes": [
                1,
                2,
                4,
                6,
                7,
                8,
                9,
                10,
                11,
                12,
                13,
                14,
                15,
                16,
                17,
                18,
                19,
                20,
                21,
                22,
                23
              ],
              "components": [
                "u1",
                "u2",
                "u3"
              ],
              "values": [
                [
                  60000.0,
                  3.6669724771,
                  0.0
                ],
                [
                  60000.0,
                  3.6669724771,
                  0.0
                ],
                [
                  60000.0,
                  2.2334862385,
                  0.77122833709
                ],
                [
                  60000.0,
                  0.8,
                  1.5424566742
                ],
                [
                  60000.0,
                  0.80791641654,
                  1.7055049325
                ],
                [
                  80000.0,
                  0.81583283309,
                  1.8685531908
                ],
                [
                  80000.0,
                  0.81818944271,
                  2.0184085486
                ],
                [
                  100000.0,
                  0.82054605232,
                  2.1682639063
                ],
                [
                  100000.0,
                  0.82268074163,
                  2.3083806268
                ],
                [
                  120000.0,
                  0.82481543094,
                  2.4484973472
                ],
                [
                  120000.0,
                  0.82764452892,
                  2.5810018132
                ],
                [
                  140000.0,
                  0.83047362691,
                  2.7135062793
                ],
                [
                  140000.0,
                  0.84436143873,
                  2.7135062793
                ],
                [
                  140000.0,
                  0.85824925055,
                  2.7135062793
                ],
                [
                  140000.0,
                  0.67912462527,
                  1.3567531396
                ],
                [
                  140000.0,
                  0.5,
                  0.0
                ],
                [
                  140000.0,
                  0.5,
                  0.0
                ],
                [
                  20000.0,
                  0.81583283309,
                  1.8685531908
                ],
                [
                  20000.0,
                  0.82054605232,
                  2.1682639063
                ],
                [
                  20000.0,
                  0.82481543094,
                  2.4484973472
                ],
                [
                  20000.0,
                  0.83047362691,
                  2.7135062793
                ]
              ]
            },
            "NALLN_NT": {
              "set": "NALLN",
              "field": "NT",
              "nodes": [
                1,
                2,
                4,
                6,
                7,
                8,
                9,
                10,
                11,
                12,
                13,
                14,
                15,
                16,
                17,
                18,
                19,
                20,
                21,
                22,
                23
              ],
              "components": [
                "NT"
              ],
              "values": [
                [
                  20.0
                ],
                [
                  20.0
                ],
                [
                  20.0
                ],
                [
                  20.0
                ],
                [
                  30.0
                ],
                [
                  40.0
                ],
                [
                  38.0
                ],
                [
                  36.0
                ],
                [
                  34.666666667
                ],
                [
                  33.333333333
                ],
                [
                  38.095238095
                ],
                [
                  42.857142857
                ],
                [
                  42.857142857
                ],
                [
                  42.857142857
                ],
                [
                  42.857142857
                ],
                [
                  42.857142857
                ],
                [
                  42.857142857
                ],
                [
                  40.0
                ],
                [
                  36.0
                ],
                [
                  33.333333333
                ],
                [
                  42.857142857
                ]
              ]
            }
          }
        }
      ]
    }
  ]
}