{
  "meta": {
    "jobname": "channel16",
    "ccx_version": "2.21-multisolver",
    "solver": "SPOOLES",
    "num_threads": 1,
    "success": true,
    "exit_code": 0,
    "timings": {
      "total_wall_time_s": 0.008365
    },
    "mesh_statistics": {
      "nodes": 19,
      "elements": 10,
      "equations": 0
    }
  },
  "steps": [
    {
      "step_number": 1,
      "type": "STATIC",
      "converged": true,
      "increments": [
        {
          "increment_number": 1,
          "step_time": 1.0,
          "total_time": 0.0,
          "node_sets": {
            "NALLN_U": {
              "set": "NALLN",
              "field": "U",
              "nodes": [
                1,
                2,
                4,
                6,
                7,
                8,
                9,
                10,
                11,
                12,
                13,
                14,
                15,
                16,
                17,
                18,
                19
              ],
              "components": [
                "u1",
                "u2",
                "u3"
              ],
              "values": [
                [
                  3000000.0,
                  2.6000499038,
                  0.0
                ],
                [
                  3000000.0,
                  2.6000499038,
                  0.0
                ],
                [
                  3000000.0,
                  2.3706921056,
                  0.48584146469
                ],
                [
                  3000000.0,
                  2.1413343075,
                  0.97168292938
                ],
                [
                  3000000.0,
                  2.1524124072,
                  0.97168292938
                ],
                [
                  3000000.0,
                  2.1634905069,
                  0.97168292938
                ],
                [
                  3000000.0,
                  1.5937961701,
                  0.97168292938
                ],
                [
                  3000000.0,
                  1.0241018334,
                  0.97168292938
                ],
                [
                  3000000.0,
                  0.99789238137,
                  0.97168292938
                ],
                [
                  3000000.0,
                  0.97168292938,
                  0.97168292938
                ],
                [
                  3000000.0,
                  0.74221406687,
                  0.97168292938
                ],
                [
                  3000000.0,
                  0.51274520437,
                  0.97168292938
                ],
                [
                  3000000.0,
                  0.54951857211,
                  0.97168292938
                ],
                [
                  3000000.0,
                  0.58629193985,
                  0.97168292938
                ],
                [
                  3000000.0,
                  0.54314596992,
                  0.48584146469
                ],
                [
                  3000000.0,
                  0.5,
                  0.0
                ],
                [
                  3000000.0,
                  0.5,
                  0.0
                ]
              ]
            }
          }
        }
      ]
    }
  ]
}