{
  "meta": {
    "jobname": "channel5",
    "ccx_version": "2.21-multisolver",
    "solver": "SPOOLES",
    "num_threads": 1,
    "success": true,
    "exit_code": 0,
    "timings": {
      "total_wall_time_s": 0.006614
    },
    "mesh_statistics": {
      "nodes": 11,
      "elements": 6,
      "equations": 0
    }
  },
  "steps": [
    {
      "step_number": 1,
      "type": "STATIC",
      "converged": true,
      "increments": [
        {
          "increment_number": 1,
          "step_time": 1.0,
          "total_time": 0.0,
          "node_sets": {
            "NALLN_U": {
              "set": "NALLN",
              "field": "U",
              "nodes": [
                1,
                2,
                4,
                6,
                7,
                8,
                9,
                10,
                11
              ],
              "components": [
                "u1",
                "u2",
                "u3"
              ],
              "values": [
                [
                  50000.0,
                  2.224433059,
                  0.0
                ],
                [
                  50000.0,
                  2.224433059,
                  0.0
                ],
                [
                  50000.0,
                  2.1142795112,
                  0.60479227139
                ],
                [
                  50000.0,
                  2.0041259635,
                  1.2095845428
                ],
                [
                  50000.0,
                  2.0020629818,
                  1.2095845428
                ],
                [
                  50000.0,
                  2.0,
                  1.2095845428
                ],
                [
                  50000.0,
                  2.0,
                  0.60479227139
                ],
                [
                  50000.0,
                  2.0,
                  0.0
                ],
                [
                  50000.0,
                  2.0,
                  0.0
                ]
              ]
            }
          }
        }
      ]
    }
  ]
}