{
  "meta": {
    "jobname": "channel11",
    "ccx_version": "2.21-multisolver",
    "solver": "SPOOLES",
    "num_threads": 1,
    "success": true,
    "exit_code": 0,
    "timings": {
      "total_wall_time_s": 0.039609
    },
    "mesh_statistics": {
      "nodes": 19,
      "elements": 10,
      "equations": 0
    }
  },
  "steps": [
    {
      "step_number": 1,
      "type": "STATIC",
      "converged": true,
      "increments": [
        {
          "increment_number": 1,
          "step_time": 1.0,
          "total_time": 0.0,
          "node_sets": {
            "NALLN_U": {
              "set": "NALLN",
              "field": "U",
              "nodes": [
                1,
                2,
                4,
                6,
                7,
                8,
                9,
                10,
                11,
                12,
                13,
                14,
                15,
                16,
                17,
                18,
                19
              ],
              "components": [
                "u1",
                "u2",
                "u3"
              ],
              "values": [
                [
                  60000.0,
                  6.3979994073,
                  0.0
                ],
                [
                  60000.0,
                  6.3979994073,
                  0.0
                ],
                [
                  60000.0,
                  4.9645131687,
                  0.77122833709
                ],
                [
                  60000.0,
                  3.5310269302,
                  1.5424566742
                ],
                [
                  60000.0,
                  3.594555205,
                  1.5424566742
                ],
                [
                  60000.0,
                  3.6580834797,
                  1.5424566742
                ],
                [
                  60000.0,
                  3.6397099602,
                  1.5985758622
                ],
                [
                  60000.0,
                  3.6213364407,
                  1.6546950501
                ],
                [
                  60000.0,
                  3.6320879674,
                  1.6546950501
                ],
                [
                  60000.0,
                  3.6428394941,
                  1.6546950501
                ],
                [
                  60000.0,
                  3.6583480701,
                  1.5985758622
                ],
                [
                  60000.0,
                  3.6738566462,
                  1.5424566742
                ],
                [
                  60000.0,
                  3.7369283231,
                  1.5424566742
                ],
                [
                  60000.0,
                  3.8,
                  1.5424566742
                ],
                [
                  60000.0,
                  3.8,
                  0.77122833709
                ],
                [
                  60000.0,
                  3.8,
                  0.0
                ],
                [
                  60000.0,
                  3.8,
                  0.0
                ]
              ]
            }
          }
        }
      ]
    }
  ]
}