{
  "meta": {
    "jobname": "contact5",
    "ccx_version": "2.21-multisolver",
    "solver": "SPOOLES",
    "num_threads": 1,
    "success": true,
    "exit_code": 0,
    "timings": {
      "total_wall_time_s": 0.020076
    },
    "mesh_statistics": {
      "nodes": 40,
      "elements": 2,
      "equations": 80
    }
  },
  "steps": [
    {
      "step_number": 1,
      "type": "STATIC",
      "converged": true,
      "increments": [
        {
          "increment_number": 1,
          "step_time": 1.0,
          "total_time": 0.0,
          "node_sets": {
            "NFIX2N_RF": {
              "set": "NFIX2N",
              "field": "RF",
              "nodes": [
                23,
                24,
                27,
                28,
                31,
                35,
                36,
                39
              ],
              "components": [
                "fx",
                "fy",
                "fz"
              ],
              "values": [
                [
                  0.071578243178,
                  0.0027766407182,
                  2.0833333339
                ],
                [
                  0.062227407622,
                  0.15915225058,
                  2.083333334
                ],
                [
                  0.0093738646708,
                  -0.001905541602,
                  2.083333334
                ],
                [
                  0.018734811641,
                  0.16382431964,
                  2.0833333339
                ],
                [
                  0.00081602237035,
                  0.28414840351,
                  -8.3333333338
                ],
                [
                  0.14206760618,
                  0.50126089902,
                  -8.3333333351
                ],
                [
                  0.14209489599,
                  0.0012126461754,
                  -8.333333333
                ],
                [
                  0.25041288814,
                  0.28412111284,
                  -8.3333333348
                ]
              ],
              "total": [
                0.69730573979,
                1.3945907309,
                -25.000000001
              ]
            },
            "NFIXN_RF": {
              "set": "NFIXN",
              "field": "RF",
              "nodes": [
                1,
                2,
                5,
                6,
                9,
                13,
                14,
                17
              ],
              "components": [
                "fx",
                "fy",
                "fz"
              ],
              "values": [
                [
                  -0.084057181215,
                  -0.0941497102,
                  -0.43529899767
                ],
                [
                  -0.084647285013,
                  0.05657754546,
                  -0.32229287024
                ],
                [
                  0.065272085999,
                  -0.094445076367,
                  -0.37879713131
                ],
                [
                  0.065860744645,
                  0.056871466377,
                  -0.26579400916
                ],
                [
                  -0.20111467305,
                  0.16719899489,
                  6.4483114717
                ],
                [
                  0.083597307672,
                  -0.11593523469,
                  6.3110424535
                ],
                [
                  0.083594425509,
                  0.4620951695,
                  6.9000325259
                ],
                [
                  0.37418883492,
                  0.1671961126,
                  6.7427965604
                ]
              ],
              "total": [
                0.30269425947,
                0.60540926757,
                25.000000003
              ]
            }
          }
        }
      ]
    }
  ]
}