{
  "meta": {
    "jobname": "contact1",
    "ccx_version": "2.21-multisolver",
    "solver": "SPOOLES",
    "num_threads": 1,
    "success": true,
    "exit_code": 0,
    "timings": {
      "total_wall_time_s": 0.011454
    },
    "mesh_statistics": {
      "nodes": 16,
      "elements": 2,
      "equations": 2
    }
  },
  "steps": [
    {
      "step_number": 1,
      "type": "STATIC",
      "converged": true,
      "increments": [
        {
          "increment_number": 1,
          "step_time": 1.0,
          "total_time": 0.0,
          "node_sets": {
            "NALLN_U": {
              "set": "NALLN",
              "field": "U",
              "nodes": [
                1,
                2,
                3,
                4,
                5,
                6,
                7,
                8,
                9,
                10,
                11,
                12,
                13,
                14,
                15,
                16
              ],
              "components": [
                "u1",
                "u2",
                "u3"
              ],
              "values": [
                [
                  0.0,
                  0.0,
                  0.0
                ],
                [
                  0.0,
                  0.0,
                  0.0
                ],
                [
                  0.0,
                  0.0,
                  -2.9399343163e-06
                ],
                [
                  0.0,
                  0.0,
                  -2.9399343163e-06
                ],
                [
                  0.0,
                  0.0,
                  0.0
                ],
                [
                  0.0,
                  0.0,
                  0.0
                ],
                [
                  0.0,
                  0.0,
                  -2.9399343163e-06
                ],
                [
                  0.0,
                  0.0,
                  -2.9399343163e-06
                ],
                [
                  0.0,
                  0.0,
                  -2.9874162975e-06
                ],
                [
                  0.0,
                  0.0,
                  -2.9874162975e-06
                ],
                [
                  0.0,
                  0.0,
                  0.0
                ],
                [
                  0.0,
                  0.0,
                  0.0
                ],
                [
                  0.0,
                  0.0,
                  -2.9874162975e-06
                ],
                [
                  0.0,
                  0.0,
                  -2.9874162975e-06
                ],
                [
                  0.0,
                  0.0,
                  0.0
                ],
                [
                  0.0,
                  0.0,
                  0.0
                ]
              ]
            },
            "NALLN_RF": {
              "set": "NALLN",
              "field": "RF",
              "nodes": [
                1,
                2,
                3,
                4,
                5,
                6,
                7,
                8,
                9,
                10,
                11,
                12,
                13,
                14,
                15,
                16
              ],
              "components": [
                "fx",
                "fy",
                "fz"
              ],
              "values": [
                [
                  -0.08904595657,
                  -0.089045957234,
                  0.20777328627
                ],
                [
                  -0.08904595657,
                  0.089045957234,
                  0.20777328627
                ],
                [
                  -0.08904595657,
                  0.089045957234,
                  0.058767112693
                ],
                [
                  -0.08904595657,
                  -0.089045957234,
                  0.058767112693
                ],
                [
                  0.08904595657,
                  -0.089045957234,
                  0.20777328627
                ],
                [
                  0.08904595657,
                  0.089045957234,
                  0.20777328627
                ],
                [
                  0.08904595657,
                  0.089045957234,
                  -0.058766958693
                ],
                [
                  0.08904595657,
                  -0.089045957234,
                  -0.058766958693
                ],
                [
                  2.8209218079e-18,
                  0.025592935576,
                  -0.042226713725
                ],
                [
                  0.025592935576,
                  -4.2105386946e-17,
                  -0.87332016682
                ],
                [
                  0.025592935576,
                  -1.8948794664e-18,
                  0.042226713725
                ],
                [
                  -2.8394343637e-18,
                  0.025592935576,
                  0.042226713725
                ],
                [
                  -0.025592935576,
                  2.1117199009e-18,
                  -0.042226713725
                ],
                [
                  1.9786988541e-18,
                  -0.025592935576,
                  -0.042226713725
                ],
                [
                  1.6299241492e-18,
                  -0.025592935576,
                  0.042226713725
                ],
                [
                  -0.025592935576,
                  3.3092909615e-18,
                  0.042226713725
                ]
              ],
              "total": [
                -3.1225022568e-17,
                1.7187078769e-17,
                1.1102230246e-16
              ]
            }
          },
          "element_sets": {
            "EALLE_S": {
              "set": "EALLE",
              "field": "S",
              "components": [
                "sxx",
                "syy",
                "szz",
                "sxy",
                "syz",
                "szx"
              ],
              "values": [
                {
                  "element": 1,
                  "s": [
                    -0.35618486813,
                    -0.35618486813,
                    -0.83109313891,
                    -3.1362704752e-40,
                    -8.0359679357e-18,
                    3.1521988073e-18
                  ]
                },
                {
                  "element": 2,
                  "s": [
                    1.809671357,
                    1.809671357,
                    4.2226926463,
                    1.9090796593e-38,
                    8.7660724117e-17,
                    1.75915402e-17
                  ]
                }
              ]
            }
          }
        }
      ]
    }
  ]
}