{
  "meta": {
    "jobname": "contactenergy",
    "ccx_version": "2.21-multisolver",
    "solver": "SPOOLES",
    "num_threads": 1,
    "success": true,
    "exit_code": 0,
    "timings": {
      "total_wall_time_s": 0.008819
    },
    "mesh_statistics": {
      "nodes": 16,
      "elements": 2,
      "equations": 28
    }
  },
  "steps": [
    {
      "step_number": 1,
      "type": "STATIC",
      "converged": true,
      "increments": [
        {
          "increment_number": 1,
          "step_time": 1.0,
          "total_time": 0.0,
          "node_sets": {
            "NALLN_U": {
              "set": "NALLN",
              "field": "U",
              "nodes": [
                1,
                2,
                3,
                4,
                5,
                6,
                7,
                8,
                9,
                10,
                11,
                12,
                13,
                14,
                15,
                16
              ],
              "components": [
                "u1",
                "u2",
                "u3"
              ],
              "values": [
                [
                  0.0,
                  0.0,
                  0.0
                ],
                [
                  0.0,
                  0.0,
                  0.0
                ],
                [
                  3.1287725111e-13,
                  5.3598885645e-20,
                  -1.9047619502e-05
                ],
                [
                  3.1287735714e-13,
                  5.3612417279e-20,
                  -1.9047619502e-05
                ],
                [
                  0.0,
                  0.0,
                  0.0
                ],
                [
                  0.0,
                  0.0,
                  0.0
                ],
                [
                  3.1287725144e-13,
                  -6.0312468197e-20,
                  -1.9047618877e-05
                ],
                [
                  3.1287735726e-13,
                  -6.0165593717e-20,
                  -1.9047618877e-05
                ],
                [
                  0.0,
                  0.0,
                  -2.9047669569e-05
                ],
                [
                  0.0,
                  0.0,
                  -2.9047669658e-05
                ],
                [
                  1.2514623144e-13,
                  3.1519363673e-17,
                  -0.0001242862447
                ],
                [
                  1.2514803196e-13,
                  3.3324124245e-17,
                  -0.00012428624461
                ],
                [
                  0.0,
                  0.0,
                  -2.9047669481e-05
                ],
                [
                  0.0,
                  0.0,
                  -2.9047669569e-05
                ],
                [
                  1.25148011e-13,
                  2.9741969443e-17,
                  -0.00012428624461
                ],
                [
                  1.2514981751e-13,
                  3.1540116927e-17,
                  -0.00012428624453
                ]
              ]
            },
            "NALLN_RF": {
              "set": "NALLN",
              "field": "RF",
              "nodes": [
                1,
                2,
                3,
                4,
                5,
                6,
                7,
                8,
                9,
                10,
                11,
                12,
                13,
                14,
                15,
                16
              ],
              "components": [
                "fx",
                "fy",
                "fz"
              ],
              "values": [
                [
                  5.8671656641e-15,
                  5.7301929563e-15,
                  1.0000000082
                ],
                [
                  -5.6894008913e-15,
                  5.7290599176e-15,
                  1.0000000082
                ],
                [
                  -9.4207965733e-17,
                  3.742809744e-17,
                  3.0061508838e-12
                ],
                [
                  -1.0721229034e-16,
                  4.121613014e-17,
                  2.8804181262e-12
                ],
                [
                  5.8708448712e-15,
                  -5.7460706069e-15,
                  0.99999999179
                ],
                [
                  -5.6844398866e-15,
                  -5.7491482288e-15,
                  0.99999999179
                ],
                [
                  -6.9848443866e-17,
                  -2.5761107388e-17,
                  3.3588132275e-12
                ],
                [
                  -9.2901058415e-17,
                  -1.6917158371e-17,
                  3.2337466038e-12
                ],
                [
                  -3.1951682407e-17,
                  3.7606574501e-14,
                  -2.5282553828e-12
                ],
                [
                  -3.7643043409e-14,
                  -3.0547954213e-17,
                  -2.0203005935e-12
                ],
                [
                  5.0122647315e-18,
                  1.4261336807e-17,
                  -1.0
                ],
                [
                  1.7289119754e-17,
                  2.3410281052e-17,
                  -1.0
                ],
                [
                  3.7628422859e-14,
                  -2.8648145626e-17,
                  -4.5146109073e-12
                ],
                [
                  -1.6754314959e-17,
                  -3.7634275256e-14,
                  -3.4154068462e-12
                ],
                [
                  -5.3724402277e-20,
                  3.9009185507e-17,
                  -1.0
                ],
                [
                  4.1078887021e-17,
                  1.0216051511e-17,
                  -1.0
                ]
              ],
              "total": [
                -1.0598274771e-24,
                4.6345578182e-30,
                -4.4408920985e-16
              ]
            }
          }
        }
      ]
    }
  ]
}