{
  "meta": {
    "jobname": "distcoup",
    "ccx_version": "2.21-multisolver",
    "solver": "SPOOLES",
    "num_threads": 1,
    "success": true,
    "exit_code": 0,
    "timings": {
      "total_wall_time_s": 0.019103
    },
    "mesh_statistics": {
      "nodes": 262,
      "elements": 33,
      "equations": 720
    }
  },
  "steps": [
    {
      "step_number": 1,
      "type": "STATIC",
      "converged": true,
      "increments": [
        {
          "increment_number": 1,
          "step_time": 1.0,
          "total_time": 0.0,
          "node_sets": {
            "FIXN_RF": {
              "set": "FIXN",
              "field": "RF",
              "nodes": [
                97,
                96,
                95,
                94,
                93,
                20,
                19,
                18,
                17,
                16,
                15,
                14,
                13,
                12,
                11,
                10,
                9,
                4,
                3,
                2,
                1
              ],
              "components": [
                "fx",
                "fy",
                "fz"
              ],
              "values": [
                [
                  3.7197606106e-12,
                  14.804773511,
                  27.449780568
                ],
                [
                  4.365188766e-13,
                  0.70437709113,
                  4.2119641108e-12
                ],
                [
                  -6.2080895979e-13,
                  -12.632471408,
                  -1.1795009414e-12
                ],
                [
                  4.6461792746e-13,
                  0.70437709114,
                  1.1479706075e-12
                ],
                [
                  -5.3330846683e-12,
                  14.804773511,
                  -27.449780568
                ],
                [
                  -3.986629533,
                  8.6810806135,
                  -16.396051516
                ],
                [
                  -2.3652260706e-13,
                  -5.6968141163,
                  -6.7079675148e-13
                ],
                [
                  3.986629533,
                  8.6810806135,
                  16.396051516
                ],
                [
                  -0.1523819569,
                  -4.3309813092,
                  21.830410628
                ],
                [
                  -8.0369044753e-13,
                  -8.4872400234,
                  -1.3879287404
                ],
                [
                  0.15238195691,
                  -4.3309813092,
                  21.830410628
                ],
                [
                  -3.986629533,
                  8.6810806135,
                  16.396051516
                ],
                [
                  -6.9222405585e-13,
                  -5.6968141163,
                  -3.650413305e-13
                ],
                [
                  3.986629533,
                  8.6810806135,
                  -16.396051516
                ],
                [
                  -0.15238195691,
                  -4.3309813092,
                  -21.830410628
                ],
                [
                  2.6412552701e-13,
                  -8.4872400234,
                  1.3879287404
                ],
                [
                  0.1523819569,
                  -4.3309813092,
                  -21.830410628
                ],
                [
                  2.1968761546,
                  -4.1045296835,
                  -0.19691715782
                ],
                [
                  -2.1968761546,
                  -4.1045296835,
                  -0.19691715782
                ],
                [
                  2.1968761546,
                  -4.1045296835,
                  0.19691715782
                ],
                [
                  -2.1968761546,
                  -4.1045296835,
                  0.19691715782
                ]
              ],
              "total": [
                -5.4649618164e-12,
                -9.0000000001,
                1.9569790233e-11
              ]
            }
          }
        }
      ]
    }
  ]
}