{
  "meta": {
    "jobname": "gaspipe9",
    "ccx_version": "2.21-multisolver",
    "solver": "SPOOLES",
    "num_threads": 1,
    "success": true,
    "exit_code": 0,
    "timings": {
      "total_wall_time_s": 0.007439
    },
    "mesh_statistics": {
      "nodes": 21,
      "elements": 11,
      "equations": 0
    }
  },
  "steps": [
    {
      "step_number": 1,
      "type": "STATIC",
      "converged": true,
      "increments": [
        {
          "increment_number": 1,
          "step_time": 1.0,
          "total_time": 0.0,
          "node_sets": {
            "NALLN_U": {
              "set": "NALLN",
              "field": "U",
              "nodes": [
                1,
                2,
                3,
                4,
                5,
                6,
                7,
                8,
                9,
                10,
                11,
                12,
                13,
                14,
                15,
                16,
                17,
                18,
                19,
                20,
                21
              ],
              "components": [
                "u1",
                "u2",
                "u3"
              ],
              "values": [
                [
                  0.00044475517386,
                  0.47,
                  550.0
                ],
                [
                  0.00044475517386,
                  0.47,
                  550.0
                ],
                [
                  0.00044475517386,
                  0.46892768537,
                  535.57371266
                ],
                [
                  0.00044475517386,
                  0.46785537074,
                  521.14742532
                ],
                [
                  0.00044475517386,
                  0.46677712907,
                  520.9574485
                ],
                [
                  0.00044475517386,
                  0.46569888739,
                  520.76747169
                ],
                [
                  0.00044475517386,
                  0.46461075131,
                  520.57116732
                ],
                [
                  0.00044475517386,
                  0.46352261522,
                  520.37486295
                ],
                [
                  0.00044475517386,
                  0.46242425339,
                  520.17186105
                ],
                [
                  0.00044475517386,
                  0.46132589156,
                  519.96885915
                ],
                [
                  0.00044475517386,
                  0.46021695224,
                  519.75875739
                ],
                [
                  0.00044475517386,
                  0.45910801291,
                  519.54865563
                ],
                [
                  0.00044475517386,
                  0.45798812204,
                  519.33101546
                ],
                [
                  0.00044475517386,
                  0.45686823116,
                  519.1133753
                ],
                [
                  0.00044475517386,
                  0.45573699024,
                  518.88771751
                ],
                [
                  0.00044475517386,
                  0.45460574933,
                  518.66205972
                ],
                [
                  0.00044475517386,
                  0.45346273258,
                  518.42785913
                ],
                [
                  0.00044475517386,
                  0.45231971583,
                  518.19365854
                ],
                [
                  0.00044475517386,
                  0.45115985791,
                  534.09682927
                ],
                [
                  0.00044475517386,
                  0.45,
                  550.0
                ],
                [
                  0.00044475517386,
                  0.45,
                  550.0
                ]
              ]
            },
            "NALLN_NT": {
              "set": "NALLN",
              "field": "NT",
              "nodes": [
                1,
                2,
                3,
                4,
                5,
                6,
                7,
                8,
                9,
                10,
                11,
                12,
                13,
                14,
                15,
                16,
                17,
                18,
                19,
                20,
                21
              ],
              "components": [
                "NT"
              ],
              "values": [
                [
                  550.0
                ],
                [
                  550.0
                ],
                [
                  550.0
                ],
                [
                  550.0
                ],
                [
                  550.0
                ],
                [
                  550.0
                ],
                [
                  550.0
                ],
                [
                  550.0
                ],
                [
                  550.0
                ],
                [
                  550.0
                ],
                [
                  550.0
                ],
                [
                  550.0
                ],
                [
                  550.0
                ],
                [
                  550.0
                ],
                [
                  550.0
                ],
                [
                  550.0
                ],
                [
                  550.0
                ],
                [
                  550.0
                ],
                [
                  550.0
                ],
                [
                  550.0
                ],
                [
                  550.0
                ]
              ]
            }
          }
        }
      ]
    }
  ]
}