{
  "meta": {
    "jobname": "gaspipe8-oil",
    "ccx_version": "2.21-multisolver",
    "solver": "SPOOLES",
    "num_threads": 1,
    "success": true,
    "exit_code": 0,
    "timings": {
      "total_wall_time_s": 0.005895
    },
    "mesh_statistics": {
      "nodes": 21,
      "elements": 11,
      "equations": 0
    }
  },
  "steps": [
    {
      "step_number": 1,
      "type": "STATIC",
      "converged": true,
      "increments": [
        {
          "increment_number": 1,
          "step_time": 1.0,
          "total_time": 0.0,
          "node_sets": {
            "NALLN_U": {
              "set": "NALLN",
              "field": "U",
              "nodes": [
                1,
                2,
                3,
                4,
                5,
                6,
                7,
                8,
                9,
                10,
                11,
                12,
                13,
                14,
                15,
                16,
                17,
                18,
                19,
                20,
                21
              ],
              "components": [
                "u1",
                "u2",
                "u3"
              ],
              "values": [
                [
                  0.41740446138,
                  470000.0,
                  550.0
                ],
                [
                  0.41740446138,
                  470000.0,
                  550.0
                ],
                [
                  0.41740446138,
                  468923.63292,
                  537.86725561
                ],
                [
                  0.41740446138,
                  467847.26584,
                  525.73451122
                ],
                [
                  0.41740446138,
                  466765.29753,
                  525.58450536
                ],
                [
                  0.41740446138,
                  465683.32923,
                  525.4344995
                ],
                [
                  0.41740446138,
                  464592.47932,
                  525.28001304
                ],
                [
                  0.41740446138,
                  463501.62942,
                  525.12552659
                ],
                [
                  0.41740446138,
                  462401.63984,
                  524.96633127
                ],
                [
                  0.41740446138,
                  461301.65026,
                  524.80713596
                ],
                [
                  0.41740446138,
                  460192.24933,
                  524.64298647
                ],
                [
                  0.41740446138,
                  459082.8484,
                  524.47883698
                ],
                [
                  0.41740446138,
                  457963.7498,
                  524.30946921
                ],
                [
                  0.41740446138,
                  456844.6512,
                  524.14010144
                ],
                [
                  0.41740446138,
                  455715.55275,
                  523.96523058
                ],
                [
                  0.41740446138,
                  454586.45431,
                  523.79035971
                ],
                [
                  0.41740446138,
                  453447.03671,
                  523.60967802
                ],
                [
                  0.41740446138,
                  452307.61912,
                  523.42899632
                ],
                [
                  0.41740446138,
                  451153.80956,
                  536.71449816
                ],
                [
                  0.41740446138,
                  450000.0,
                  550.0
                ],
                [
                  0.41740446138,
                  450000.0,
                  550.0
                ]
              ]
            },
            "NALLN_NT": {
              "set": "NALLN",
              "field": "NT",
              "nodes": [
                1,
                2,
                3,
                4,
                5,
                6,
                7,
                8,
                9,
                10,
                11,
                12,
                13,
                14,
                15,
                16,
                17,
                18,
                19,
                20,
                21
              ],
              "components": [
                "NT"
              ],
              "values": [
                [
                  550.0
                ],
                [
                  550.0
                ],
                [
                  550.0
                ],
                [
                  550.0
                ],
                [
                  550.0
                ],
                [
                  550.0
                ],
                [
                  550.0
                ],
                [
                  550.0
                ],
                [
                  550.0
                ],
                [
                  550.0
                ],
                [
                  550.0
                ],
                [
                  550.0
                ],
                [
                  550.0
                ],
                [
                  550.0
                ],
                [
                  550.0
                ],
                [
                  550.0
                ],
                [
                  550.0
                ],
                [
                  550.0
                ],
                [
                  550.0
                ],
                [
                  550.0
                ],
                [
                  550.0
                ]
              ]
            }
          }
        }
      ]
    }
  ]
}