{
  "meta": {
    "jobname": "hueeber3_mortar",
    "ccx_version": "2.21-multisolver",
    "solver": "SPOOLES",
    "num_threads": 1,
    "success": true,
    "exit_code": 0,
    "timings": {
      "total_wall_time_s": 16.452995
    },
    "mesh_statistics": {
      "nodes": 17524,
      "elements": 8500,
      "equations": 34520
    }
  },
  "steps": [
    {
      "step_number": 1,
      "type": "STATIC",
      "converged": true,
      "increments": [
        {
          "increment_number": 1,
          "step_time": 1.0,
          "total_time": 0.0,
          "node_sets": {
            "NOUTN_U": {
              "set": "NOUTN",
              "field": "U",
              "nodes": [
                1,
                4,
                5,
                8,
                9,
                12,
                13,
                16,
                17,
                20,
                21,
                24,
                25,
                28,
                29,
                32,
                33,
                36,
                37,
                40,
                41,
                44,
                45,
                48,
                49,
                52,
                53,
                56,
                57,
                60,
                61,
                64,
                65,
                68,
                69,
                72,
                73,
                76,
                77,
                80,
                81,
                84,
                85,
                88,
                89,
                92,
                93,
                96,
                97,
                100,
                101,
                104,
                105,
                108,
                109,
                112,
                113,
                116,
                117,
                120,
                121,
                124,
                125,
                128,
                129,
                132,
                133,
                136,
                137,
                140,
                141,
                144,
                145,
                148,
                149,
                152,
                153,
                156,
                157,
                160,
                161,
                164,
                165,
                168,
                169,
                172,
                173,
                176,
                177,
                180,
                181,
                184,
                185,
                188,
                189,
                192,
                193,
                196,
                197,
                200,
                201,
                204,
                205,
                208,
                209,
                212,
                213,
                216,
                217,
                220,
                221,
                224,
                225,
                228,
                229,
                232,
                233,
                236,
                237,
                240,
                241,
                244,
                17383,
                17384,
                17385,
                17386,
                17387,
                17388,
                17389,
                17390,
                17391,
                17392,
                17393,
                17394,
                17395,
                17396,
                17397,
                17398,
                17399,
                17400,
                17401,
                17402,
                17403,
                17404,
                17405,
                17406,
                17407,
                17408,
                17409,
                17410,
                17411,
                17412,
                17413,
                17414,
                17415,
                17416,
                17417,
                17418,
                17419,
                17420,
                17421,
                17422,
                17423,
                17424,
                17425,
                17426,
                17427,
                17428,
                17429,
                17430,
                17431,
                17432,
                17433,
                17434,
                17435,
                17436,
                17437,
                17438,
                17439,
                17440,
                17441,
                17442,
                17443,
                17444,
                17445,
                17446,
                17447,
                17448,
                17449,
                17450,
                17451,
                17452,
                17453,
                17454,
                17455,
                17456,
                17457,
                17458,
                17459,
                17460,
                17461,
                17462,
                17463,
                17464,
                17465,
                17466,
                17467,
                17468,
                17469,
                17470,
                17471,
                17472,
                17473,
                17474,
                17475,
                17476,
                17477,
                17478,
                17479,
                17480,
                17481,
                17482,
                17483,
                17484,
                17485,
                17486,
                17487,
                17488,
                17489,
                17490,
                17491,
                17492,
                17493,
                17494,
                17495,
                17496,
                17497,
                17498,
                17499,
                17500,
                17501,
                17502,
                17503,
                17504,
                17505,
                17506,
                17507,
                17508,
                17509,
                17510,
                17511,
                17512,
                17513,
                17514,
                17515,
                17516,
                17517,
                17518,
                17519,
                17520,
                17521,
                17522,
                17523,
                17524
              ],
              "components": [
                "u1",
                "u2",
                "u3"
              ],
              "values": [
                [
                  4.9675045538e-07,
                  -1.1988145286e-06,
                  0.0
                ],
                [
                  4.9675045538e-07,
                  -1.1988145286e-06,
                  0.0
                ],
                [
                  4.9030831458e-07,
                  -1.110124481e-06,
                  0.0
                ],
                [
                  4.9030831458e-07,
                  -1.110124481e-06,
                  0.0
                ],
                [
                  4.7678499175e-07,
                  -1.0400673477e-06,
                  0.0
                ],
                [
                  4.7678499175e-07,
                  -1.0400673477e-06,
                  0.0
                ],
                [
                  4.6184181985e-07,
                  -9.8038318542e-07,
                  0.0
                ],
                [
                  4.6184181985e-07,
                  -9.8038318542e-07,
                  0.0
                ],
                [
                  4.4646509142e-07,
                  -9.2775982144e-07,
                  0.0
                ],
                [
                  4.4646509142e-07,
                  -9.2775982144e-07,
                  0.0
                ],
                [
                  4.3085602917e-07,
                  -8.8040851758e-07,
                  0.0
                ],
                [
                  4.3085602917e-07,
                  -8.8040851758e-07,
                  0.0
                ],
                [
                  4.1506760971e-07,
                  -8.3728320794e-07,
                  0.0
                ],
                [
                  4.1506760971e-07,
                  -8.3728320794e-07,
                  0.0
                ],
                [
                  3.9911447248e-07,
                  -7.9769813145e-07,
                  0.0
                ],
                [
                  3.9911447248e-07,
                  -7.9769813145e-07,
                  0.0
                ],
                [
                  3.8300034452e-07,
                  -7.6117524729e-07,
                  0.0
                ],
                [
                  3.8300034452e-07,
                  -7.6117524729e-07,
                  0.0
                ],
                [
                  3.6672595919e-07,
                  -7.27365359e-07,
                  0.0
                ],
                [
                  3.6672595919e-07,
                  -7.27365359e-07,
                  0.0
                ],
                [
                  3.502918829e-07,
                  -6.9600483253e-07,
                  0.0
                ],
                [
                  3.502918829e-07,
                  -6.9600483253e-07,
                  0.0
                ],
                [
                  3.3369952344e-07,
                  -6.6688958884e-07,
                  0.0
                ],
                [
                  3.3369952344e-07,
                  -6.6688958884e-07,
                  0.0
                ],
                [
                  3.1695144565e-07,
                  -6.3985864052e-07,
                  0.0
                ],
                [
                  3.1695144565e-07,
                  -6.3985864052e-07,
                  0.0
                ],
                [
                  3.0005139858e-07,
                  -6.1478321805e-07,
                  0.0
                ],
                [
                  3.0005139858e-07,
                  -6.1478321805e-07,
                  0.0
                ],
                [
                  2.8300422397e-07,
                  -5.9155939487e-07,
                  0.0
                ],
                [
                  2.8300422397e-07,
                  -5.9155939487e-07,
                  0.0
                ],
                [
                  2.6581572189e-07,
                  -5.7010304698e-07,
                  0.0
                ],
                [
                  2.6581572189e-07,
                  -5.7010304698e-07,
                  0.0
                ],
                [
                  2.4849250474e-07,
                  -5.503465591e-07,
                  0.0
                ],
                [
                  2.4849250474e-07,
                  -5.503465591e-07,
                  0.0
                ],
                [
                  2.3104189006e-07,
                  -5.3223699582e-07,
                  0.0
                ],
                [
                  2.3104189006e-07,
                  -5.3223699582e-07,
                  0.0
                ],
                [
                  2.1347185665e-07,
                  -5.1573708977e-07,
                  0.0
                ],
                [
                  2.1347185665e-07,
                  -5.1573708977e-07,
                  0.0
                ],
                [
                  1.9579308416e-07,
                  -5.008273419e-07,
                  0.0
                ],
                [
                  1.9579308416e-07,
                  -5.008273419e-07,
                  0.0
                ],
                [
                  1.7803713833e-07,
                  -4.8755847429e-07,
                  0.0
                ],
                [
                  1.7803713833e-07,
                  -4.8755847429e-07,
                  0.0
                ],
                [
                  1.6025192652e-07,
                  -4.7586837404e-07,
                  0.0
                ],
                [
                  1.6025192652e-07,
                  -4.7586837404e-07,
                  0.0
                ],
                [
                  1.4246188067e-07,
                  -4.6559095132e-07,
                  0.0
                ],
                [
                  1.4246188067e-07,
                  -4.6559095132e-07,
                  0.0
                ],
                [
                  1.2466808714e-07,
                  -4.5664879536e-07,
                  0.0
                ],
                [
                  1.2466808714e-07,
                  -4.5664879536e-07,
                  0.0
                ],
                [
                  1.0686984952e-07,
                  -4.4898596443e-07,
                  0.0
                ],
                [
                  1.0686984952e-07,
                  -4.4898596443e-07,
                  0.0
                ],
                [
                  8.9066957787e-08,
                  -4.4256129111e-07,
                  0.0
                ],
                [
                  8.9066957787e-08,
                  -4.4256129111e-07,
                  0.0
                ],
                [
                  7.1259628605e-08,
                  -4.3734327478e-07,
                  0.0
                ],
                [
                  7.1259628605e-08,
                  -4.3734327478e-07,
                  0.0
                ],
                [
                  5.3448409751e-08,
                  -4.3330794987e-07,
                  0.0
                ],
                [
                  5.3448409751e-08,
                  -4.3330794987e-07,
                  0.0
                ],
                [
                  3.563408249e-08,
                  -4.3043764457e-07,
                  0.0
                ],
                [
                  3.563408249e-08,
                  -4.3043764457e-07,
                  0.0
                ],
                [
                  1.7817594556e-08,
                  -4.287202042e-07,
                  0.0
                ],
                [
                  1.7817594557e-08,
                  -4.287202042e-07,
                  0.0
                ],
                [
                  -6.0227848796e-21,
                  -4.2814850416e-07,
                  0.0
                ],
                [
                  2.1255233276e-21,
                  -4.2814850416e-07,
                  0.0
                ],
                [
                  -1.7817594557e-08,
                  -4.287202042e-07,
                  0.0
                ],
                [
                  -1.7817594557e-08,
                  -4.287202042e-07,
                  0.0
                ],
                [
                  -3.563408249e-08,
                  -4.3043764457e-07,
                  0.0
                ],
                [
                  -3.563408249e-08,
                  -4.3043764457e-07,
                  0.0
                ],
                [
                  -5.3448409751e-08,
                  -4.3330794987e-07,
                  0.0
                ],
                [
                  -5.3448409751e-08,
                  -4.3330794987e-07,
                  0.0
                ],
                [
                  -7.1259628605e-08,
                  -4.3734327478e-07,
                  0.0
                ],
                [
                  -7.1259628605e-08,
                  -4.3734327478e-07,
                  0.0
                ],
                [
                  -8.9066957787e-08,
                  -4.4256129111e-07,
                  0.0
                ],
                [
                  -8.9066957787e-08,
                  -4.4256129111e-07,
                  0.0
                ],
                [
                  -1.0686984952e-07,
                  -4.4898596443e-07,
                  0.0
                ],
                [
                  -1.0686984952e-07,
                  -4.4898596443e-07,
                  0.0
                ],
                [
                  -1.2466808714e-07,
                  -4.5664879536e-07,
                  0.0
                ],
                [
                  -1.2466808714e-07,
                  -4.5664879536e-07,
                  0.0
                ],
                [
                  -1.4246188067e-07,
                  -4.6559095132e-07,
                  0.0
                ],
                [
                  -1.4246188067e-07,
                  -4.6559095132e-07,
                  0.0
                ],
                [
                  -1.6025192652e-07,
                  -4.7586837404e-07,
                  0.0
                ],
                [
                  -1.6025192652e-07,
                  -4.7586837404e-07,
                  0.0
                ],
                [
                  -1.7803713833e-07,
                  -4.8755847429e-07,
                  0.0
                ],
                [
                  -1.7803713833e-07,
                  -4.8755847429e-07,
                  0.0
                ],
                [
                  -1.9579308416e-07,
                  -5.008273419e-07,
                  0.0
                ],
                [
                  -1.9579308416e-07,
                  -5.008273419e-07,
                  0.0
                ],
                [
                  -2.1347185665e-07,
                  -5.1573708977e-07,
                  0.0
                ],
                [
                  -2.1347185665e-07,
                  -5.1573708977e-07,
                  0.0
                ],
                [
                  -2.3104189006e-07,
                  -5.3223699582e-07,
                  0.0
                ],
                [
                  -2.3104189006e-07,
                  -5.3223699582e-07,
                  0.0
                ],
                [
                  -2.4849250474e-07,
                  -5.503465591e-07,
                  0.0
                ],
                [
                  -2.4849250474e-07,
                  -5.503465591e-07,
                  0.0
                ],
                [
                  -2.6581572189e-07,
                  -5.7010304698e-07,
                  0.0
                ],
                [
                  -2.6581572189e-07,
                  -5.7010304698e-07,
                  0.0
                ],
                [
                  -2.8300422397e-07,
                  -5.9155939487e-07,
                  0.0
                ],
                [
                  -2.8300422397e-07,
                  -5.9155939487e-07,
                  0.0
                ],
                [
                  -3.0005139858e-07,
                  -6.1478321805e-07,
                  0.0
                ],
                [
                  -3.0005139858e-07,
                  -6.1478321805e-07,
                  0.0
                ],
                [
                  -3.1695144565e-07,
                  -6.3985864052e-07,
                  0.0
                ],
                [
                  -3.1695144565e-07,
                  -6.3985864052e-07,
                  0.0
                ],
                [
                  -3.3369952344e-07,
                  -6.6688958884e-07,
                  0.0
                ],
                [
                  -3.3369952344e-07,
                  -6.6688958884e-07,
                  0.0
                ],
                [
                  -3.502918829e-07,
                  -6.9600483253e-07,
                  0.0
                ],
                [
                  -3.502918829e-07,
                  -6.9600483253e-07,
                  0.0
                ],
                [
                  -3.6672595919e-07,
                  -7.27365359e-07,
                  0.0
                ],
                [
                  -3.6672595919e-07,
                  -7.27365359e-07,
                  0.0
                ],
                [
                  -3.8300034452e-07,
                  -7.6117524729e-07,
                  0.0
                ],
                [
                  -3.8300034452e-07,
                  -7.6117524729e-07,
                  0.0
                ],
                [
                  -3.9911447248e-07,
                  -7.9769813145e-07,
                  0.0
                ],
                [
                  -3.9911447248e-07,
                  -7.9769813145e-07,
                  0.0
                ],
                [
                  -4.1506760971e-07,
                  -8.3728320794e-07,
                  0.0
                ],
                [
                  -4.1506760971e-07,
                  -8.3728320794e-07,
                  0.0
                ],
                [
                  -4.3085602917e-07,
                  -8.8040851758e-07,
                  0.0
                ],
                [
                  -4.3085602917e-07,
                  -8.8040851758e-07,
                  0.0
                ],
                [
                  -4.4646509142e-07,
                  -9.2775982144e-07,
                  0.0
                ],
                [
                  -4.4646509142e-07,
                  -9.2775982144e-07,
                  0.0
                ],
                [
                  -4.6184181985e-07,
                  -9.8038318542e-07,
                  0.0
                ],
                [
                  -4.6184181985e-07,
                  -9.8038318542e-07,
                  0.0
                ],
                [
                  -4.7678499175e-07,
                  -1.0400673477e-06,
                  0.0
                ],
                [
                  -4.7678499175e-07,
                  -1.0400673477e-06,
                  0.0
                ],
                [
                  -4.9030831458e-07,
                  -1.110124481e-06,
                  0.0
                ],
                [
                  -4.9030831458e-07,
                  -1.110124481e-06,
                  0.0
                ],
                [
                  -4.9675045538e-07,
                  -1.1988145286e-06,
                  0.0
                ],
                [
                  -4.9675045538e-07,
                  -1.1988145286e-06,
                  0.0
                ],
                [
                  2.1227947204e-10,
                  -4.9771137784e-07,
                  0.0
                ],
                [
                  2.1227947204e-10,
                  -4.9771137784e-07,
                  0.0
                ],
                [
                  2.1232170192e-10,
                  -4.9759161989e-07,
                  0.0
                ],
                [
                  2.1232170193e-10,
                  -4.9759161989e-07,
                  0.0
                ],
                [
                  2.1210800963e-10,
                  -4.9747297582e-07,
                  0.0
                ],
                [
                  2.1210800963e-10,
                  -4.9747297582e-07,
                  0.0
                ],
                [
                  2.1079455726e-10,
                  -4.9735568156e-07,
                  0.0
                ],
                [
                  2.1079455726e-10,
                  -4.9735568156e-07,
                  0.0
                ],
                [
                  2.0764833567e-10,
                  -4.972392889e-07,
                  0.0
                ],
                [
                  2.0764833567e-10,
                  -4.972392889e-07,
                  0.0
                ],
                [
                  2.021508626e-10,
                  -4.971230321e-07,
                  0.0
                ],
                [
                  2.021508626e-10,
                  -4.971230321e-07,
                  0.0
                ],
                [
                  1.9396518346e-10,
                  -4.9700600557e-07,
                  0.0
                ],
                [
                  1.9396518346e-10,
                  -4.9700600557e-07,
                  0.0
                ],
                [
                  1.8289234524e-10,
                  -4.9688724006e-07,
                  0.0
                ],
                [
                  1.8289234524e-10,
                  -4.9688724006e-07,
                  0.0
                ],
                [
                  1.6883395351e-10,
                  -4.9676573461e-07,
                  0.0
                ],
                [
                  1.6883395351e-10,
                  -4.9676573461e-07,
                  0.0
                ],
                [
                  1.5176391815e-10,
                  -4.9664046502e-07,
                  0.0
                ],
                [
                  1.5176391815e-10,
                  -4.9664046502e-07,
                  0.0
                ],
                [
                  1.3170773089e-10,
                  -4.9651037934e-07,
                  0.0
                ],
                [
                  1.3170773089e-10,
                  -4.9651037934e-07,
                  0.0
                ],
                [
                  1.0872740188e-10,
                  -4.9637438436e-07,
                  0.0
                ],
                [
                  1.0872740188e-10,
                  -4.9637438436e-07,
                  0.0
                ],
                [
                  8.2910511215e-11,
                  -4.9623132497e-07,
                  0.0
                ],
                [
                  8.2910511215e-11,
                  -4.9623132497e-07,
                  0.0
                ],
                [
                  5.4362239931e-11,
                  -4.9607995574e-07,
                  0.0
                ],
                [
                  5.4362239931e-11,
                  -4.9607995574e-07,
                  0.0
                ],
                [
                  2.3199568965e-11,
                  -4.9591890289e-07,
                  0.0
                ],
                [
                  2.3199568966e-11,
                  -4.9591890289e-07,
                  0.0
                ],
                [
                  -1.0452931878e-11,
                  -4.9574661255e-07,
                  0.0
                ],
                [
                  -1.0452931878e-11,
                  -4.9574661255e-07,
                  0.0
                ],
                [
                  -4.6466043e-11,
                  -4.9556127816e-07,
                  0.0
                ],
                [
                  -4.6466043e-11,
                  -4.9556127816e-07,
                  0.0
                ],
                [
                  -8.4707821353e-11,
                  -4.9536073388e-07,
                  0.0
                ],
                [
                  -8.4707821353e-11,
                  -4.9536073388e-07,
                  0.0
                ],
                [
                  -1.2504244018e-10,
                  -4.9514229116e-07,
                  0.0
                ],
                [
                  -1.2504244018e-10,
                  -4.9514229116e-07,
                  0.0
                ],
                [
                  -1.6732815942e-10,
                  -4.9490245891e-07,
                  0.0
                ],
                [
                  -1.6732815942e-10,
                  -4.9490245891e-07,
                  0.0
                ],
                [
                  -2.1135364388e-10,
                  -4.9463649883e-07,
                  0.0
                ],
                [
                  -2.1135364387e-10,
                  -4.9463649883e-07,
                  0.0
                ],
                [
                  -2.5688962011e-10,
                  -4.9433711819e-07,
                  0.0
                ],
                [
                  -2.5688962011e-10,
                  -4.9433711819e-07,
                  0.0
                ],
                [
                  -3.0154555287e-10,
                  -4.9399540858e-07,
                  0.0
                ],
                [
                  -3.0154555287e-10,
                  -4.9399540858e-07,
                  0.0
                ],
                [
                  -3.4133241036e-10,
                  -4.9356399245e-07,
                  0.0
                ],
                [
                  -3.4133241036e-10,
                  -4.9356399245e-07,
                  0.0
                ],
                [
                  -3.7218383501e-10,
                  -4.9305234092e-07,
                  0.0
                ],
                [
                  -3.7218383501e-10,
                  -4.9305234092e-07,
                  0.0
                ],
                [
                  -3.9025981507e-10,
                  -4.9250747512e-07,
                  0.0
                ],
                [
                  -3.9025981507e-10,
                  -4.9250747512e-07,
                  0.0
                ],
                [
                  -3.9397781165e-10,
                  -4.9196843663e-07,
                  0.0
                ],
                [
                  -3.9397781165e-10,
                  -4.9196843663e-07,
                  0.0
                ],
                [
                  -3.839624338e-10,
                  -4.9145299703e-07,
                  0.0
                ],
                [
                  -3.839624338e-10,
                  -4.9145299703e-07,
                  0.0
                ],
                [
                  -3.6179705458e-10,
                  -4.9097388124e-07,
                  0.0
                ],
                [
                  -3.6179705458e-10,
                  -4.9097388124e-07,
                  0.0
                ],
                [
                  -3.2912223063e-10,
                  -4.9054346955e-07,
                  0.0
                ],
                [
                  -3.2912223062e-10,
                  -4.9054346955e-07,
                  0.0
                ],
                [
                  -2.8754128349e-10,
                  -4.9017010082e-07,
                  0.0
                ],
                [
                  -2.8754128349e-10,
                  -4.9017010082e-07,
                  0.0
                ],
                [
                  -2.3867426936e-10,
                  -4.8985780784e-07,
                  0.0
                ],
                [
                  -2.3867426936e-10,
                  -4.8985780784e-07,
                  0.0
                ],
                [
                  -1.8406069054e-10,
                  -4.8961055011e-07,
                  0.0
                ],
                [
                  -1.8406069054e-10,
                  -4.8961055011e-07,
                  0.0
                ],
                [
                  -1.2512737595e-10,
                  -4.8943139174e-07,
                  0.0
                ],
                [
                  -1.2512737595e-10,
                  -4.8943139174e-07,
                  0.0
                ],
                [
                  -6.3290316668e-11,
                  -4.8932261843e-07,
                  0.0
                ],
                [
                  -6.3290316668e-11,
                  -4.8932261843e-07,
                  0.0
                ],
                [
                  -1.4002730582e-21,
                  -4.8928596753e-07,
                  0.0
                ],
                [
                  -9.1654183654e-22,
                  -4.8928596753e-07,
                  0.0
                ],
                [
                  6.3290316665e-11,
                  -4.8932261843e-07,
                  0.0
                ],
                [
                  6.3290316666e-11,
                  -4.8932261843e-07,
                  0.0
                ],
                [
                  1.2512737595e-10,
                  -4.8943139174e-07,
                  0.0
                ],
                [
                  1.2512737595e-10,
                  -4.8943139174e-07,
                  0.0
                ],
                [
                  1.8406069054e-10,
                  -4.8961055011e-07,
                  0.0
                ],
                [
                  1.8406069054e-10,
                  -4.8961055011e-07,
                  0.0
                ],
                [
                  2.3867426935e-10,
                  -4.8985780784e-07,
                  0.0
                ],
                [
                  2.3867426935e-10,
                  -4.8985780784e-07,
                  0.0
                ],
                [
                  2.8754128348e-10,
                  -4.9017010082e-07,
                  0.0
                ],
                [
                  2.8754128348e-10,
                  -4.9017010082e-07,
                  0.0
                ],
                [
                  3.2912223062e-10,
                  -4.9054346955e-07,
                  0.0
                ],
                [
                  3.2912223062e-10,
                  -4.9054346955e-07,
                  0.0
                ],
                [
                  3.6179705457e-10,
                  -4.9097388124e-07,
                  0.0
                ],
                [
                  3.6179705457e-10,
                  -4.9097388124e-07,
                  0.0
                ],
                [
                  3.8396243379e-10,
                  -4.9145299703e-07,
                  0.0
                ],
                [
                  3.839624338e-10,
                  -4.9145299703e-07,
                  0.0
                ],
                [
                  3.9397781165e-10,
                  -4.9196843663e-07,
                  0.0
                ],
                [
                  3.9397781165e-10,
                  -4.9196843663e-07,
                  0.0
                ],
                [
                  3.9025981506e-10,
                  -4.9250747512e-07,
                  0.0
                ],
                [
                  3.9025981506e-10,
                  -4.9250747512e-07,
                  0.0
                ],
                [
                  3.7218383501e-10,
                  -4.9305234092e-07,
                  0.0
                ],
                [
                  3.7218383501e-10,
                  -4.9305234092e-07,
                  0.0
                ],
                [
                  3.4133241036e-10,
                  -4.9356399245e-07,
                  0.0
                ],
                [
                  3.4133241036e-10,
                  -4.9356399245e-07,
                  0.0
                ],
                [
                  3.0154555287e-10,
                  -4.9399540858e-07,
                  0.0
                ],
                [
                  3.0154555287e-10,
                  -4.9399540858e-07,
                  0.0
                ],
                [
                  2.5688962011e-10,
                  -4.9433711819e-07,
                  0.0
                ],
                [
                  2.5688962011e-10,
                  -4.9433711819e-07,
                  0.0
                ],
                [
                  2.1135364387e-10,
                  -4.9463649883e-07,
                  0.0
                ],
                [
                  2.1135364387e-10,
                  -4.9463649883e-07,
                  0.0
                ],
                [
                  1.6732815941e-10,
                  -4.9490245891e-07,
                  0.0
                ],
                [
                  1.6732815941e-10,
                  -4.9490245891e-07,
                  0.0
                ],
                [
                  1.2504244018e-10,
                  -4.9514229116e-07,
                  0.0
                ],
                [
                  1.2504244018e-10,
                  -4.9514229116e-07,
                  0.0
                ],
                [
                  8.4707821351e-11,
                  -4.9536073388e-07,
                  0.0
                ],
                [
                  8.4707821351e-11,
                  -4.9536073388e-07,
                  0.0
                ],
                [
                  4.6466042997e-11,
                  -4.9556127816e-07,
                  0.0
                ],
                [
                  4.6466042997e-11,
                  -4.9556127816e-07,
                  0.0
                ],
                [
                  1.0452931876e-11,
                  -4.9574661255e-07,
                  0.0
                ],
                [
                  1.0452931876e-11,
                  -4.9574661255e-07,
                  0.0
                ],
                [
                  -2.3199568968e-11,
                  -4.9591890289e-07,
                  0.0
                ],
                [
                  -2.3199568968e-11,
                  -4.9591890289e-07,
                  0.0
                ],
                [
                  -5.4362239933e-11,
                  -4.9607995574e-07,
                  0.0
                ],
                [
                  -5.4362239933e-11,
                  -4.9607995574e-07,
                  0.0
                ],
                [
                  -8.2910511217e-11,
                  -4.9623132497e-07,
                  0.0
                ],
                [
                  -8.2910511217e-11,
                  -4.9623132497e-07,
                  0.0
                ],
                [
                  -1.0872740188e-10,
                  -4.9637438436e-07,
                  0.0
                ],
                [
                  -1.0872740188e-10,
                  -4.9637438436e-07,
                  0.0
                ],
                [
                  -1.3170773089e-10,
                  -4.9651037934e-07,
                  0.0
                ],
                [
                  -1.3170773089e-10,
                  -4.9651037934e-07,
                  0.0
                ],
                [
                  -1.5176391816e-10,
                  -4.9664046502e-07,
                  0.0
                ],
                [
                  -1.5176391816e-10,
                  -4.9664046502e-07,
                  0.0
                ],
                [
                  -1.6883395351e-10,
                  -4.9676573461e-07,
                  0.0
                ],
                [
                  -1.6883395351e-10,
                  -4.9676573461e-07,
                  0.0
                ],
                [
                  -1.8289234524e-10,
                  -4.9688724006e-07,
                  0.0
                ],
                [
                  -1.8289234524e-10,
                  -4.9688724006e-07,
                  0.0
                ],
                [
                  -1.9396518347e-10,
                  -4.9700600557e-07,
                  0.0
                ],
                [
                  -1.9396518347e-10,
                  -4.9700600557e-07,
                  0.0
                ],
                [
                  -2.021508626e-10,
                  -4.971230321e-07,
                  0.0
                ],
                [
                  -2.021508626e-10,
                  -4.971230321e-07,
                  0.0
                ],
                [
                  -2.0764833567e-10,
                  -4.972392889e-07,
                  0.0
                ],
                [
                  -2.0764833567e-10,
                  -4.972392889e-07,
                  0.0
                ],
                [
                  -2.1079455726e-10,
                  -4.9735568156e-07,
                  0.0
                ],
                [
                  -2.1079455726e-10,
                  -4.9735568156e-07,
                  0.0
                ],
                [
                  -2.1210800964e-10,
                  -4.9747297582e-07,
                  0.0
                ],
                [
                  -2.1210800964e-10,
                  -4.9747297582e-07,
                  0.0
                ],
                [
                  -2.1232170193e-10,
                  -4.9759161989e-07,
                  0.0
                ],
                [
                  -2.1232170193e-10,
                  -4.9759161989e-07,
                  0.0
                ],
                [
                  -2.1227947205e-10,
                  -4.9771137784e-07,
                  0.0
                ],
                [
                  -2.1227947205e-10,
                  -4.9771137784e-07,
                  0.0
                ]
              ]
            }
          }
        }
      ]
    }
  ]
}