{
  "meta": {
    "jobname": "lin_stat_cooks_beam_128",
    "ccx_version": "2.21-multisolver",
    "solver": "SPOOLES",
    "num_threads": 1,
    "success": true,
    "exit_code": 0,
    "timings": {
      "total_wall_time_s": 0.026342
    },
    "mesh_statistics": {
      "nodes": 81,
      "elements": 128,
      "equations": 432
    }
  },
  "steps": [
    {
      "step_number": 1,
      "type": "STATIC",
      "converged": true,
      "increments": [
        {
          "increment_number": 1,
          "step_time": 1.0,
          "total_time": 0.0,
          "node_sets": {
            "NALLN_U": {
              "set": "NALLN",
              "field": "U",
              "nodes": [
                1,
                2,
                3,
                4,
                5,
                6,
                7,
                8,
                9,
                10,
                11,
                12,
                13,
                14,
                15,
                16,
                17,
                18,
                19,
                20,
                21,
                22,
                23,
                24,
                25,
                26,
                27,
                28,
                29,
                30,
                31,
                32,
                33,
                34,
                35,
                36,
                37,
                38,
                39,
                40,
                41,
                42,
                43,
                44,
                45,
                46,
                47,
                48,
                49,
                50,
                51,
                52,
                53,
                54,
                55,
                56,
                57,
                58,
                59,
                60,
                61,
                62,
                63,
                64,
                65,
                66,
                67,
                68,
                69,
                70,
                71,
                72,
                73,
                74,
                75,
                76,
                77,
                78,
                79,
                80,
                81
              ],
              "components": [
                "u1",
                "u2",
                "u3"
              ],
              "values": [
                [
                  -9.8919928055,
                  22.315198439,
                  0.0
                ],
                [
                  -1.1439956904,
                  5.2870018524,
                  0.0
                ],
                [
                  1.8040667749,
                  4.7065452533,
                  0.0
                ],
                [
                  -8.4618184868,
                  22.130356779,
                  0.0
                ],
                [
                  -7.0847709138,
                  21.966988953,
                  0.0
                ],
                [
                  -5.7296293879,
                  21.835097809,
                  0.0
                ],
                [
                  -4.3545022341,
                  21.798759872,
                  0.0
                ],
                [
                  0.0,
                  0.0,
                  0.0
                ],
                [
                  -7.9157650251,
                  5.801448969,
                  0.0
                ],
                [
                  0.0,
                  0.0,
                  0.0
                ],
                [
                  0.0,
                  0.0,
                  0.0
                ],
                [
                  -11.401970502,
                  22.505442779,
                  0.0
                ],
                [
                  -13.015551392,
                  22.686143141,
                  0.0
                ],
                [
                  -14.750191716,
                  22.835127565,
                  0.0
                ],
                [
                  -16.672563421,
                  22.9785368,
                  0.0
                ],
                [
                  -7.1045498525,
                  16.867217824,
                  0.0
                ],
                [
                  -4.6450014817,
                  12.172437216,
                  0.0
                ],
                [
                  -2.6412282051,
                  8.314912396,
                  0.0
                ],
                [
                  -0.036748114804,
                  5.1718070097,
                  0.0
                ],
                [
                  0.82835338911,
                  5.0505294456,
                  0.0
                ],
                [
                  1.4459721533,
                  4.9047310251,
                  0.0
                ],
                [
                  1.6884771502,
                  7.6414422041,
                  0.0
                ],
                [
                  0.76751852355,
                  11.505950263,
                  0.0
                ],
                [
                  -1.1728062295,
                  16.262770755,
                  0.0
                ],
                [
                  0.27378775342,
                  0.5266599099,
                  0.0
                ],
                [
                  0.27979272748,
                  1.4695200628,
                  0.0
                ],
                [
                  -0.16787560644,
                  3.0270921609,
                  0.0
                ],
                [
                  -2.4896657991,
                  5.4068272733,
                  0.0
                ],
                [
                  -4.0669679432,
                  5.5326881543,
                  0.0
                ],
                [
                  -5.8742650792,
                  5.663368404,
                  0.0
                ],
                [
                  -5.8708362808,
                  3.4953727058,
                  0.0
                ],
                [
                  -3.9587684585,
                  1.8277427984,
                  0.0
                ],
                [
                  -2.109176959,
                  0.71237292033,
                  0.0
                ],
                [
                  0.0,
                  0.0,
                  0.0
                ],
                [
                  0.0,
                  0.0,
                  0.0
                ],
                [
                  0.0,
                  0.0,
                  0.0
                ],
                [
                  0.0,
                  0.0,
                  0.0
                ],
                [
                  0.0,
                  0.0,
                  0.0
                ],
                [
                  0.0,
                  0.0,
                  0.0
                ],
                [
                  0.27640301868,
                  0.58168285565,
                  0.0
                ],
                [
                  0.76833103067,
                  1.3981622314,
                  0.0
                ],
                [
                  1.3820110172,
                  2.6752660063,
                  0.0
                ],
                [
                  -14.542669346,
                  17.277229542,
                  0.0
                ],
                [
                  -12.322913813,
                  12.642152673,
                  0.0
                ],
                [
                  -10.086076012,
                  8.8303863757,
                  0.0
                ],
                [
                  -5.5355489469,
                  16.711333249,
                  0.0
                ],
                [
                  -3.0842653144,
                  12.013131216,
                  0.0
                ],
                [
                  -1.2480822074,
                  8.1659910608,
                  0.0
                ],
                [
                  -4.0225479168,
                  16.552046758,
                  0.0
                ],
                [
                  -1.6506596172,
                  11.849884347,
                  0.0
                ],
                [
                  -0.051608291846,
                  8.0105252214,
                  0.0
                ],
                [
                  -2.5552707099,
                  16.40037556,
                  0.0
                ],
                [
                  -0.35502715189,
                  11.683858198,
                  0.0
                ],
                [
                  0.9322591859,
                  7.8415134299,
                  0.0
                ],
                [
                  0.029100337589,
                  0.43864313018,
                  0.0
                ],
                [
                  -0.32017166958,
                  1.446103877,
                  0.0
                ],
                [
                  -1.1734672871,
                  3.0945125073,
                  0.0
                ],
                [
                  -0.33799720283,
                  0.38610771428,
                  0.0
                ],
                [
                  -1.1709511044,
                  1.4874355845,
                  0.0
                ],
                [
                  -2.4611357881,
                  3.1997627169,
                  0.0
                ],
                [
                  -0.90883786093,
                  0.42984151421,
                  0.0
                ],
                [
                  -2.3859256806,
                  1.6328760262,
                  0.0
                ],
                [
                  -4.0296764538,
                  3.3357643965,
                  0.0
                ],
                [
                  0.58164186626,
                  2.9814406459,
                  0.0
                ],
                [
                  0.67919331962,
                  1.5149098579,
                  0.0
                ],
                [
                  0.41369818585,
                  0.61385229492,
                  0.0
                ],
                [
                  1.091013093,
                  2.9302129725,
                  0.0
                ],
                [
                  0.89192724545,
                  1.5431636528,
                  0.0
                ],
                [
                  0.4534514987,
                  0.67025404752,
                  0.0
                ],
                [
                  1.3614194178,
                  2.8411088907,
                  0.0
                ],
                [
                  0.92005205421,
                  1.516862044,
                  0.0
                ],
                [
                  0.39841564864,
                  0.66792534944,
                  0.0
                ],
                [
                  -4.217526203,
                  8.4577838714,
                  0.0
                ],
                [
                  -6.3308548817,
                  12.320541156,
                  0.0
                ],
                [
                  -8.7577980864,
                  17.009066422,
                  0.0
                ],
                [
                  -5.975600135,
                  8.5919063373,
                  0.0
                ],
                [
                  -8.1556282327,
                  12.449973404,
                  0.0
                ],
                [
                  -10.527440966,
                  17.128590907,
                  0.0
                ],
                [
                  -7.9256891325,
                  8.71519522,
                  0.0
                ],
                [
                  -10.143818679,
                  12.5566399,
                  0.0
                ],
                [
                  -12.446209704,
                  17.21933118,
                  0.0
                ]
              ]
            }
          },
          "element_sets": {
            "EALLE_S": {
              "set": "EALLE",
              "field": "S",
              "components": [
                "sxx",
                "syy",
                "szz",
                "sxy",
                "syz",
                "szx"
              ],
              "values": [
                {
                  "element": 1,
                  "s": [
                    0.011349594338,
                    0.093609984891,
                    0.0,
                    0.053110353325,
                    0.0,
                    0.0
                  ]
                },
                {
                  "element": 2,
                  "s": [
                    -0.017552932192,
                    0.058018141116,
                    0.0,
                    0.079395941429,
                    0.0,
                    0.0
                  ]
                },
                {
                  "element": 3,
                  "s": [
                    0.01337498285,
                    0.068494502951,
                    0.0,
                    0.038663016563,
                    0.0,
                    0.0
                  ]
                },
                {
                  "element": 4,
                  "s": [
                    -0.0093098264928,
                    0.053844556006,
                    0.0,
                    0.073104743095,
                    0.0,
                    0.0
                  ]
                },
                {
                  "element": 5,
                  "s": [
                    0.02413614702,
                    0.061919111174,
                    0.0,
                    0.026796087264,
                    0.0,
                    0.0
                  ]
                },
                {
                  "element": 6,
                  "s": [
                    0.005554019611,
                    0.048210936363,
                    0.0,
                    0.06868999976,
                    0.0,
                    0.0
                  ]
                },
                {
                  "element": 7,
                  "s": [
                    0.029731463094,
                    0.053465647839,
                    0.0,
                    0.023035405054,
                    0.0,
                    0.0
                  ]
                },
                {
                  "element": 8,
                  "s": [
                    0.018475963603,
                    0.038221588996,
                    0.0,
                    0.066283226176,
                    0.0,
                    0.0
                  ]
                },
                {
                  "element": 9,
                  "s": [
                    0.020304914942,
                    0.087564115115,
                    0.0,
                    0.060546153693,
                    0.0,
                    0.0
                  ]
                },
                {
                  "element": 10,
                  "s": [
                    -0.010229973489,
                    0.061361506369,
                    0.0,
                    0.086141306794,
                    0.0,
                    0.0
                  ]
                },
                {
                  "element": 11,
                  "s": [
                    0.049143048082,
                    0.082306113165,
                    0.0,
                    0.045843602988,
                    0.0,
                    0.0
                  ]
                },
                {
                  "element": 12,
                  "s": [
                    0.01350599726,
                    0.062212664925,
                    0.0,
                    0.08756239792,
                    0.0,
                    0.0
                  ]
                },
                {
                  "element": 13,
                  "s": [
                    0.065446991552,
                    0.077668010855,
                    0.0,
                    0.040867951193,
                    0.0,
                    0.0
                  ]
                },
                {
                  "element": 14,
                  "s": [
                    0.035022077548,
                    0.0605515004,
                    0.0,
                    0.088031223143,
                    0.0,
                    0.0
                  ]
                },
                {
                  "element": 15,
                  "s": [
                    0.071413250652,
                    0.068793074041,
                    0.0,
                    0.041631416123,
                    0.0,
                    0.0
                  ]
                },
                {
                  "element": 16,
                  "s": [
                    0.04999061455,
                    0.050886392558,
                    0.0,
                    0.086842714414,
                    0.0,
                    0.0
                  ]
                },
                {
                  "element": 17,
                  "s": [
                    0.03618149357,
                    0.076871137565,
                    0.0,
                    0.066446061503,
                    0.0,
                    0.0
                  ]
                },
                {
                  "element": 18,
                  "s": [
                    0.0039678648073,
                    0.067040049301,
                    0.0,
                    0.0915290263,
                    0.0,
                    0.0
                  ]
                },
                {
                  "element": 19,
                  "s": [
                    0.094810834717,
                    0.090334313537,
                    0.0,
                    0.053832840509,
                    0.0,
                    0.0
                  ]
                },
                {
                  "element": 20,
                  "s": [
                    0.039588428087,
                    0.070637603943,
                    0.0,
                    0.10605935101,
                    0.0,
                    0.0
                  ]
                },
                {
                  "element": 21,
                  "s": [
                    0.10856772827,
                    0.094244183239,
                    0.0,
                    0.056797741278,
                    0.0,
                    0.0
                  ]
                },
                {
                  "element": 22,
                  "s": [
                    0.064394209247,
                    0.072593849955,
                    0.0,
                    0.10985050322,
                    0.0,
                    0.0
                  ]
                },
                {
                  "element": 23,
                  "s": [
                    0.10859433048,
                    0.087113794195,
                    0.0,
                    0.060979913293,
                    0.0,
                    0.0
                  ]
                },
                {
                  "element": 24,
                  "s": [
                    0.078380526153,
                    0.06571596961,
                    0.0,
                    0.10698791481,
                    0.0,
                    0.0
                  ]
                },
                {
                  "element": 25,
                  "s": [
                    0.071163033539,
                    0.060462381056,
                    0.0,
                    0.07054712445,
                    0.0,
                    0.0
                  ]
                },
                {
                  "element": 26,
                  "s": [
                    0.034223877744,
                    0.077934193336,
                    0.0,
                    0.1007665683,
                    0.0,
                    0.0
                  ]
                },
                {
                  "element": 27,
                  "s": [
                    0.13995302462,
                    0.093031222435,
                    0.0,
                    0.069077997116,
                    0.0,
                    0.0
                  ]
                },
                {
                  "element": 28,
                  "s": [
                    0.068981990237,
                    0.094331031881,
                    0.0,
                    0.12463934967,
                    0.0,
                    0.0
                  ]
                },
                {
                  "element": 29,
                  "s": [
                    0.14496451364,
                    0.10074643992,
                    0.0,
                    0.079481351318,
                    0.0,
                    0.0
                  ]
                },
                {
                  "element": 30,
                  "s": [
                    0.090985663298,
                    0.097725270238,
                    0.0,
                    0.1309996232,
                    0.0,
                    0.0
                  ]
                },
                {
                  "element": 31,
                  "s": [
                    0.13807809965,
                    0.099426962333,
                    0.0,
                    0.082740530039,
                    0.0,
                    0.0
                  ]
                },
                {
                  "element": 32,
                  "s": [
                    0.10089505514,
                    0.092395715467,
                    0.0,
                    0.1259049463,
                    0.0,
                    0.0
                  ]
                },
                {
                  "element": 33,
                  "s": [
                    0.051838038397,
                    0.017279328853,
                    0.0,
                    0.031910557165,
                    0.0,
                    0.0
                  ]
                },
                {
                  "element": 34,
                  "s": [
                    0.02860708589,
                    -0.0083787678798,
                    0.0,
                    0.014114152402,
                    0.0,
                    0.0
                  ]
                },
                {
                  "element": 35,
                  "s": [
                    0.029223586842,
                    -0.0071164216117,
                    0.0,
                    0.043603822313,
                    0.0,
                    0.0
                  ]
                },
                {
                  "element": 36,
                  "s": [
                    0.012599930334,
                    -0.0022576013111,
                    0.0,
                    0.016973294409,
                    0.0,
                    0.0
                  ]
                },
                {
                  "element": 37,
                  "s": [
                    0.0063059598258,
                    -0.0015663597934,
                    0.0,
                    0.048222583264,
                    0.0,
                    0.0
                  ]
                },
                {
                  "element": 38,
                  "s": [
                    -0.0056715968812,
                    0.012742271578,
                    0.0,
                    0.011259771714,
                    0.0,
                    0.0
                  ]
                },
                {
                  "element": 39,
                  "s": [
                    -0.0068848215065,
                    0.015273022266,
                    0.0,
                    0.045691886025,
                    0.0,
                    0.0
                  ]
                },
                {
                  "element": 40,
                  "s": [
                    -0.01300473319,
                    0.026431340378,
                    0.0,
                    0.0048669159884,
                    0.0,
                    0.0
                  ]
                },
                {
                  "element": 41,
                  "s": [
                    0.0058332115645,
                    0.0019444019104,
                    0.0,
                    0.026075114245,
                    0.0,
                    0.0
                  ]
                },
                {
                  "element": 42,
                  "s": [
                    -0.028260060387,
                    -0.020675369504,
                    0.0,
                    0.00045962136229,
                    0.0,
                    0.0
                  ]
                },
                {
                  "element": 43,
                  "s": [
                    -0.023916328093,
                    -0.017471474803,
                    0.0,
                    0.03628102667,
                    0.0,
                    0.0
                  ]
                },
                {
                  "element": 44,
                  "s": [
                    -0.053958999257,
                    -0.01093291625,
                    0.0,
                    0.00019961698523,
                    0.0,
                    0.0
                  ]
                },
                {
                  "element": 45,
                  "s": [
                    -0.0419508217,
                    -0.0031638212834,
                    0.0,
                    0.030721224222,
                    0.0,
                    0.0
                  ]
                },
                {
                  "element": 46,
                  "s": [
                    -0.067063211513,
                    0.0019379419236,
                    0.0,
                    -0.011814577252,
                    0.0,
                    0.0
                  ]
                },
                {
                  "element": 47,
                  "s": [
                    -0.045527516251,
                    0.010800609861,
                    0.0,
                    0.022500039925,
                    0.0,
                    0.0
                  ]
                },
                {
                  "element": 48,
                  "s": [
                    -0.062571489008,
                    0.011548424887,
                    0.0,
                    -0.01638351916,
                    0.0,
                    0.0
                  ]
                },
                {
                  "element": 49,
                  "s": [
                    -0.063255978925,
                    -0.021085305223,
                    0.0,
                    0.022236045041,
                    0.0,
                    0.0
                  ]
                },
                {
                  "element": 50,
                  "s": [
                    -0.1145657397,
                    -0.033623724969,
                    0.0,
                    -0.01359848847,
                    0.0,
                    0.0
                  ]
                },
                {
                  "element": 51,
                  "s": [
                    -0.092874507913,
                    -0.018245404501,
                    0.0,
                    0.023743716607,
                    0.0,
                    0.0
                  ]
                },
                {
                  "element": 52,
                  "s": [
                    -0.14506582965,
                    -0.017108930822,
                    0.0,
                    -0.028263038963,
                    0.0,
                    0.0
                  ]
                },
                {
                  "element": 53,
                  "s": [
                    -0.088227871191,
                    0.0022376055934,
                    0.0,
                    0.0017691883486,
                    0.0,
                    0.0
                  ]
                },
                {
                  "element": 54,
                  "s": [
                    -0.12502060285,
                    -0.010385009105,
                    0.0,
                    -0.03760393128,
                    0.0,
                    0.0
                  ]
                },
                {
                  "element": 55,
                  "s": [
                    -0.086473031452,
                    0.0048432275708,
                    0.0,
                    -0.0019955015771,
                    0.0,
                    0.0
                  ]
                },
                {
                  "element": 56,
                  "s": [
                    -0.11300986637,
                    -0.0043061386322,
                    0.0,
                    -0.039037481716,
                    0.0,
                    0.0
                  ]
                },
                {
                  "element": 57,
                  "s": [
                    -0.17110607873,
                    -0.057035302543,
                    0.0,
                    0.022391355679,
                    0.0,
                    0.0
                  ]
                },
                {
                  "element": 58,
                  "s": [
                    -0.28543908907,
                    -0.036017404339,
                    0.0,
                    -0.047723098902,
                    0.0,
                    0.0
                  ]
                },
                {
                  "element": 59,
                  "s": [
                    -0.14695812388,
                    0.0035024897822,
                    0.0,
                    -0.023220114927,
                    0.0,
                    0.0
                  ]
                },
                {
                  "element": 60,
                  "s": [
                    -0.20351715139,
                    -0.023569144524,
                    0.0,
                    -0.061612703866,
                    0.0,
                    0.0
                  ]
                },
                {
                  "element": 61,
                  "s": [
                    -0.1365687657,
                    -0.0055260021413,
                    0.0,
                    -0.029740139982,
                    0.0,
                    0.0
                  ]
                },
                {
                  "element": 62,
                  "s": [
                    -0.17932061152,
                    -0.019240914577,
                    0.0,
                    -0.06314677589,
                    0.0,
                    0.0
                  ]
                },
                {
                  "element": 63,
                  "s": [
                    -0.13012869721,
                    -0.0076779175401,
                    0.0,
                    -0.027509529338,
                    0.0,
                    0.0
                  ]
                },
                {
                  "element": 64,
                  "s": [
                    -0.1655229205,
                    -0.016159346655,
                    0.0,
                    -0.062136667517,
                    0.0,
                    0.0
                  ]
                },
                {
                  "element": 65,
                  "s": [
                    0.034499177624,
                    0.040874023162,
                    0.0,
                    0.025126152952,
                    0.0,
                    0.0
                  ]
                },
                {
                  "element": 66,
                  "s": [
                    0.03045727858,
                    0.022524894433,
                    0.0,
                    0.06497786871,
                    0.0,
                    0.0
                  ]
                },
                {
                  "element": 67,
                  "s": [
                    0.044741331284,
                    0.024344992426,
                    0.0,
                    0.029410838948,
                    0.0,
                    0.0
                  ]
                },
                {
                  "element": 68,
                  "s": [
                    0.047080695027,
                    0.0069186800104,
                    0.0,
                    0.060249632569,
                    0.0,
                    0.0
                  ]
                },
                {
                  "element": 69,
                  "s": [
                    0.057466856212,
                    0.0083024494008,
                    0.0,
                    0.030092937536,
                    0.0,
                    0.0
                  ]
                },
                {
                  "element": 70,
                  "s": [
                    0.065691603076,
                    0.0050090919802,
                    0.0,
                    0.049523854793,
                    0.0,
                    0.0
                  ]
                },
                {
                  "element": 71,
                  "s": [
                    0.06382033898,
                    0.0037151378741,
                    0.0,
                    0.027539917845,
                    0.0,
                    0.0
                  ]
                },
                {
                  "element": 72,
                  "s": [
                    0.078138818849,
                    0.026046246903,
                    0.0,
                    0.037572138123,
                    0.0,
                    0.0
                  ]
                },
                {
                  "element": 73,
                  "s": [
                    0.075170388605,
                    0.05551526764,
                    0.0,
                    0.043972385008,
                    0.0,
                    0.0
                  ]
                },
                {
                  "element": 74,
                  "s": [
                    0.062993786261,
                    0.03489317908,
                    0.0,
                    0.08134391849,
                    0.0,
                    0.0
                  ]
                },
                {
                  "element": 75,
                  "s": [
                    0.08036377335,
                    0.037359574857,
                    0.0,
                    0.044491185354,
                    0.0,
                    0.0
                  ]
                },
                {
                  "element": 76,
                  "s": [
                    0.076245420881,
                    0.020420729129,
                    0.0,
                    0.06978320391,
                    0.0,
                    0.0
                  ]
                },
                {
                  "element": 77,
                  "s": [
                    0.083012331876,
                    0.020447278105,
                    0.0,
                    0.041578083109,
                    0.0,
                    0.0
                  ]
                },
                {
                  "element": 78,
                  "s": [
                    0.085276227272,
                    0.017640919653,
                    0.0,
                    0.054298013132,
                    0.0,
                    0.0
                  ]
                },
                {
                  "element": 79,
                  "s": [
                    0.079042053884,
                    0.014849612093,
                    0.0,
                    0.039091553453,
                    0.0,
                    0.0
                  ]
                },
                {
                  "element": 80,
                  "s": [
                    0.085554599333,
                    0.028518171259,
                    0.0,
                    0.041322925938,
                    0.0,
                    0.0
                  ]
                },
                {
                  "element": 81,
                  "s": [
                    0.10552573772,
                    0.073345214638,
                    0.0,
                    0.061530329542,
                    0.0,
                    0.0
                  ]
                },
                {
                  "element": 82,
                  "s": [
                    0.087924182179,
                    0.051254573906,
                    0.0,
                    0.096004730768,
                    0.0,
                    0.0
                  ]
                },
                {
                  "element": 83,
                  "s": [
                    0.099614941257,
                    0.053815578131,
                    0.0,
                    0.057785354026,
                    0.0,
                    0.0
                  ]
                },
                {
                  "element": 84,
                  "s": [
                    0.092187711843,
                    0.036511676669,
                    0.0,
                    0.077550259551,
                    0.0,
                    0.0
                  ]
                },
                {
                  "element": 85,
                  "s": [
                    0.089007489831,
                    0.035260332145,
                    0.0,
                    0.051186757032,
                    0.0,
                    0.0
                  ]
                },
                {
                  "element": 86,
                  "s": [
                    0.088049034614,
                    0.029163253675,
                    0.0,
                    0.05689993919,
                    0.0,
                    0.0
                  ]
                },
                {
                  "element": 87,
                  "s": [
                    0.074901178973,
                    0.026073409357,
                    0.0,
                    0.046437964967,
                    0.0,
                    0.0
                  ]
                },
                {
                  "element": 88,
                  "s": [
                    0.075832574673,
                    0.025277499613,
                    0.0,
                    0.040768341711,
                    0.0,
                    0.0
                  ]
                },
                {
                  "element": 89,
                  "s": [
                    0.12326915201,
                    0.088024690508,
                    0.0,
                    0.079365817708,
                    0.0,
                    0.0
                  ]
                },
                {
                  "element": 90,
                  "s": [
                    0.10164886696,
                    0.078654263029,
                    0.0,
                    0.10876661146,
                    0.0,
                    0.0
                  ]
                },
                {
                  "element": 91,
                  "s": [
                    0.10136810294,
                    0.068226534372,
                    0.0,
                    0.070085748935,
                    0.0,
                    0.0
                  ]
                },
                {
                  "element": 92,
                  "s": [
                    0.091092367686,
                    0.060235394243,
                    0.0,
                    0.081980894814,
                    0.0,
                    0.0
                  ]
                },
                {
                  "element": 93,
                  "s": [
                    0.077378196507,
                    0.047251053056,
                    0.0,
                    0.057559597781,
                    0.0,
                    0.0
                  ]
                },
                {
                  "element": 94,
                  "s": [
                    0.071406174615,
                    0.042979046014,
                    0.0,
                    0.055081789118,
                    0.0,
                    0.0
                  ]
                },
                {
                  "element": 95,
                  "s": [
                    0.057889413389,
                    0.034190548882,
                    0.0,
                    0.046370165481,
                    0.0,
                    0.0
                  ]
                },
                {
                  "element": 96,
                  "s": [
                    0.051305613269,
                    0.017101853988,
                    0.0,
                    0.036733325776,
                    0.0,
                    0.0
                  ]
                },
                {
                  "element": 97,
                  "s": [
                    -0.014668966226,
                    0.02825099355,
                    0.0,
                    0.045222485709,
                    0.0,
                    0.0
                  ]
                },
                {
                  "element": 98,
                  "s": [
                    -0.013867768026,
                    0.037290219023,
                    0.0,
                    0.0052202412555,
                    0.0,
                    0.0
                  ]
                },
                {
                  "element": 99,
                  "s": [
                    -0.022703419258,
                    0.036781420307,
                    0.0,
                    0.050377182528,
                    0.0,
                    0.0
                  ]
                },
                {
                  "element": 100,
                  "s": [
                    -0.014828240267,
                    0.04525265124,
                    0.0,
                    0.012998911104,
                    0.0,
                    0.0
                  ]
                },
                {
                  "element": 101,
                  "s": [
                    -0.027480103716,
                    0.043673409733,
                    0.0,
                    0.059685342684,
                    0.0,
                    0.0
                  ]
                },
                {
                  "element": 102,
                  "s": [
                    -0.013509700686,
                    0.05306261818,
                    0.0,
                    0.028051689907,
                    0.0,
                    0.0
                  ]
                },
                {
                  "element": 103,
                  "s": [
                    -0.021413602885,
                    0.051684885484,
                    0.0,
                    0.070547608478,
                    0.0,
                    0.0
                  ]
                },
                {
                  "element": 104,
                  "s": [
                    0.0049700770243,
                    0.093566450022,
                    0.0,
                    0.043711033617,
                    0.0,
                    0.0
                  ]
                },
                {
                  "element": 105,
                  "s": [
                    -0.048839234496,
                    0.018440507612,
                    0.0,
                    0.024155551526,
                    0.0,
                    0.0
                  ]
                },
                {
                  "element": 106,
                  "s": [
                    -0.057779345511,
                    0.019988553653,
                    0.0,
                    -0.013284207829,
                    0.0,
                    0.0
                  ]
                },
                {
                  "element": 107,
                  "s": [
                    -0.049677933741,
                    0.025171991138,
                    0.0,
                    0.031948987726,
                    0.0,
                    0.0
                  ]
                },
                {
                  "element": 108,
                  "s": [
                    -0.051324647219,
                    0.026623154255,
                    0.0,
                    -0.0029617572503,
                    0.0,
                    0.0
                  ]
                },
                {
                  "element": 109,
                  "s": [
                    -0.042540726927,
                    0.032128243743,
                    0.0,
                    0.044283890751,
                    0.0,
                    0.0
                  ]
                },
                {
                  "element": 110,
                  "s": [
                    -0.036313816182,
                    0.035543601415,
                    0.0,
                    0.012729337535,
                    0.0,
                    0.0
                  ]
                },
                {
                  "element": 111,
                  "s": [
                    -0.023588909945,
                    0.042560215607,
                    0.0,
                    0.058492565813,
                    0.0,
                    0.0
                  ]
                },
                {
                  "element": 112,
                  "s": [
                    -0.0016941169912,
                    0.085768924292,
                    0.0,
                    0.032061048717,
                    0.0,
                    0.0
                  ]
                },
                {
                  "element": 113,
                  "s": [
                    -0.084119043781,
                    0.008292700768,
                    0.0,
                    0.0024867039683,
                    0.0,
                    0.0
                  ]
                },
                {
                  "element": 114,
                  "s": [
                    -0.10245101112,
                    0.0014219903683,
                    0.0,
                    -0.034004390535,
                    0.0,
                    0.0
                  ]
                },
                {
                  "element": 115,
                  "s": [
                    -0.076159559264,
                    0.013479783036,
                    0.0,
                    0.011754149378,
                    0.0,
                    0.0
                  ]
                },
                {
                  "element": 116,
                  "s": [
                    -0.087116090064,
                    0.006336297145,
                    0.0,
                    -0.023034521641,
                    0.0,
                    0.0
                  ]
                },
                {
                  "element": 117,
                  "s": [
                    -0.056877642147,
                    0.019868619628,
                    0.0,
                    0.025114043096,
                    0.0,
                    0.0
                  ]
                },
                {
                  "element": 118,
                  "s": [
                    -0.059262917541,
                    0.015132733507,
                    0.0,
                    -0.0080520807283,
                    0.0,
                    0.0
                  ]
                },
                {
                  "element": 119,
                  "s": [
                    -0.025229908421,
                    0.031156576415,
                    0.0,
                    0.0422787616,
                    0.0,
                    0.0
                  ]
                },
                {
                  "element": 120,
                  "s": [
                    -0.01062182127,
                    0.068040888479,
                    0.0,
                    0.017623690331,
                    0.0,
                    0.0
                  ]
                },
                {
                  "element": 121,
                  "s": [
                    -0.1214764766,
                    -0.0058640553783,
                    0.0,
                    -0.021251704377,
                    0.0,
                    0.0
                  ]
                },
                {
                  "element": 122,
                  "s": [
                    -0.14953611923,
                    -0.013269671583,
                    0.0,
                    -0.057160937337,
                    0.0,
                    0.0
                  ]
                },
                {
                  "element": 123,
                  "s": [
                    -0.1041253368,
                    -0.0017346855186,
                    0.0,
                    -0.01192745583,
                    0.0,
                    0.0
                  ]
                },
                {
                  "element": 124,
                  "s": [
                    -0.12450629846,
                    -0.010618356805,
                    0.0,
                    -0.047300726665,
                    0.0,
                    0.0
                  ]
                },
                {
                  "element": 125,
                  "s": [
                    -0.073581185386,
                    0.0040764082648,
                    0.0,
                    0.0011986331355,
                    0.0,
                    0.0
                  ]
                },
                {
                  "element": 126,
                  "s": [
                    -0.084739015405,
                    -0.0021679593593,
                    0.0,
                    -0.034584490677,
                    0.0,
                    0.0
                  ]
                },
                {
                  "element": 127,
                  "s": [
                    -0.028572015824,
                    0.011904001773,
                    0.0,
                    0.021765663786,
                    0.0,
                    0.0
                  ]
                },
                {
                  "element": 128,
                  "s": [
                    -0.023921037402,
                    0.037037,
                    0.0,
                    -0.0026234146486,
                    0.0,
                    0.0
                  ]
                }
              ]
            }
          }
        }
      ]
    }
  ]
}