{
  "meta": {
    "jobname": "linearnet",
    "ccx_version": "2.21-multisolver",
    "solver": "SPOOLES",
    "num_threads": 1,
    "success": true,
    "exit_code": 0,
    "timings": {
      "total_wall_time_s": 0.005114
    },
    "mesh_statistics": {
      "nodes": 7,
      "elements": 4,
      "equations": 0
    }
  },
  "steps": [
    {
      "step_number": 1,
      "type": "STATIC",
      "converged": true,
      "increments": [
        {
          "increment_number": 1,
          "step_time": 1.0,
          "total_time": 0.0,
          "node_sets": {
            "NALLN_U": {
              "set": "NALLN",
              "field": "U",
              "nodes": [
                1,
                2,
                3,
                4,
                5,
                6,
                7
              ],
              "components": [
                "u1",
                "u2",
                "u3"
              ],
              "values": [
                [
                  0.03,
                  80000.0,
                  500.0
                ],
                [
                  0.03,
                  80000.0,
                  500.0
                ],
                [
                  0.03,
                  75325.890125,
                  500.0
                ],
                [
                  0.03,
                  70651.780249,
                  500.0
                ],
                [
                  0.03,
                  65081.046193,
                  500.0
                ],
                [
                  0.03,
                  59510.312137,
                  500.0
                ],
                [
                  0.03,
                  59510.312137,
                  500.0
                ]
              ]
            },
            "NALLN_NT": {
              "set": "NALLN",
              "field": "NT",
              "nodes": [
                1,
                2,
                3,
                4,
                5,
                6,
                7
              ],
              "components": [
                "NT"
              ],
              "values": [
                [
                  500.0
                ],
                [
                  500.0
                ],
                [
                  500.0
                ],
                [
                  500.0
                ],
                [
                  500.0
                ],
                [
                  500.0
                ],
                [
                  500.0
                ]
              ]
            }
          }
        }
      ]
    }
  ]
}