{
  "meta": {
    "jobname": "modelchel3",
    "ccx_version": "2.21-multisolver",
    "solver": "SPOOLES",
    "num_threads": 1,
    "success": true,
    "exit_code": 0,
    "timings": {
      "total_wall_time_s": 0.510048
    },
    "mesh_statistics": {
      "nodes": 261,
      "elements": 32,
      "equations": 720
    }
  },
  "steps": [
    {
      "step_number": 1,
      "type": "STATIC",
      "converged": true,
      "increments": [
        {
          "increment_number": 1,
          "step_time": 1.0,
          "total_time": 0.0,
          "element_sets": {
            "E1E_S": {
              "set": "E1E",
              "field": "S",
              "components": [
                "sxx",
                "syy",
                "szz",
                "sxy",
                "syz",
                "szx"
              ],
              "values": [
                {
                  "element": 29,
                  "s": [
                    0.0,
                    0.0,
                    0.0,
                    0.0,
                    0.0,
                    0.0
                  ]
                }
              ]
            }
          }
        }
      ]
    },
    {
      "step_number": 2,
      "type": "STATIC",
      "converged": true,
      "increments": [
        {
          "increment_number": 1,
          "step_time": 1.0,
          "total_time": 1.0,
          "element_sets": {
            "E1E_S": {
              "set": "E1E",
              "field": "S",
              "components": [
                "sxx",
                "syy",
                "szz",
                "sxy",
                "syz",
                "szx"
              ],
              "values": [
                {
                  "element": 29,
                  "s": [
                    0.0,
                    0.0,
                    0.0,
                    0.0,
                    0.0,
                    0.0
                  ]
                }
              ]
            }
          }
        }
      ]
    },
    {
      "step_number": 3,
      "type": "STATIC",
      "converged": true,
      "increments": [
        {
          "increment_number": 1,
          "step_time": 1.0,
          "total_time": 2.0,
          "element_sets": {
            "E1E_S": {
              "set": "E1E",
              "field": "S",
              "components": [
                "sxx",
                "syy",
                "szz",
                "sxy",
                "syz",
                "szx"
              ],
              "values": [
                {
                  "element": 29,
                  "s": [
                    -82.476049463,
                    -117.2931436,
                    1227.2073086,
                    -23.301879781,
                    -163.40440076,
                    96.041550973
                  ]
                }
              ]
            }
          }
        }
      ]
    },
    {
      "step_number": 4,
      "type": "STATIC",
      "converged": true,
      "increments": [
        {
          "increment_number": 1,
          "step_time": 1.0,
          "total_time": 3.0,
          "element_sets": {
            "E1E_S": {
              "set": "E1E",
              "field": "S",
              "components": [
                "sxx",
                "syy",
                "szz",
                "sxy",
                "syz",
                "szx"
              ],
              "values": [
                {
                  "element": 29,
                  "s": [
                    0.0,
                    0.0,
                    0.0,
                    0.0,
                    0.0,
                    0.0
                  ]
                }
              ]
            }
          }
        }
      ]
    },
    {
      "step_number": 5,
      "type": "STATIC",
      "converged": true,
      "increments": [
        {
          "increment_number": 1,
          "step_time": 1.0,
          "total_time": 4.0,
          "element_sets": {
            "E1E_S": {
              "set": "E1E",
              "field": "S",
              "components": [
                "sxx",
                "syy",
                "szz",
                "sxy",
                "syz",
                "szx"
              ],
              "values": [
                {
                  "element": 29,
                  "s": [
                    -1.7185406311e-05,
                    -1.5220276367e-06,
                    -3.5320158883e-06,
                    7.1387146965e-07,
                    -2.164591535e-05,
                    1.6980516437e-06
                  ]
                }
              ]
            }
          }
        }
      ]
    }
  ]
}