{
  "meta": {
    "jobname": "oneel20fi2",
    "ccx_version": "2.21-multisolver",
    "solver": "SPOOLES",
    "num_threads": 1,
    "success": true,
    "exit_code": 0,
    "timings": {
      "total_wall_time_s": 0.393303
    },
    "mesh_statistics": {
      "nodes": 20,
      "elements": 1,
      "equations": 12
    }
  },
  "steps": [
    {
      "step_number": 1,
      "type": "DYNAMIC",
      "converged": true,
      "increments": [
        {
          "increment_number": 1,
          "step_time": 0.01,
          "total_time": 0.0,
          "node_sets": {
            "NALLN_NT": {
              "set": "NALLN",
              "field": "NT",
              "nodes": [
                1,
                2,
                3,
                4,
                5,
                6,
                7,
                8,
                9,
                10,
                11,
                12,
                13,
                14,
                15,
                16,
                17,
                18,
                19,
                20
              ],
              "components": [
                "NT"
              ],
              "values": [
                [
                  -0.00011999329777
                ],
                [
                  -0.00011999329777
                ],
                [
                  -0.00011999329778
                ],
                [
                  -0.00011999329778
                ],
                [
                  5.0
                ],
                [
                  5.0
                ],
                [
                  5.0
                ],
                [
                  5.0
                ],
                [
                  -0.00011999329778
                ],
                [
                  -0.00011999329777
                ],
                [
                  -0.00011999329778
                ],
                [
                  -0.00011999329777
                ],
                [
                  3.8762548401
                ],
                [
                  3.8762548401
                ],
                [
                  3.8762548401
                ],
                [
                  3.8762548401
                ],
                [
                  5.0
                ],
                [
                  5.0
                ],
                [
                  5.0
                ],
                [
                  5.0
                ]
              ]
            }
          }
        },
        {
          "increment_number": 2,
          "step_time": 0.02,
          "total_time": 0.0,
          "node_sets": {
            "NALLN_NT": {
              "set": "NALLN",
              "field": "NT",
              "nodes": [
                1,
                2,
                3,
                4,
                5,
                6,
                7,
                8,
                9,
                10,
                11,
                12,
                13,
                14,
                15,
                16,
                17,
                18,
                19,
                20
              ],
              "components": [
                "NT"
              ],
              "values": [
                [
                  -0.00023999648954
                ],
                [
                  -0.00023999648954
                ],
                [
                  -0.00023999648954
                ],
                [
                  -0.00023999648954
                ],
                [
                  5.0
                ],
                [
                  5.0
                ],
                [
                  5.0
                ],
                [
                  5.0
                ],
                [
                  -0.00023999648954
                ],
                [
                  -0.00023999648954
                ],
                [
                  -0.00023999648954
                ],
                [
                  -0.00023999648954
                ],
                [
                  3.0050322525
                ],
                [
                  3.0050322525
                ],
                [
                  3.0050322525
                ],
                [
                  3.0050322525
                ],
                [
                  5.0
                ],
                [
                  5.0
                ],
                [
                  5.0
                ],
                [
                  5.0
                ]
              ]
            }
          }
        },
        {
          "increment_number": 3,
          "step_time": 0.035,
          "total_time": 0.0,
          "node_sets": {
            "NALLN_NT": {
              "set": "NALLN",
              "field": "NT",
              "nodes": [
                1,
                2,
                3,
                4,
                5,
                6,
                7,
                8,
                9,
                10,
                11,
                12,
                13,
                14,
                15,
                16,
                17,
                18,
                19,
                20
              ],
              "components": [
                "NT"
              ],
              "values": [
                [
                  -0.00041999721803
                ],
                [
                  -0.00041999721803
                ],
                [
                  -0.00041999721803
                ],
                [
                  -0.00041999721803
                ],
                [
                  5.0
                ],
                [
                  5.0
                ],
                [
                  5.0
                ],
                [
                  5.0
                ],
                [
                  -0.00041999721803
                ],
                [
                  -0.00041999721803
                ],
                [
                  -0.00041999721803
                ],
                [
                  -0.00041999721803
                ],
                [
                  2.6406523671
                ],
                [
                  2.6406523671
                ],
                [
                  2.6406523671
                ],
                [
                  2.6406523671
                ],
                [
                  5.0
                ],
                [
                  5.0
                ],
                [
                  5.0
                ],
                [
                  5.0
                ]
              ]
            }
          }
        },
        {
          "increment_number": 4,
          "step_time": 0.0575,
          "total_time": 0.0,
          "node_sets": {
            "NALLN_NT": {
              "set": "NALLN",
              "field": "NT",
              "nodes": [
                1,
                2,
                3,
                4,
                5,
                6,
                7,
                8,
                9,
                10,
                11,
                12,
                13,
                14,
                15,
                16,
                17,
                18,
                19,
                20
              ],
              "components": [
                "NT"
              ],
              "values": [
                [
                  -0.00068999744181
                ],
                [
                  -0.00068999744182
                ],
                [
                  -0.00068999744182
                ],
                [
                  -0.00068999744181
                ],
                [
                  5.0
                ],
                [
                  5.0
                ],
                [
                  5.0
                ],
                [
                  5.0
                ],
                [
                  -0.00068999744181
                ],
                [
                  -0.00068999744181
                ],
                [
                  -0.00068999744181
                ],
                [
                  -0.00068999744182
                ],
                [
                  2.5285578952
                ],
                [
                  2.5285578952
                ],
                [
                  2.5285578952
                ],
                [
                  2.5285578952
                ],
                [
                  5.0
                ],
                [
                  5.0
                ],
                [
                  5.0
                ],
                [
                  5.0
                ]
              ]
            }
          }
        },
        {
          "increment_number": 5,
          "step_time": 0.09125,
          "total_time": 0.0,
          "node_sets": {
            "NALLN_NT": {
              "set": "NALLN",
              "field": "NT",
              "nodes": [
                1,
                2,
                3,
                4,
                5,
                6,
                7,
                8,
                9,
                10,
                11,
                12,
                13,
                14,
                15,
                16,
                17,
                18,
                19,
                20
              ],
              "components": [
                "NT"
              ],
              "values": [
                [
                  -0.0010949974909
                ],
                [
                  -0.0010949974909
                ],
                [
                  -0.0010949974909
                ],
                [
                  -0.0010949974909
                ],
                [
                  5.0
                ],
                [
                  5.0
                ],
                [
                  5.0
                ],
                [
                  5.0
                ],
                [
                  -0.0010949974909
                ],
                [
                  -0.0010949974909
                ],
                [
                  -0.0010949974909
                ],
                [
                  -0.0010949974909
                ],
                [
                  2.5037343896
                ],
                [
                  2.5037343896
                ],
                [
                  2.5037343896
                ],
                [
                  2.5037343896
                ],
                [
                  5.0
                ],
                [
                  5.0
                ],
                [
                  5.0
                ],
                [
                  5.0
                ]
              ]
            }
          }
        },
        {
          "increment_number": 6,
          "step_time": 0.141875,
          "total_time": 0.0,
          "node_sets": {
            "NALLN_NT": {
              "set": "NALLN",
              "field": "NT",
              "nodes": [
                1,
                2,
                3,
                4,
                5,
                6,
                7,
                8,
                9,
                10,
                11,
                12,
                13,
                14,
                15,
                16,
                17,
                18,
                19,
                20
              ],
              "components": [
                "NT"
              ],
              "values": [
                [
                  -0.0017024974981
                ],
                [
                  -0.0017024974981
                ],
                [
                  -0.0017024974981
                ],
                [
                  -0.0017024974981
                ],
                [
                  5.0
                ],
                [
                  5.0
                ],
                [
                  5.0
                ],
                [
                  5.0
                ],
                [
                  -0.0017024974981
                ],
                [
                  -0.0017024974981
                ],
                [
                  -0.0017024974981
                ],
                [
                  -0.0017024974981
                ],
                [
                  2.4996355758
                ],
                [
                  2.4996355758
                ],
                [
                  2.4996355758
                ],
                [
                  2.4996355758
                ],
                [
                  5.0
                ],
                [
                  5.0
                ],
                [
                  5.0
                ],
                [
                  5.0
                ]
              ]
            }
          }
        },
        {
          "increment_number": 7,
          "step_time": 0.2178125,
          "total_time": 0.0,
          "node_sets": {
            "NALLN_NT": {
              "set": "NALLN",
              "field": "NT",
              "nodes": [
                1,
                2,
                3,
                4,
                5,
                6,
                7,
                8,
                9,
                10,
                11,
                12,
                13,
                14,
                15,
                16,
                17,
                18,
                19,
                20
              ],
              "components": [
                "NT"
              ],
              "values": [
                [
                  -0.0026137474985
                ],
                [
                  -0.0026137474985
                ],
                [
                  -0.0026137474985
                ],
                [
                  -0.0026137474985
                ],
                [
                  5.0
                ],
                [
                  5.0
                ],
                [
                  5.0
                ],
                [
                  5.0
                ],
                [
                  -0.0026137474985
                ],
                [
                  -0.0026137474985
                ],
                [
                  -0.0026137474985
                ],
                [
                  -0.0026137474985
                ],
                [
                  2.4987761401
                ],
                [
                  2.4987761401
                ],
                [
                  2.4987761401
                ],
                [
                  2.4987761401
                ],
                [
                  5.0
                ],
                [
                  5.0
                ],
                [
                  5.0
                ],
                [
                  5.0
                ]
              ]
            }
          }
        },
        {
          "increment_number": 8,
          "step_time": 0.33171875,
          "total_time": 0.0,
          "node_sets": {
            "NALLN_NT": {
              "set": "NALLN",
              "field": "NT",
              "nodes": [
                1,
                2,
                3,
                4,
                5,
                6,
                7,
                8,
                9,
                10,
                11,
                12,
                13,
                14,
                15,
                16,
                17,
                18,
                19,
                20
              ],
              "components": [
                "NT"
              ],
              "values": [
                [
                  -0.0039806224979
                ],
                [
                  -0.0039806224979
                ],
                [
                  -0.0039806224979
                ],
                [
                  -0.0039806224979
                ],
                [
                  5.0
                ],
                [
                  5.0
                ],
                [
                  5.0
                ],
                [
                  5.0
                ],
                [
                  -0.0039806224979
                ],
                [
                  -0.0039806224979
                ],
                [
                  -0.0039806224979
                ],
                [
                  -0.0039806224979
                ],
                [
                  2.4980633641
                ],
                [
                  2.4980633641
                ],
                [
                  2.4980633641
                ],
                [
                  2.4980633641
                ],
                [
                  5.0
                ],
                [
                  5.0
                ],
                [
                  5.0
                ],
                [
                  5.0
                ]
              ]
            }
          }
        },
        {
          "increment_number": 9,
          "step_time": 0.502578125,
          "total_time": 0.0,
          "node_sets": {
            "NALLN_NT": {
              "set": "NALLN",
              "field": "NT",
              "nodes": [
                1,
                2,
                3,
                4,
                5,
                6,
                7,
                8,
                9,
                10,
                11,
                12,
                13,
                14,
                15,
                16,
                17,
                18,
                19,
                20
              ],
              "components": [
                "NT"
              ],
              "values": [
                [
                  -0.0060309349968
                ],
                [
                  -0.0060309349968
                ],
                [
                  -0.0060309349968
                ],
                [
                  -0.0060309349968
                ],
                [
                  5.0
                ],
                [
                  5.0
                ],
                [
                  5.0
                ],
                [
                  5.0
                ],
                [
                  -0.0060309349968
                ],
                [
                  -0.0060309349968
                ],
                [
                  -0.0060309349968
                ],
                [
                  -0.0060309349968
                ],
                [
                  2.4970367635
                ],
                [
                  2.4970367635
                ],
                [
                  2.4970367635
                ],
                [
                  2.4970367635
                ],
                [
                  5.0
                ],
                [
                  5.0
                ],
                [
                  5.0
                ],
                [
                  5.0
                ]
              ]
            }
          }
        },
        {
          "increment_number": 10,
          "step_time": 0.7588671875,
          "total_time": 0.0,
          "node_sets": {
            "NALLN_NT": {
              "set": "NALLN",
              "field": "NT",
              "nodes": [
                1,
                2,
                3,
                4,
                5,
                6,
                7,
                8,
                9,
                10,
                11,
                12,
                13,
                14,
                15,
                16,
                17,
                18,
                19,
                20
              ],
              "components": [
                "NT"
              ],
              "values": [
                [
                  -0.0091064037453
                ],
                [
                  -0.0091064037453
                ],
                [
                  -0.0091064037453
                ],
                [
                  -0.0091064037453
                ],
                [
                  5.0
                ],
                [
                  5.0
                ],
                [
                  5.0
                ],
                [
                  5.0
                ],
                [
                  -0.0091064037453
                ],
                [
                  -0.0091064037453
                ],
                [
                  -0.0091064037453
                ],
                [
                  -0.0091064037453
                ],
                [
                  2.4954989812
                ],
                [
                  2.4954989812
                ],
                [
                  2.4954989812
                ],
                [
                  2.4954989812
                ],
                [
                  5.0
                ],
                [
                  5.0
                ],
                [
                  5.0
                ],
                [
                  5.0
                ]
              ]
            }
          }
        },
        {
          "increment_number": 11,
          "step_time": 1.1433007813,
          "total_time": 0.0,
          "node_sets": {
            "NALLN_NT": {
              "set": "NALLN",
              "field": "NT",
              "nodes": [
                1,
                2,
                3,
                4,
                5,
                6,
                7,
                8,
                9,
                10,
                11,
                12,
                13,
                14,
                15,
                16,
                17,
                18,
                19,
                20
              ],
              "components": [
                "NT"
              ],
              "values": [
                [
                  -0.013719606868
                ],
                [
                  -0.013719606868
                ],
                [
                  -0.013719606868
                ],
                [
                  -0.013719606868
                ],
                [
                  5.0
                ],
                [
                  5.0
                ],
                [
                  5.0
                ],
                [
                  5.0
                ],
                [
                  -0.013719606868
                ],
                [
                  -0.013719606868
                ],
                [
                  -0.013719606868
                ],
                [
                  -0.013719606868
                ],
                [
                  2.4931923786
                ],
                [
                  2.4931923786
                ],
                [
                  2.4931923786
                ],
                [
                  2.4931923786
                ],
                [
                  5.0
                ],
                [
                  5.0
                ],
                [
                  5.0
                ],
                [
                  5.0
                ]
              ]
            }
          }
        },
        {
          "increment_number": 12,
          "step_time": 1.7199511719,
          "total_time": 0.0,
          "node_sets": {
            "NALLN_NT": {
              "set": "NALLN",
              "field": "NT",
              "nodes": [
                1,
                2,
                3,
                4,
                5,
                6,
                7,
                8,
                9,
                10,
                11,
                12,
                13,
                14,
                15,
                16,
                17,
                18,
                19,
                20
              ],
              "components": [
                "NT"
              ],
              "values": [
                [
                  -0.020639411552
                ],
                [
                  -0.020639411552
                ],
                [
                  -0.020639411552
                ],
                [
                  -0.020639411552
                ],
                [
                  5.0
                ],
                [
                  5.0
                ],
                [
                  5.0
                ],
                [
                  5.0
                ],
                [
                  -0.020639411552
                ],
                [
                  -0.020639411552
                ],
                [
                  -0.020639411552
                ],
                [
                  -0.020639411552
                ],
                [
                  2.4897324762
                ],
                [
                  2.4897324762
                ],
                [
                  2.4897324762
                ],
                [
                  2.4897324762
                ],
                [
                  5.0
                ],
                [
                  5.0
                ],
                [
                  5.0
                ],
                [
                  5.0
                ]
              ]
            }
          }
        },
        {
          "increment_number": 13,
          "step_time": 2.5849267578,
          "total_time": 0.0,
          "node_sets": {
            "NALLN_NT": {
              "set": "NALLN",
              "field": "NT",
              "nodes": [
                1,
                2,
                3,
                4,
                5,
                6,
                7,
                8,
                9,
                10,
                11,
                12,
                13,
                14,
                15,
                16,
                17,
                18,
                19,
                20
              ],
              "components": [
                "NT"
              ],
              "values": [
                [
                  -0.031019118578
                ],
                [
                  -0.031019118578
                ],
                [
                  -0.031019118578
                ],
                [
                  -0.031019118578
                ],
                [
                  5.0
                ],
                [
                  5.0
                ],
                [
                  5.0
                ],
                [
                  5.0
                ],
                [
                  -0.031019118578
                ],
                [
                  -0.031019118578
                ],
                [
                  -0.031019118578
                ],
                [
                  -0.031019118578
                ],
                [
                  2.4845426227
                ],
                [
                  2.4845426227
                ],
                [
                  2.4845426227
                ],
                [
                  2.4845426227
                ],
                [
                  5.0
                ],
                [
                  5.0
                ],
                [
                  5.0
                ],
                [
                  5.0
                ]
              ]
            }
          }
        },
        {
          "increment_number": 14,
          "step_time": 3.8823901367,
          "total_time": 0.0,
          "node_sets": {
            "NALLN_NT": {
              "set": "NALLN",
              "field": "NT",
              "nodes": [
                1,
                2,
                3,
                4,
                5,
                6,
                7,
                8,
                9,
                10,
                11,
                12,
                13,
                14,
                15,
                16,
                17,
                18,
                19,
                20
              ],
              "components": [
                "NT"
              ],
              "values": [
                [
                  -0.046588679117
                ],
                [
                  -0.046588679117
                ],
                [
                  -0.046588679117
                ],
                [
                  -0.046588679117
                ],
                [
                  5.0
                ],
                [
                  5.0
                ],
                [
                  5.0
                ],
                [
                  5.0
                ],
                [
                  -0.046588679117
                ],
                [
                  -0.046588679117
                ],
                [
                  -0.046588679117
                ],
                [
                  -0.046588679117
                ],
                [
                  2.4767578424
                ],
                [
                  2.4767578424
                ],
                [
                  2.4767578424
                ],
                [
                  2.4767578424
                ],
                [
                  5.0
                ],
                [
                  5.0
                ],
                [
                  5.0
                ],
                [
                  5.0
                ]
              ]
            }
          }
        },
        {
          "increment_number": 15,
          "step_time": 5.8285852051,
          "total_time": 0.0,
          "node_sets": {
            "NALLN_NT": {
              "set": "NALLN",
              "field": "NT",
              "nodes": [
                1,
                2,
                3,
                4,
                5,
                6,
                7,
                8,
                9,
                10,
                11,
                12,
                13,
                14,
                15,
                16,
                17,
                18,
                19,
                20
              ],
              "components": [
                "NT"
              ],
              "values": [
                [
                  -0.069943019926
                ],
                [
                  -0.069943019926
                ],
                [
                  -0.069943019926
                ],
                [
                  -0.069943019926
                ],
                [
                  5.0
                ],
                [
                  5.0
                ],
                [
                  5.0
                ],
                [
                  5.0
                ],
                [
                  -0.069943019926
                ],
                [
                  -0.069943019926
                ],
                [
                  -0.069943019926
                ],
                [
                  -0.069943019926
                ],
                [
                  2.465080672
                ],
                [
                  2.465080672
                ],
                [
                  2.465080672
                ],
                [
                  2.465080672
                ],
                [
                  5.0
                ],
                [
                  5.0
                ],
                [
                  5.0
                ],
                [
                  5.0
                ]
              ]
            }
          }
        },
        {
          "increment_number": 16,
          "step_time": 8.7478778076,
          "total_time": 0.0,
          "node_sets": {
            "NALLN_NT": {
              "set": "NALLN",
              "field": "NT",
              "nodes": [
                1,
                2,
                3,
                4,
                5,
                6,
                7,
                8,
                9,
                10,
                11,
                12,
                13,
                14,
                15,
                16,
                17,
                18,
                19,
                20
              ],
              "components": [
                "NT"
              ],
              "values": [
                [
                  -0.10497453114
                ],
                [
                  -0.10497453114
                ],
                [
                  -0.10497453114
                ],
                [
                  -0.10497453114
                ],
                [
                  5.0
                ],
                [
                  5.0
                ],
                [
                  5.0
                ],
                [
                  5.0
                ],
                [
                  -0.10497453114
                ],
                [
                  -0.10497453114
                ],
                [
                  -0.10497453114
                ],
                [
                  -0.10497453114
                ],
                [
                  2.4475649164
                ],
                [
                  2.4475649164
                ],
                [
                  2.4475649164
                ],
                [
                  2.4475649164
                ],
                [
                  5.0
                ],
                [
                  5.0
                ],
                [
                  5.0
                ],
                [
                  5.0
                ]
              ]
            }
          }
        },
        {
          "increment_number": 17,
          "step_time": 13.126816711,
          "total_time": 0.0,
          "node_sets": {
            "NALLN_NT": {
              "set": "NALLN",
              "field": "NT",
              "nodes": [
                1,
                2,
                3,
                4,
                5,
                6,
                7,
                8,
                9,
                10,
                11,
                12,
                13,
                14,
                15,
                16,
                17,
                18,
                19,
                20
              ],
              "components": [
                "NT"
              ],
              "values": [
                [
                  -0.15752179796
                ],
                [
                  -0.15752179796
                ],
                [
                  -0.15752179796
                ],
                [
                  -0.15752179796
                ],
                [
                  5.0
                ],
                [
                  5.0
                ],
                [
                  5.0
                ],
                [
                  5.0
                ],
                [
                  -0.15752179796
                ],
                [
                  -0.15752179796
                ],
                [
                  -0.15752179796
                ],
                [
                  -0.15752179796
                ],
                [
                  2.421291283
                ],
                [
                  2.421291283
                ],
                [
                  2.421291283
                ],
                [
                  2.421291283
                ],
                [
                  5.0
                ],
                [
                  5.0
                ],
                [
                  5.0
                ],
                [
                  5.0
                ]
              ]
            }
          }
        },
        {
          "increment_number": 18,
          "step_time": 19.695225067,
          "total_time": 0.0,
          "node_sets": {
            "NALLN_NT": {
              "set": "NALLN",
              "field": "NT",
              "nodes": [
                1,
                2,
                3,
                4,
                5,
                6,
                7,
                8,
                9,
                10,
                11,
                12,
                13,
                14,
                15,
                16,
                17,
                18,
                19,
                20
              ],
              "components": [
                "NT"
              ],
              "values": [
                [
                  -0.23634269819
                ],
                [
                  -0.23634269819
                ],
                [
                  -0.23634269819
                ],
                [
                  -0.23634269819
                ],
                [
                  5.0
                ],
                [
                  5.0
                ],
                [
                  5.0
                ],
                [
                  5.0
                ],
                [
                  -0.23634269819
                ],
                [
                  -0.23634269819
                ],
                [
                  -0.23634269819
                ],
                [
                  -0.23634269819
                ],
                [
                  2.3818808329
                ],
                [
                  2.3818808329
                ],
                [
                  2.3818808329
                ],
                [
                  2.3818808329
                ],
                [
                  5.0
                ],
                [
                  5.0
                ],
                [
                  5.0
                ],
                [
                  5.0
                ]
              ]
            }
          }
        },
        {
          "increment_number": 19,
          "step_time": 29.547837601,
          "total_time": 0.0,
          "node_sets": {
            "NALLN_NT": {
              "set": "NALLN",
              "field": "NT",
              "nodes": [
                1,
                2,
                3,
                4,
                5,
                6,
                7,
                8,
                9,
                10,
                11,
                12,
                13,
                14,
                15,
                16,
                17,
                18,
                19,
                20
              ],
              "components": [
                "NT"
              ],
              "values": [
                [
                  -0.35457404853
                ],
                [
                  -0.35457404853
                ],
                [
                  -0.35457404853
                ],
                [
                  -0.35457404853
                ],
                [
                  5.0
                ],
                [
                  5.0
                ],
                [
                  5.0
                ],
                [
                  5.0
                ],
                [
                  -0.35457404853
                ],
                [
                  -0.35457404853
                ],
                [
                  -0.35457404853
                ],
                [
                  -0.35457404853
                ],
                [
                  2.3227651577
                ],
                [
                  2.3227651577
                ],
                [
                  2.3227651577
                ],
                [
                  2.3227651577
                ],
                [
                  5.0
                ],
                [
                  5.0
                ],
                [
                  5.0
                ],
                [
                  5.0
                ]
              ]
            }
          }
        },
        {
          "increment_number": 20,
          "step_time": 44.326756401,
          "total_time": 0.0,
          "node_sets": {
            "NALLN_NT": {
              "set": "NALLN",
              "field": "NT",
              "nodes": [
                1,
                2,
                3,
                4,
                5,
                6,
                7,
                8,
                9,
                10,
                11,
                12,
                13,
                14,
                15,
                16,
                17,
                18,
                19,
                20
              ],
              "components": [
                "NT"
              ],
              "values": [
                [
                  -0.53192107405
                ],
                [
                  -0.53192107405
                ],
                [
                  -0.53192107405
                ],
                [
                  -0.53192107405
                ],
                [
                  5.0
                ],
                [
                  5.0
                ],
                [
                  5.0
                ],
                [
                  5.0
                ],
                [
                  -0.53192107405
                ],
                [
                  -0.53192107405
                ],
                [
                  -0.53192107405
                ],
                [
                  -0.53192107405
                ],
                [
                  2.234091645
                ],
                [
                  2.234091645
                ],
                [
                  2.234091645
                ],
                [
                  2.234091645
                ],
                [
                  5.0
                ],
                [
                  5.0
                ],
                [
                  5.0
                ],
                [
                  5.0
                ]
              ]
            }
          }
        },
        {
          "increment_number": 21,
          "step_time": 66.495134602,
          "total_time": 0.0,
          "node_sets": {
            "NALLN_NT": {
              "set": "NALLN",
              "field": "NT",
              "nodes": [
                1,
                2,
                3,
                4,
                5,
                6,
                7,
                8,
                9,
                10,
                11,
                12,
                13,
                14,
                15,
                16,
                17,
                18,
                19,
                20
              ],
              "components": [
                "NT"
              ],
              "values": [
                [
                  -0.79794161232
                ],
                [
                  -0.79794161232
                ],
                [
                  -0.79794161232
                ],
                [
                  -0.79794161232
                ],
                [
                  5.0
                ],
                [
                  5.0
                ],
                [
                  5.0
                ],
                [
                  5.0
                ],
                [
                  -0.79794161232
                ],
                [
                  -0.79794161232
                ],
                [
                  -0.79794161232
                ],
                [
                  -0.79794161232
                ],
                [
                  2.1010813758
                ],
                [
                  2.1010813758
                ],
                [
                  2.1010813758
                ],
                [
                  2.1010813758
                ],
                [
                  5.0
                ],
                [
                  5.0
                ],
                [
                  5.0
                ],
                [
                  5.0
                ]
              ]
            }
          }
        },
        {
          "increment_number": 22,
          "step_time": 99.747701902,
          "total_time": 0.0,
          "node_sets": {
            "NALLN_NT": {
              "set": "NALLN",
              "field": "NT",
              "nodes": [
                1,
                2,
                3,
                4,
                5,
                6,
                7,
                8,
                9,
                10,
                11,
                12,
                13,
                14,
                15,
                16,
                17,
                18,
                19,
                20
              ],
              "components": [
                "NT"
              ],
              "values": [
                [
                  -1.1969724197
                ],
                [
                  -1.1969724197
                ],
                [
                  -1.1969724197
                ],
                [
                  -1.1969724197
                ],
                [
                  5.0
                ],
                [
                  5.0
                ],
                [
                  5.0
                ],
                [
                  5.0
                ],
                [
                  -1.1969724197
                ],
                [
                  -1.1969724197
                ],
                [
                  -1.1969724197
                ],
                [
                  -1.1969724197
                ],
                [
                  1.9015659721
                ],
                [
                  1.9015659721
                ],
                [
                  1.9015659721
                ],
                [
                  1.9015659721
                ],
                [
                  5.0
                ],
                [
                  5.0
                ],
                [
                  5.0
                ],
                [
                  5.0
                ]
              ]
            }
          }
        },
        {
          "increment_number": 23,
          "step_time": 149.62655285,
          "total_time": 0.0,
          "node_sets": {
            "NALLN_NT": {
              "set": "NALLN",
              "field": "NT",
              "nodes": [
                1,
                2,
                3,
                4,
                5,
                6,
                7,
                8,
                9,
                10,
                11,
                12,
                13,
                14,
                15,
                16,
                17,
                18,
                19,
                20
              ],
              "components": [
                "NT"
              ],
              "values": [
                [
                  -1.7955186308
                ],
                [
                  -1.7955186308
                ],
                [
                  -1.7955186308
                ],
                [
                  -1.7955186308
                ],
                [
                  5.0
                ],
                [
                  5.0
                ],
                [
                  5.0
                ],
                [
                  5.0
                ],
                [
                  -1.7955186308
                ],
                [
                  -1.7955186308
                ],
                [
                  -1.7955186308
                ],
                [
                  -1.7955186308
                ],
                [
                  1.6022928666
                ],
                [
                  1.6022928666
                ],
                [
                  1.6022928666
                ],
                [
                  1.6022928666
                ],
                [
                  5.0
                ],
                [
                  5.0
                ],
                [
                  5.0
                ],
                [
                  5.0
                ]
              ]
            }
          }
        },
        {
          "increment_number": 24,
          "step_time": 224.44482928,
          "total_time": 0.0,
          "node_sets": {
            "NALLN_NT": {
              "set": "NALLN",
              "field": "NT",
              "nodes": [
                1,
                2,
                3,
                4,
                5,
                6,
                7,
                8,
                9,
                10,
                11,
                12,
                13,
                14,
                15,
                16,
                17,
                18,
                19,
                20
              ],
              "components": [
                "NT"
              ],
              "values": [
                [
                  -2.6933379475
                ],
                [
                  -2.6933379475
                ],
                [
                  -2.6933379475
                ],
                [
                  -2.6933379475
                ],
                [
                  5.0
                ],
                [
                  5.0
                ],
                [
                  5.0
                ],
                [
                  5.0
                ],
                [
                  -2.6933379475
                ],
                [
                  -2.6933379475
                ],
                [
                  -2.6933379475
                ],
                [
                  -2.6933379475
                ],
                [
                  1.1533832082
                ],
                [
                  1.1533832082
                ],
                [
                  1.1533832082
                ],
                [
                  1.1533832082
                ],
                [
                  5.0
                ],
                [
                  5.0
                ],
                [
                  5.0
                ],
                [
                  5.0
                ]
              ]
            }
          }
        },
        {
          "increment_number": 25,
          "step_time": 336.67224392,
          "total_time": 0.0,
          "node_sets": {
            "NALLN_NT": {
              "set": "NALLN",
              "field": "NT",
              "nodes": [
                1,
                2,
                3,
                4,
                5,
                6,
                7,
                8,
                9,
                10,
                11,
                12,
                13,
                14,
                15,
                16,
                17,
                18,
                19,
                20
              ],
              "components": [
                "NT"
              ],
              "values": [
                [
                  -4.0400669225
                ],
                [
                  -4.0400669225
                ],
                [
                  -4.0400669225
                ],
                [
                  -4.0400669225
                ],
                [
                  5.0
                ],
                [
                  5.0
                ],
                [
                  5.0
                ],
                [
                  5.0
                ],
                [
                  -4.0400669225
                ],
                [
                  -4.0400669225
                ],
                [
                  -4.0400669225
                ],
                [
                  -4.0400669225
                ],
                [
                  0.48001872074
                ],
                [
                  0.48001872074
                ],
                [
                  0.48001872074
                ],
                [
                  0.48001872074
                ],
                [
                  5.0
                ],
                [
                  5.0
                ],
                [
                  5.0
                ],
                [
                  5.0
                ]
              ]
            }
          }
        },
        {
          "increment_number": 26,
          "step_time": 505.01336588,
          "total_time": 0.0,
          "node_sets": {
            "NALLN_NT": {
              "set": "NALLN",
              "field": "NT",
              "nodes": [
                1,
                2,
                3,
                4,
                5,
                6,
                7,
                8,
                9,
                10,
                11,
                12,
                13,
                14,
                15,
                16,
                17,
                18,
                19,
                20
              ],
              "components": [
                "NT"
              ],
              "values": [
                [
                  -6.060160385
                ],
                [
                  -6.060160385
                ],
                [
                  -6.060160385
                ],
                [
                  -6.060160385
                ],
                [
                  5.0
                ],
                [
                  5.0
                ],
                [
                  5.0
                ],
                [
                  5.0
                ],
                [
                  -6.060160385
                ],
                [
                  -6.060160385
                ],
                [
                  -6.060160385
                ],
                [
                  -6.060160385
                ],
                [
                  -0.53002801052
                ],
                [
                  -0.53002801052
                ],
                [
                  -0.53002801052
                ],
                [
                  -0.53002801052
                ],
                [
                  5.0
                ],
                [
                  5.0
                ],
                [
                  5.0
                ],
                [
                  5.0
                ]
              ]
            }
          }
        },
        {
          "increment_number": 27,
          "step_time": 757.52504882,
          "total_time": 0.0,
          "node_sets": {
            "NALLN_NT": {
              "set": "NALLN",
              "field": "NT",
              "nodes": [
                1,
                2,
                3,
                4,
                5,
                6,
                7,
                8,
                9,
                10,
                11,
                12,
                13,
                14,
                15,
                16,
                17,
                18,
                19,
                20
              ],
              "components": [
                "NT"
              ],
              "values": [
                [
                  -9.0903005788
                ],
                [
                  -9.0903005788
                ],
                [
                  -9.0903005788
                ],
                [
                  -9.0903005788
                ],
                [
                  5.0
                ],
                [
                  5.0
                ],
                [
                  5.0
                ],
                [
                  5.0
                ],
                [
                  -9.0903005788
                ],
                [
                  -9.0903005788
                ],
                [
                  -9.0903005788
                ],
                [
                  -9.0903005788
                ],
                [
                  -2.0450981074
                ],
                [
                  -2.0450981074
                ],
                [
                  -2.0450981074
                ],
                [
                  -2.0450981074
                ],
                [
                  5.0
                ],
                [
                  5.0
                ],
                [
                  5.0
                ],
                [
                  5.0
                ]
              ]
            }
          }
        },
        {
          "increment_number": 28,
          "step_time": 1000.0,
          "total_time": 0.0,
          "node_sets": {
            "NALLN_NT": {
              "set": "NALLN",
              "field": "NT",
              "nodes": [
                1,
                2,
                3,
                4,
                5,
                6,
                7,
                8,
                9,
                10,
                11,
                12,
                13,
                14,
                15,
                16,
                17,
                18,
                19,
                20
              ],
              "components": [
                "NT"
              ],
              "values": [
                [
                  -11.999999991
                ],
                [
                  -11.999999991
                ],
                [
                  -11.999999991
                ],
                [
                  -11.999999991
                ],
                [
                  5.0
                ],
                [
                  5.0
                ],
                [
                  5.0
                ],
                [
                  5.0
                ],
                [
                  -11.999999991
                ],
                [
                  -11.999999991
                ],
                [
                  -11.999999991
                ],
                [
                  -11.999999991
                ],
                [
                  -3.4999478137
                ],
                [
                  -3.4999478137
                ],
                [
                  -3.4999478137
                ],
                [
                  -3.4999478137
                ],
                [
                  5.0
                ],
                [
                  5.0
                ],
                [
                  5.0
                ],
                [
                  5.0
                ]
              ]
            }
          }
        }
      ]
    }
  ]
}