{
  "meta": {
    "jobname": "planestress",
    "ccx_version": "2.21-multisolver",
    "solver": "SPOOLES",
    "num_threads": 1,
    "success": true,
    "exit_code": 0,
    "timings": {
      "total_wall_time_s": 0.006941
    },
    "mesh_statistics": {
      "nodes": 84,
      "elements": 4,
      "equations": 78
    }
  },
  "steps": [
    {
      "step_number": 1,
      "type": "STATIC",
      "converged": true,
      "increments": [
        {
          "increment_number": 1,
          "step_time": 1.0,
          "total_time": 0.0,
          "node_sets": {
            "NALLN_U": {
              "set": "NALLN",
              "field": "U",
              "nodes": [
                1,
                2,
                3,
                4,
                5,
                6,
                7,
                8,
                9,
                10,
                11,
                12,
                13,
                14,
                15,
                16,
                17,
                18,
                19,
                20,
                21
              ],
              "components": [
                "u1",
                "u2",
                "u3"
              ],
              "values": [
                [
                  0.0,
                  7.1428572493e-05,
                  3.6309075659e-23
                ],
                [
                  0.00023809524164,
                  7.1428572493e-05,
                  2.7138330601e-24
                ],
                [
                  0.00023809524164,
                  2.823780555e-16,
                  1.4591806332e-23
                ],
                [
                  0.0,
                  0.0,
                  -6.5666430904e-23
                ],
                [
                  0.0001190476226,
                  7.1428572493e-05,
                  3.3775438772e-20
                ],
                [
                  0.00023809524164,
                  3.5714285715e-05,
                  1.5966571056e-19
                ],
                [
                  0.0001190476226,
                  1.8049467756e-16,
                  2.1652279714e-19
                ],
                [
                  0.0,
                  3.5714285714e-05,
                  -2.1906389598e-19
                ],
                [
                  0.00023809524164,
                  -7.1428571428e-05,
                  -3.4785021374e-23
                ],
                [
                  0.0,
                  -7.1428571428e-05,
                  9.3660264808e-23
                ],
                [
                  0.00023809524164,
                  -3.5714285714e-05,
                  -6.4766256729e-19
                ],
                [
                  0.0001190476226,
                  -7.1428571428e-05,
                  -1.4833664489e-19
                ],
                [
                  0.0,
                  -3.5714285714e-05,
                  3.9360562268e-19
                ],
                [
                  0.00047619047974,
                  7.1428572493e-05,
                  -2.5044687003e-22
                ],
                [
                  0.00047619047974,
                  5.2878954098e-16,
                  6.8888282063e-23
                ],
                [
                  0.00035714286069,
                  7.1428572493e-05,
                  1.9587636905e-21
                ],
                [
                  0.00047619047974,
                  3.5714285715e-05,
                  -7.1468404925e-20
                ],
                [
                  0.00035714286069,
                  4.325135222e-16,
                  1.9952919864e-19
                ],
                [
                  0.00047619047974,
                  -7.1428571428e-05,
                  1.9071612334e-22
                ],
                [
                  0.00047619047974,
                  -3.5714285714e-05,
                  -4.7264438457e-19
                ],
                [
                  0.00035714286069,
                  -7.1428571428e-05,
                  2.0402906117e-19
                ]
              ]
            }
          },
          "element_sets": {
            "EALLE_S": {
              "set": "EALLE",
              "field": "S",
              "components": [
                "sxx",
                "syy",
                "szz",
                "sxy",
                "syz",
                "szx"
              ],
              "values": [
                {
                  "element": 1,
                  "s": [
                    100.0,
                    -3.2808147126e-11,
                    3.5891558693e-13,
                    1.6335483492e-11,
                    6.8543290695e-14,
                    -3.5582684646e-13
                  ]
                },
                {
                  "element": 2,
                  "s": [
                    100.0,
                    1.6200493886e-11,
                    1.2627908688e-12,
                    4.0680686442e-11,
                    4.1449052456e-13,
                    6.2305379298e-14
                  ]
                },
                {
                  "element": 3,
                  "s": [
                    100.0,
                    2.1333812903e-11,
                    1.2006182293e-12,
                    4.810018128e-11,
                    1.8095628927e-12,
                    -7.1946842136e-13
                  ]
                },
                {
                  "element": 4,
                  "s": [
                    100.0,
                    -2.5761980558e-11,
                    4.6772190808e-12,
                    3.127573158e-11,
                    -1.4106757737e-12,
                    -9.4927039208e-13
                  ]
                }
              ]
            }
          }
        }
      ]
    }
  ]
}