{
  "meta": {
    "jobname": "pret1",
    "ccx_version": "2.21-multisolver",
    "solver": "SPOOLES",
    "num_threads": 1,
    "success": true,
    "exit_code": 0,
    "timings": {
      "total_wall_time_s": 0.012872
    },
    "mesh_statistics": {
      "nodes": 169,
      "elements": 14,
      "equations": 470
    }
  },
  "steps": [
    {
      "step_number": 1,
      "type": "STATIC",
      "converged": true,
      "increments": [
        {
          "increment_number": 1,
          "step_time": 1.0,
          "total_time": 0.0,
          "element_sets": {
            "EALLE_S": {
              "set": "EALLE",
              "field": "S",
              "components": [
                "sxx",
                "syy",
                "szz",
                "sxy",
                "syz",
                "szx"
              ],
              "values": [
                {
                  "element": 1,
                  "s": [
                    -66.759884749,
                    27.202071637,
                    1.3676128261,
                    17.793027655,
                    -0.70840686934,
                    1.3800152422
                  ]
                },
                {
                  "element": 2,
                  "s": [
                    -126.03072999,
                    -4.7801925817,
                    -0.58104342337,
                    -11.536074072,
                    -1.415352961e-12,
                    -0.66168599915
                  ]
                },
                {
                  "element": 3,
                  "s": [
                    -2.0604660881,
                    -17.641686474,
                    0.18584414542,
                    -25.216312898,
                    0.63182182566,
                    -0.34314605979
                  ]
                },
                {
                  "element": 4,
                  "s": [
                    75.846498673,
                    73.507157517,
                    15.040675077,
                    118.09594467,
                    -1.08245416,
                    1.8787843549
                  ]
                },
                {
                  "element": 5,
                  "s": [
                    32.777073394,
                    -73.507157517,
                    -3.7150057178,
                    -15.237388661,
                    2.0315193679,
                    -0.62037664828
                  ]
                },
                {
                  "element": 6,
                  "s": [
                    56.624279723,
                    44.060789957,
                    -2.2358341195,
                    -27.402921965,
                    1.0690451425,
                    0.26695880866
                  ]
                },
                {
                  "element": 7,
                  "s": [
                    111.11111111,
                    38.429464014,
                    3.654030062,
                    42.139874254,
                    0.49934191475,
                    0.27539951787
                  ]
                },
                {
                  "element": 8,
                  "s": [
                    111.11111111,
                    9.2640523434,
                    -2.0169570843,
                    -2.3952772895,
                    -1.8635693962,
                    -0.073793078409
                  ]
                },
                {
                  "element": 9,
                  "s": [
                    -3.8527784173,
                    -91.754306314,
                    0.23549012768,
                    15.836261278,
                    0.16436600508,
                    -0.10529423403
                  ]
                },
                {
                  "element": 10,
                  "s": [
                    -20.461881463,
                    46.84049085,
                    -11.930010604,
                    -105.68064884,
                    4.2353159848,
                    -1.8787843549
                  ]
                },
                {
                  "element": 11,
                  "s": [
                    35.991267747,
                    -46.84049085,
                    0.6043412449,
                    27.652684495,
                    -4.0630983312,
                    0.62037664828
                  ]
                },
                {
                  "element": 12,
                  "s": [
                    0.90483549154,
                    17.495141953,
                    -1.4139237987,
                    6.8926012555,
                    0.18981704855,
                    -1.4817343401
                  ]
                },
                {
                  "element": 13,
                  "s": [
                    14.919618881,
                    -9.0630963042,
                    0.58104342337,
                    -11.536074072,
                    -2.7420411194e-13,
                    0.50040084759
                  ]
                },
                {
                  "element": 14,
                  "s": [
                    -5.5481456847,
                    0.63105065488,
                    0.22373784124,
                    -0.43667220143,
                    -0.16929614795,
                    0.40416444678
                  ]
                }
              ]
            }
          }
        }
      ]
    }
  ]
}