{
  "meta": {
    "jobname": "resstress1",
    "ccx_version": "2.21-multisolver",
    "solver": "SPOOLES",
    "num_threads": 1,
    "success": true,
    "exit_code": 0,
    "timings": {
      "total_wall_time_s": 0.071684
    },
    "mesh_statistics": {
      "nodes": 261,
      "elements": 32,
      "equations": 720
    }
  },
  "steps": [
    {
      "step_number": 1,
      "type": "STATIC",
      "converged": true,
      "increments": [
        {
          "increment_number": 1,
          "step_time": 1.0,
          "total_time": 0.0,
          "node_sets": {
            "NALLN_U": {
              "set": "NALLN",
              "field": "U",
              "nodes": [
                1,
                261
              ],
              "components": [
                "u1",
                "u2",
                "u3"
              ],
              "values": [
                [
                  0.0,
                  0.0,
                  0.0
                ],
                [
                  6.6589376358e-17,
                  -2.6267981966e-16,
                  0.00010214316056
                ]
              ]
            }
          },
          "element_sets": {
            "EALLE_S": {
              "set": "EALLE",
              "field": "S",
              "components": [
                "sxx",
                "syy",
                "szz",
                "sxy",
                "syz",
                "szx"
              ],
              "values": [
                {
                  "element": 1,
                  "s": [
                    -0.0014245839514,
                    -0.0014245839514,
                    -0.0010161833868,
                    -0.00016210173738,
                    0.00063224267456,
                    0.00063224267465
                  ]
                },
                {
                  "element": 2,
                  "s": [
                    -2.2290814052e-05,
                    -0.00028333580875,
                    0.00022874676301,
                    0.00014313571838,
                    0.0002138092757,
                    0.00041071156483
                  ]
                },
                {
                  "element": 3,
                  "s": [
                    -0.00028333580851,
                    -2.2290813893e-05,
                    0.00022874676463,
                    0.0001431357184,
                    0.00041071156496,
                    0.00021380927572
                  ]
                },
                {
                  "element": 4,
                  "s": [
                    0.00043272818212,
                    0.00043272818204,
                    0.00055868985762,
                    -4.385198491e-05,
                    0.00051848485976,
                    0.00051848485974
                  ]
                },
                {
                  "element": 5,
                  "s": [
                    0.00068619261154,
                    0.00068619261156,
                    0.00074269811301,
                    -0.001053496076,
                    0.00012433079219,
                    0.00012433079217
                  ]
                },
                {
                  "element": 6,
                  "s": [
                    0.0011360393931,
                    0.0018644060712,
                    0.00055002244321,
                    0.00067149609608,
                    7.000373689e-05,
                    -0.001118560608
                  ]
                },
                {
                  "element": 7,
                  "s": [
                    0.0018644060712,
                    0.0011360393932,
                    0.0005500224447,
                    0.00067149609608,
                    -0.001118560608,
                    7.0003736866e-05
                  ]
                },
                {
                  "element": 8,
                  "s": [
                    0.0011903026833,
                    0.0011903026833,
                    -0.0018427430021,
                    -0.00027115475261,
                    0.00041417644013,
                    0.0004141764401
                  ]
                },
                {
                  "element": 9,
                  "s": [
                    -0.0099219344228,
                    -0.0099219344228,
                    -0.0084135425283,
                    -0.0019035830053,
                    0.0046359832873,
                    0.0046359832873
                  ]
                },
                {
                  "element": 10,
                  "s": [
                    -0.0059135956626,
                    -0.0043321355574,
                    0.0020355828549,
                    0.0010774715047,
                    -0.0023154376531,
                    0.00025836741452
                  ]
                },
                {
                  "element": 11,
                  "s": [
                    -0.0043321355574,
                    -0.0059135956626,
                    0.0020355828561,
                    0.0010774715047,
                    0.00025836741454,
                    -0.0023154376531
                  ]
                },
                {
                  "element": 12,
                  "s": [
                    -0.002983051186,
                    -0.002983051186,
                    0.0043423768163,
                    -0.00050064327943,
                    -0.00048149721605,
                    -0.00048149721608
                  ]
                },
                {
                  "element": 13,
                  "s": [
                    0.00045239505758,
                    0.00045239505758,
                    0.00081892097521,
                    -0.008132530085,
                    0.0065038293202,
                    0.0065038293202
                  ]
                },
                {
                  "element": 14,
                  "s": [
                    0.010968994815,
                    0.013226139441,
                    0.0025123611436,
                    0.0054564937471,
                    0.00025917755435,
                    -0.0047176285002
                  ]
                },
                {
                  "element": 15,
                  "s": [
                    0.013226139441,
                    0.010968994815,
                    0.0025123611447,
                    0.0054564937471,
                    -0.0047176285001,
                    0.00025917755432
                  ]
                },
                {
                  "element": 16,
                  "s": [
                    0.017368908235,
                    0.017368908235,
                    -0.0058436432643,
                    -0.0021911283987,
                    0.0025248806797,
                    0.0025248806796
                  ]
                },
                {
                  "element": 17,
                  "s": [
                    -0.19488334948,
                    -0.19488334948,
                    -0.16297910945,
                    0.00086543557597,
                    0.086570752204,
                    0.086570752204
                  ]
                },
                {
                  "element": 18,
                  "s": [
                    -0.12691179436,
                    -0.13361496224,
                    0.00039434833996,
                    -0.0019118854105,
                    -0.039602922578,
                    0.066666836704
                  ]
                },
                {
                  "element": 19,
                  "s": [
                    -0.13361496224,
                    -0.12691179436,
                    0.00039434834087,
                    -0.0019118854105,
                    0.066666836704,
                    -0.039602922578
                  ]
                },
                {
                  "element": 20,
                  "s": [
                    -0.054863852649,
                    -0.054863852649,
                    0.16219041277,
                    0.00013603335358,
                    -0.034199546692,
                    -0.034199546692
                  ]
                },
                {
                  "element": 21,
                  "s": [
                    -0.55127461035,
                    -0.55127461035,
                    -0.47655861812,
                    0.0368228518,
                    0.37309087919,
                    0.37309087919
                  ]
                },
                {
                  "element": 22,
                  "s": [
                    -0.2918695306,
                    -0.37425539224,
                    -0.048839537045,
                    -0.022520154439,
                    -0.11231808938,
                    0.38748960907
                  ]
                },
                {
                  "element": 23,
                  "s": [
                    -0.37425539224,
                    -0.2918695306,
                    -0.048839537044,
                    -0.022520154439,
                    0.38748960907,
                    -0.11231808938
                  ]
                },
                {
                  "element": 24,
                  "s": [
                    -0.040916412236,
                    -0.040916412236,
                    0.57423769221,
                    0.010131078427,
                    -0.1366994961,
                    -0.1366994961
                  ]
                },
                {
                  "element": 25,
                  "s": [
                    -5.137288598,
                    -5.137288598,
                    -3.2163983283,
                    0.32049406353,
                    2.9250096714,
                    2.9250096714
                  ]
                },
                {
                  "element": 26,
                  "s": [
                    -5.1007572859,
                    -4.683657767,
                    -0.077173159942,
                    -0.26000794308,
                    -0.95190604054,
                    3.1818767066
                  ]
                },
                {
                  "element": 27,
                  "s": [
                    -4.683657767,
                    -5.1007572859,
                    -0.077173159942,
                    -0.26000794308,
                    3.1818767066,
                    -0.95190604054
                  ]
                },
                {
                  "element": 28,
                  "s": [
                    -4.2481316704,
                    -4.2481316704,
                    3.3707446482,
                    0.097087764376,
                    -0.99216436899,
                    -0.99216436899
                  ]
                },
                {
                  "element": 29,
                  "s": [
                    -4.0043408386,
                    -4.0043408386,
                    7.376375791,
                    -0.67512341418,
                    -3.2725094087,
                    -3.2725094087
                  ]
                },
                {
                  "element": 30,
                  "s": [
                    -5.8053958392,
                    -5.8992436762,
                    0.23918707058,
                    0.47222103395,
                    1.568744404,
                    -3.4921735505
                  ]
                },
                {
                  "element": 31,
                  "s": [
                    -5.8992436762,
                    -5.8053958392,
                    0.23918707058,
                    0.47222103395,
                    -3.4921735505,
                    1.568744404
                  ]
                },
                {
                  "element": 32,
                  "s": [
                    -8.3046291729,
                    -8.3046291729,
                    -7.8547499321,
                    -0.19057429794,
                    1.6760426404,
                    1.6760426404
                  ]
                }
              ]
            }
          }
        }
      ]
    }
  ]
}