{
  "meta": {
    "jobname": "shell1",
    "ccx_version": "2.21-multisolver",
    "solver": "SPOOLES",
    "num_threads": 1,
    "success": true,
    "exit_code": 0,
    "timings": {
      "total_wall_time_s": 0.027476
    },
    "mesh_statistics": {
      "nodes": 94,
      "elements": 4,
      "equations": 1
    }
  },
  "steps": [
    {
      "step_number": 1,
      "type": "STATIC",
      "converged": true,
      "increments": [
        {
          "increment_number": 1,
          "step_time": 1.0,
          "total_time": 0.0,
          "node_sets": {
            "NALLN_U": {
              "set": "NALLN",
              "field": "U",
              "nodes": [
                1,
                2,
                3,
                4,
                5,
                6,
                7,
                8,
                9,
                10,
                11,
                12,
                13,
                14,
                15,
                16,
                17,
                18,
                19,
                20,
                21
              ],
              "components": [
                "u1",
                "u2",
                "u3"
              ],
              "values": [
                [
                  0.0,
                  0.0,
                  -3.9513799449e-23
                ],
                [
                  0.00045129796692,
                  -0.00054714452566,
                  -0.014837028628
                ],
                [
                  0.00063445884707,
                  2.7581022747e-12,
                  -0.012676485106
                ],
                [
                  0.0,
                  0.0,
                  1.0113814218e-22
                ],
                [
                  0.00027256156098,
                  -0.00042201419044,
                  -0.0059209581035
                ],
                [
                  0.00062044595363,
                  -0.00025565948679,
                  -0.013207255894
                ],
                [
                  0.00041961149592,
                  2.7066659752e-12,
                  -0.0049118316498
                ],
                [
                  0.0,
                  0.0,
                  0.0
                ],
                [
                  0.00045129797531,
                  0.00054714452255,
                  -0.014837028531
                ],
                [
                  0.0,
                  0.0,
                  -4.2210329852e-24
                ],
                [
                  0.00062044595456,
                  0.00025565949306,
                  -0.013207255868
                ],
                [
                  0.00027256156417,
                  0.00042201419101,
                  -0.0059209580631
                ],
                [
                  0.0,
                  0.0,
                  0.0
                ],
                [
                  0.0008098262345,
                  -0.0006164805308,
                  -0.032994121112
                ],
                [
                  0.0013194631448,
                  1.0561147913e-12,
                  -0.028427198482
                ],
                [
                  0.00066733947534,
                  -0.00057293617484,
                  -0.023781751618
                ],
                [
                  0.00097154585019,
                  -0.00032474362265,
                  -0.029963836361
                ],
                [
                  0.00093623942802,
                  2.1849298522e-12,
                  -0.020694843406
                ],
                [
                  0.00080982624619,
                  0.00061648052665,
                  -0.032994120879
                ],
                [
                  0.00097154585426,
                  0.0003247436251,
                  -0.029963836292
                ],
                [
                  0.00066733948612,
                  0.00057293616996,
                  -0.023781751457
                ]
              ]
            },
            "NALLN_NT": {
              "set": "NALLN",
              "field": "NT",
              "nodes": [
                1,
                2,
                3,
                4,
                5,
                6,
                7,
                8,
                9,
                10,
                11,
                12,
                13,
                14,
                15,
                16,
                17,
                18,
                19,
                20,
                21
              ],
              "components": [
                "NT"
              ],
              "values": [
                [
                  0.0
                ],
                [
                  0.0
                ],
                [
                  0.0
                ],
                [
                  0.0
                ],
                [
                  0.0
                ],
                [
                  0.0
                ],
                [
                  0.0
                ],
                [
                  0.0
                ],
                [
                  0.0
                ],
                [
                  0.0
                ],
                [
                  0.0
                ],
                [
                  0.0
                ],
                [
                  0.0
                ],
                [
                  0.0
                ],
                [
                  0.0
                ],
                [
                  0.0
                ],
                [
                  0.0
                ],
                [
                  0.0
                ],
                [
                  0.0
                ],
                [
                  0.0
                ],
                [
                  0.0
                ]
              ]
            },
            "NALLN_RF": {
              "set": "NALLN",
              "field": "RF",
              "nodes": [
                1,
                2,
                3,
                4,
                5,
                6,
                7,
                8,
                9,
                10,
                11,
                12,
                13,
                14,
                15,
                16,
                17,
                18,
                19,
                20,
                21
              ],
              "components": [
                "fx",
                "fy",
                "fz"
              ],
              "values": [
                [
                  0.20228064465,
                  0.46283797728,
                  0.0015730392559
                ],
                [
                  4.8365422018e-05,
                  -1.2215344491e-05,
                  0.0020876462889
                ],
                [
                  0.00010060762161,
                  -1.1293882496e-12,
                  0.0041756426283
                ],
                [
                  -0.31332169286,
                  -1.6437104247e-09,
                  0.0055727420473
                ],
                [
                  -4.7933136941e-07,
                  -1.9432217824e-07,
                  -1.2472764132e-07
                ],
                [
                  -0.00019757197866,
                  4.65791868e-05,
                  -0.0083502300027
                ],
                [
                  -9.1761746873e-07,
                  2.8921309791e-14,
                  -2.3570865019e-07
                ],
                [
                  -0.54502896187,
                  0.12875503795,
                  0.020691919407
                ],
                [
                  4.8365422335e-05,
                  1.2215343326e-05,
                  0.0020876462786
                ],
                [
                  0.20228064591,
                  -0.46283796905,
                  0.0015730386548
                ],
                [
                  -0.00019757197459,
                  -4.6579183717e-05,
                  -0.0083502298783
                ],
                [
                  -4.7933153805e-07,
                  1.943221406e-07,
                  -1.2472764589e-07
                ],
                [
                  -0.54502895835,
                  -0.12875504454,
                  0.020691919866
                ],
                [
                  4.7172615563e-05,
                  -7.6891159607e-06,
                  0.00208795378
                ],
                [
                  1.0001035524,
                  -1.2081342871e-12,
                  0.0041744247694
                ],
                [
                  -0.00020361635605,
                  6.708751694e-05,
                  -0.0083499240539
                ],
                [
                  -0.00019609359665,
                  5.995576824e-05,
                  -0.0083506093835
                ],
                [
                  -0.00038047340471,
                  1.9552970354e-12,
                  -0.016701915157
                ],
                [
                  4.7172615478e-05,
                  7.6891156468e-06,
                  0.0020879537696
                ],
                [
                  -0.00019609359276,
                  -5.9955764815e-05,
                  -0.0083506092591
                ],
                [
                  -0.00020361635058,
                  -6.7087513456e-05,
                  -0.0083499238465
                ]
              ],
              "total": [
                7.9146758591e-16,
                -3.5209465551e-16,
                -6.3907212855e-15
              ]
            }
          },
          "element_sets": {
            "EALLE_S": {
              "set": "EALLE",
              "field": "S",
              "components": [
                "sxx",
                "syy",
                "szz",
                "sxy",
                "syz",
                "szx"
              ],
              "values": [
                {
                  "element": 1,
                  "s": [
                    -91.951121162,
                    -193.22838234,
                    -49.758140094,
                    -88.675304451,
                    -1.7751288425,
                    1.7720566837
                  ]
                },
                {
                  "element": 2,
                  "s": [
                    -8.2832456005,
                    -172.83665807,
                    -43.211964617,
                    18.527949201,
                    -1.9398970577,
                    0.68642337155
                  ]
                },
                {
                  "element": 3,
                  "s": [
                    46.97416675,
                    5.9834428277,
                    6.7939763343,
                    24.942081939,
                    -3.4338780562,
                    -0.70970889854
                  ]
                },
                {
                  "element": 4,
                  "s": [
                    61.247900606,
                    -23.068852132,
                    5.7525598753,
                    -16.27984935,
                    -0.31579669626,
                    2.7254530024
                  ]
                }
              ]
            }
          }
        }
      ]
    }
  ]
}