{
  "meta": {
    "jobname": "simplebeam",
    "ccx_version": "2.21-multisolver",
    "solver": "SPOOLES",
    "num_threads": 1,
    "success": true,
    "exit_code": 0,
    "timings": {
      "total_wall_time_s": 0.007321
    },
    "mesh_statistics": {
      "nodes": 30,
      "elements": 1,
      "equations": 42
    }
  },
  "steps": [
    {
      "step_number": 1,
      "type": "STATIC",
      "converged": true,
      "increments": [
        {
          "increment_number": 1,
          "step_time": 1.0,
          "total_time": 0.0,
          "element_sets": {
            "EALLE_S": {
              "set": "EALLE",
              "field": "S",
              "components": [
                "sxx",
                "syy",
                "szz",
                "sxy",
                "syz",
                "szx"
              ],
              "values": [
                {
                  "element": 1,
                  "s": [
                    -135.51835113,
                    -44.816593204,
                    468.51250656,
                    -44.811034795,
                    -15.999999578,
                    -0.22233552221
                  ]
                }
              ]
            }
          }
        }
      ]
    }
  ]
}