{
  "meta": {
    "jobname": "small_pressure_gradient",
    "ccx_version": "2.21-multisolver",
    "solver": "SPOOLES",
    "num_threads": 1,
    "success": true,
    "exit_code": 0,
    "timings": {
      "total_wall_time_s": 0.005685
    },
    "mesh_statistics": {
      "nodes": 19,
      "elements": 10,
      "equations": 0
    }
  },
  "steps": [
    {
      "step_number": 1,
      "type": "STATIC",
      "converged": true,
      "increments": [
        {
          "increment_number": 1,
          "step_time": 1.0,
          "total_time": 0.0,
          "node_sets": {
            "NALLN_U": {
              "set": "NALLN",
              "field": "U",
              "nodes": [
                1,
                2,
                3,
                4,
                5,
                6,
                7,
                8,
                9,
                10,
                11,
                12,
                13,
                14,
                15,
                16,
                17,
                18,
                19
              ],
              "components": [
                "u1",
                "u2",
                "u3"
              ],
              "values": [
                [
                  0.1000623,
                  0.1,
                  289.23774771
                ],
                [
                  0.1000623,
                  0.1,
                  289.23774771
                ],
                [
                  0.1000623,
                  0.099979911916,
                  289.23612965
                ],
                [
                  0.1000623,
                  0.099959823832,
                  289.23451158
                ],
                [
                  0.1000623,
                  0.099939726349,
                  289.23289062
                ],
                [
                  0.1000623,
                  0.099919628866,
                  289.23126965
                ],
                [
                  0.1000623,
                  0.09989952197,
                  289.22964578
                ],
                [
                  0.1000623,
                  0.099879415074,
                  289.22802191
                ],
                [
                  0.1000623,
                  0.09985929875,
                  289.22639512
                ],
                [
                  0.1000623,
                  0.099839182427,
                  289.22476833
                ],
                [
                  0.1000623,
                  0.099819056663,
                  289.22313861
                ],
                [
                  0.1000623,
                  0.099798930899,
                  289.2215089
                ],
                [
                  0.1000623,
                  0.099778795681,
                  289.21987625
                ],
                [
                  0.1000623,
                  0.099758660462,
                  289.2182436
                ],
                [
                  0.1000623,
                  0.099738515775,
                  289.21660802
                ],
                [
                  0.1000623,
                  0.099718371087,
                  289.21497243
                ],
                [
                  0.1000623,
                  0.099698216917,
                  289.21333389
                ],
                [
                  0.1000623,
                  0.099678062747,
                  289.21169536
                ],
                [
                  0.1000623,
                  0.099678062747,
                  289.21169536
                ]
              ]
            },
            "NALLN_NT": {
              "set": "NALLN",
              "field": "NT",
              "nodes": [
                1,
                2,
                3,
                4,
                5,
                6,
                7,
                8,
                9,
                10,
                11,
                12,
                13,
                14,
                15,
                16,
                17,
                18,
                19
              ],
              "components": [
                "NT"
              ],
              "values": [
                [
                  293.0
                ],
                [
                  293.0
                ],
                [
                  293.0
                ],
                [
                  293.0
                ],
                [
                  293.0
                ],
                [
                  293.0
                ],
                [
                  293.0
                ],
                [
                  293.0
                ],
                [
                  293.0
                ],
                [
                  293.0
                ],
                [
                  293.0
                ],
                [
                  293.0
                ],
                [
                  293.0
                ],
                [
                  293.0
                ],
                [
                  293.0
                ],
                [
                  293.0
                ],
                [
                  293.0
                ],
                [
                  293.0
                ],
                [
                  293.0
                ]
              ]
            }
          }
        }
      ]
    }
  ]
}